Component: ARM Compiler 5.06 update 5 (build 528) Tool: armlink [4d35e2]

==============================================================================

Section Cross References

    ant_advanced_burst.o(i.ant_advanced_burst_bsp_evt_handler) refers to ant_advanced_burst.o(i.burst_data_send) for burst_data_send
    ant_advanced_burst.o(i.ant_advanced_burst_bsp_evt_handler) refers to ant_advanced_burst.o(.data) for .data
    ant_advanced_burst.o(i.ant_advanced_burst_setup) refers to ant_channel_config.o(i.ant_channel_init) for ant_channel_init
    ant_advanced_burst.o(i.ant_advanced_burst_setup) refers to app_error.o(i.app_error_handler_bare) for app_error_handler_bare
    ant_advanced_burst.o(i.ant_advanced_burst_setup) refers to ant_advanced_burst.o(.data) for .data
    ant_advanced_burst.o(i.ant_advanced_burst_setup) refers to ant_advanced_burst.o(.constdata) for .constdata
    ant_advanced_burst.o(i.ant_evt_handler) refers to boards.o(i.bsp_board_led_off) for bsp_board_led_off
    ant_advanced_burst.o(i.ant_evt_handler) refers to boards.o(i.bsp_board_led_on) for bsp_board_led_on
    ant_advanced_burst.o(i.ant_evt_handler) refers to ant_advanced_burst.o(i.burst_data_send) for burst_data_send
    ant_advanced_burst.o(i.ant_evt_handler) refers to ant_advanced_burst.o(i.burst_data_process) for burst_data_process
    ant_advanced_burst.o(i.ant_evt_handler) refers to ant_advanced_burst.o(.data) for .data
    ant_advanced_burst.o(i.burst_data_process) refers to boards.o(i.bsp_board_led_off) for bsp_board_led_off
    ant_advanced_burst.o(i.burst_data_process) refers to boards.o(i.bsp_board_led_on) for bsp_board_led_on
    ant_advanced_burst.o(i.burst_data_process) refers to ant_advanced_burst.o(.data) for .data
    ant_advanced_burst.o(i.burst_data_send) refers to memseta.o(.text) for __aeabi_memclr
    ant_advanced_burst.o(i.burst_data_send) refers to app_error.o(i.app_error_handler_bare) for app_error_handler_bare
    ant_advanced_burst.o(i.burst_data_send) refers to ant_advanced_burst.o(.data) for .data
    ant_advanced_burst.o(i.burst_data_send) refers to ant_advanced_burst.o(.bss) for .bss
    ant_advanced_burst.o(sdh_ant_observers1) refers to ant_advanced_burst.o(i.ant_evt_handler) for ant_evt_handler
    main.o(i.main) refers to app_timer.o(i.app_timer_init) for app_timer_init
    main.o(i.main) refers to app_error.o(i.app_error_handler_bare) for app_error_handler_bare
    main.o(i.main) refers to bsp.o(i.bsp_init) for bsp_init
    main.o(i.main) refers to nrf_pwr_mgmt.o(i.nrf_pwr_mgmt_init) for nrf_pwr_mgmt_init
    main.o(i.main) refers to nrf_sdh.o(i.nrf_sdh_enable_request) for nrf_sdh_enable_request
    main.o(i.main) refers to nrf_sdh_ant.o(i.nrf_sdh_ant_enable) for nrf_sdh_ant_enable
    main.o(i.main) refers to ant_advanced_burst.o(i.ant_advanced_burst_setup) for ant_advanced_burst_setup
    main.o(i.main) refers to nrf_pwr_mgmt.o(i.nrf_pwr_mgmt_run) for nrf_pwr_mgmt_run
    main.o(i.main) refers to ant_advanced_burst.o(i.ant_advanced_burst_bsp_evt_handler) for ant_advanced_burst_bsp_evt_handler
    boards.o(i.bsp_board_button_idx_to_pin) refers to boards.o(.constdata) for .constdata
    boards.o(i.bsp_board_button_state_get) refers to boards.o(.constdata) for .constdata
    boards.o(i.bsp_board_buttons_init) refers to boards.o(i.nrf_gpio_cfg) for nrf_gpio_cfg
    boards.o(i.bsp_board_buttons_init) refers to boards.o(.constdata) for .constdata
    boards.o(i.bsp_board_led_idx_to_pin) refers to boards.o(.constdata) for .constdata
    boards.o(i.bsp_board_led_invert) refers to boards.o(.constdata) for .constdata
    boards.o(i.bsp_board_led_off) refers to boards.o(i.nrf_gpio_pin_write) for nrf_gpio_pin_write
    boards.o(i.bsp_board_led_off) refers to boards.o(.constdata) for .constdata
    boards.o(i.bsp_board_led_on) refers to boards.o(i.nrf_gpio_pin_write) for nrf_gpio_pin_write
    boards.o(i.bsp_board_led_on) refers to boards.o(.constdata) for .constdata
    boards.o(i.bsp_board_led_state_get) refers to boards.o(.constdata) for .constdata
    boards.o(i.bsp_board_leds_init) refers to boards.o(i.nrf_gpio_cfg) for nrf_gpio_cfg
    boards.o(i.bsp_board_leds_init) refers to boards.o(i.bsp_board_leds_off) for bsp_board_leds_off
    boards.o(i.bsp_board_leds_init) refers to boards.o(.constdata) for .constdata
    boards.o(i.bsp_board_leds_off) refers to boards.o(i.bsp_board_led_off) for bsp_board_led_off
    boards.o(i.bsp_board_leds_on) refers to boards.o(i.bsp_board_led_on) for bsp_board_led_on
    boards.o(i.bsp_board_pin_to_button_idx) refers to boards.o(.constdata) for .constdata
    boards.o(i.bsp_board_pin_to_led_idx) refers to boards.o(.constdata) for .constdata
    bsp.o(i.alert_timer_handler) refers to boards.o(i.bsp_board_led_invert) for bsp_board_led_invert
    bsp.o(i.bsp_button_event_handler) refers to boards.o(i.bsp_board_pin_to_button_idx) for bsp_board_pin_to_button_idx
    bsp.o(i.bsp_button_event_handler) refers to app_timer.o(i.app_timer_start) for app_timer_start
[...]
    nrf_strerror.o(i.nrf_strerror_get) refers to nrf_strerror.o(.constdata) for .constdata
    nrf_strerror.o(.constdata) refers to nrf_strerror.o(.conststring) for .conststring
    nrf_sdh.o(i.SWI2_EGU2_IRQHandler) refers to nrf_sdh.o(i.nrf_sdh_evts_poll) for nrf_sdh_evts_poll
    nrf_sdh.o(i.nrf_sdh_disable_request) refers to nrf_sdh.o(i.sdh_request_observer_notify) for sdh_request_observer_notify
    nrf_sdh.o(i.nrf_sdh_disable_request) refers to nrf_sdh.o(i.sdh_state_observer_notify) for sdh_state_observer_notify
    nrf_sdh.o(i.nrf_sdh_disable_request) refers to nrf_sdh.o(i.softdevice_evt_irq_disable) for softdevice_evt_irq_disable
    nrf_sdh.o(i.nrf_sdh_disable_request) refers to nrf_sdh.o(.data) for .data
    nrf_sdh.o(i.nrf_sdh_enable_request) refers to nrf_sdh.o(i.sdh_request_observer_notify) for sdh_request_observer_notify
    nrf_sdh.o(i.nrf_sdh_enable_request) refers to nrf_sdh.o(i.sdh_state_observer_notify) for sdh_state_observer_notify
    nrf_sdh.o(i.nrf_sdh_enable_request) refers to nrf_sdh.o(i.sd_nvic_SetPriority) for sd_nvic_SetPriority
    nrf_sdh.o(i.nrf_sdh_enable_request) refers to app_error.o(i.app_error_handler_bare) for app_error_handler_bare
    nrf_sdh.o(i.nrf_sdh_enable_request) refers to nrf_sdh.o(i.softdevices_evt_irq_enable) for softdevices_evt_irq_enable
    nrf_sdh.o(i.nrf_sdh_enable_request) refers to nrf_sdh.o(.data) for .data
    nrf_sdh.o(i.nrf_sdh_enable_request) refers to nrf_sdh.o(.constdata) for .constdata
    nrf_sdh.o(i.nrf_sdh_enable_request) refers to app_error_weak.o(i.app_error_fault_handler) for app_error_fault_handler
    nrf_sdh.o(i.nrf_sdh_evts_poll) refers to nrf_section_iter.o(i.nrf_section_iter_init) for nrf_section_iter_init
    nrf_sdh.o(i.nrf_sdh_evts_poll) refers to nrf_section_iter.o(i.nrf_section_iter_next) for nrf_section_iter_next
    nrf_sdh.o(i.nrf_sdh_evts_poll) refers to nrf_sdh.o(.constdata) for .constdata
    nrf_sdh.o(i.nrf_sdh_is_enabled) refers to nrf_sdh.o(.data) for .data
    nrf_sdh.o(i.nrf_sdh_is_suspended) refers to nrf_sdh.o(.data) for .data
    nrf_sdh.o(i.nrf_sdh_request_continue) refers to nrf_sdh.o(i.nrf_sdh_disable_request) for nrf_sdh_disable_request
    nrf_sdh.o(i.nrf_sdh_request_continue) refers to nrf_sdh.o(i.nrf_sdh_enable_request) for nrf_sdh_enable_request
    nrf_sdh.o(i.nrf_sdh_request_continue) refers to nrf_sdh.o(.data) for .data
    nrf_sdh.o(i.nrf_sdh_resume) refers to nrf_sdh.o(i.__sd_nvic_app_accessible_irq) for __sd_nvic_app_accessible_irq
    nrf_sdh.o(i.nrf_sdh_resume) refers to app_error.o(i.app_error_handler_bare) for app_error_handler_bare
    nrf_sdh.o(i.nrf_sdh_resume) refers to nrf_sdh.o(i.softdevices_evt_irq_enable) for softdevices_evt_irq_enable
    nrf_sdh.o(i.nrf_sdh_resume) refers to nrf_sdh.o(.data) for .data
    nrf_sdh.o(i.nrf_sdh_suspend) refers to nrf_sdh.o(i.softdevice_evt_irq_disable) for softdevice_evt_irq_disable
    nrf_sdh.o(i.nrf_sdh_suspend) refers to nrf_sdh.o(.data) for .data
    nrf_sdh.o(i.sd_nvic_SetPriority) refers to nrf_sdh.o(i.__sd_nvic_app_accessible_irq) for __sd_nvic_app_accessible_irq
    nrf_sdh.o(i.sd_nvic_SetPriority) refers to nrf_sdh.o(i.__sd_nvic_is_app_accessible_priority) for __sd_nvic_is_app_accessible_priority
    nrf_sdh.o(i.sdh_request_observer_notify) refers to nrf_section_iter.o(i.nrf_section_iter_init) for nrf_section_iter_init
    nrf_sdh.o(i.sdh_request_observer_notify) refers to nrf_section_iter.o(i.nrf_section_iter_next) for nrf_section_iter_next
    nrf_sdh.o(i.sdh_request_observer_notify) refers to nrf_sdh.o(.constdata) for .constdata
    nrf_sdh.o(i.sdh_state_observer_notify) refers to nrf_section_iter.o(i.nrf_section_iter_init) for nrf_section_iter_init
    nrf_sdh.o(i.sdh_state_observer_notify) refers to nrf_section_iter.o(i.nrf_section_iter_next) for nrf_section_iter_next
    nrf_sdh.o(i.sdh_state_observer_notify) refers to nrf_sdh.o(.constdata) for .constdata
    nrf_sdh.o(i.softdevice_evt_irq_disable) refers to nrf_sdh.o(i.__sd_nvic_app_accessible_irq) for __sd_nvic_app_accessible_irq
    nrf_sdh.o(i.softdevice_evt_irq_disable) refers to app_error.o(i.app_error_handler_bare) for app_error_handler_bare
    nrf_sdh.o(i.softdevice_evt_irq_disable) refers to app_util_platform.o(.bss) for nrf_nvic_state
    nrf_sdh.o(i.softdevices_evt_irq_enable) refers to nrf_sdh.o(i.__sd_nvic_app_accessible_irq) for __sd_nvic_app_accessible_irq
    nrf_sdh.o(i.softdevices_evt_irq_enable) refers to nrf_sdh.o(i.__sd_nvic_is_app_accessible_priority) for __sd_nvic_is_app_accessible_priority
    nrf_sdh.o(i.softdevices_evt_irq_enable) refers to app_error.o(i.app_error_handler_bare) for app_error_handler_bare
    nrf_sdh.o(i.softdevices_evt_irq_enable) refers to app_util_platform.o(.bss) for nrf_nvic_state
    nrf_sdh.o(.constdata) refers to nrf_sdh.o(.constdata) for sdh_req_observers_array
    nrf_sdh.o(.constdata) refers to nrf_sdh.o(.constdata) for sdh_state_observers_array
    nrf_sdh.o(.constdata) refers to nrf_sdh.o(.constdata) for sdh_stack_observers_array
    nrf_sdh_ant.o(i.nrf_sdh_ant_enable) refers to nrf_sdh_ant.o(.constdata) for .constdata
    nrf_sdh_ant.o(i.nrf_sdh_ant_evts_poll) refers to app_error.o(i.app_error_handler_bare) for app_error_handler_bare
    nrf_sdh_ant.o(i.nrf_sdh_ant_evts_poll) refers to nrf_section_iter.o(i.nrf_section_iter_init) for nrf_section_iter_init
    nrf_sdh_ant.o(i.nrf_sdh_ant_evts_poll) refers to nrf_section_iter.o(i.nrf_section_iter_next) for nrf_section_iter_next
    nrf_sdh_ant.o(i.nrf_sdh_ant_evts_poll) refers to nrf_sdh_ant.o(.constdata) for .constdata
    nrf_sdh_ant.o(.constdata) refers to nrf_sdh_ant.o(.constdata) for sdh_ant_observers_array
    nrf_sdh_ant.o(.constdata) refers to nrf_sdh_ant.o(.bss) for m_ant_stack_buffer
    nrf_sdh_ant.o(sdh_stack_observers0) refers to nrf_sdh_ant.o(i.nrf_sdh_ant_evts_poll) for nrf_sdh_ant_evts_poll
    nrf_sdh_soc.o(i.nrf_sdh_soc_evts_poll) refers to app_error.o(i.app_error_handler_bare) for app_error_handler_bare
    nrf_sdh_soc.o(i.nrf_sdh_soc_evts_poll) refers to nrf_section_iter.o(i.nrf_section_iter_init) for nrf_section_iter_init
    nrf_sdh_soc.o(i.nrf_sdh_soc_evts_poll) refers to nrf_section_iter.o(i.nrf_section_iter_next) for nrf_section_iter_next
    nrf_sdh_soc.o(i.nrf_sdh_soc_evts_poll) refers to nrf_sdh_soc.o(.constdata) for .constdata
    nrf_sdh_soc.o(.constdata) refers to nrf_sdh_soc.o(.constdata) for sdh_soc_observers_array
    nrf_sdh_soc.o(sdh_stack_observers0) refers to nrf_sdh_soc.o(i.nrf_sdh_soc_evts_poll) for nrf_sdh_soc_evts_poll
    arm_startup_nrf52.o(RESET) refers to arm_startup_nrf52.o(STACK) for __initial_sp
    arm_startup_nrf52.o(RESET) refers to arm_startup_nrf52.o(.text) for Reset_Handler
    arm_startup_nrf52.o(RESET) refers to hardfault_handler_keil.o(.emb_text) for HardFault_Handler
    arm_startup_nrf52.o(RESET) refers to nrf_drv_gpiote.o(i.GPIOTE_IRQHandler) for GPIOTE_IRQHandler
    arm_startup_nrf52.o(RESET) refers to app_timer.o(i.RTC1_IRQHandler) for RTC1_IRQHandler
    arm_startup_nrf52.o(RESET) refers to app_timer.o(i.SWI0_EGU0_IRQHandler) for SWI0_EGU0_IRQHandler
    arm_startup_nrf52.o(RESET) refers to nrf_sdh.o(i.SWI2_EGU2_IRQHandler) for SWI2_EGU2_IRQHandler
    arm_startup_nrf52.o(.text) refers to system_nrf52.o(i.SystemInit) for SystemInit
    arm_startup_nrf52.o(.text) refers to entry.o(.ARM.Collect$$$$00000000) for __main
    system_nrf52.o(i.SystemCoreClockUpdate) refers to system_nrf52.o(.data) for .data
    system_nrf52.o(i.SystemInit) refers to system_nrf52.o(.data) for .data
    entry.o(.ARM.Collect$$$$00000000) refers (Special) to entry10a.o(.ARM.Collect$$$$0000000D) for __rt_final_cpp
    entry.o(.ARM.Collect$$$$00000000) refers (Special) to entry11a.o(.ARM.Collect$$$$0000000F) for __rt_final_exit
    entry.o(.ARM.Collect$$$$00000000) refers (Special) to entry7b.o(.ARM.Collect$$$$00000008) for _main_clock
    entry.o(.ARM.Collect$$$$00000000) refers (Special) to entry8b.o(.ARM.Collect$$$$0000000A) for _main_cpp_init
    entry.o(.ARM.Collect$$$$00000000) refers (Special) to entry9a.o(.ARM.Collect$$$$0000000B) for _main_init
    entry.o(.ARM.Collect$$$$00000000) refers (Special) to entry5.o(.ARM.Collect$$$$00000004) for _main_scatterload
    entry.o(.ARM.Collect$$$$00000000) refers (Special) to entry2.o(.ARM.Collect$$$$00000001) for _main_stk
    uldiv.o(.text) refers to llushr.o(.text) for __aeabi_llsr
    uldiv.o(.text) refers to llshl.o(.text) for __aeabi_llsl
    entry2.o(.ARM.Collect$$$$00000001) refers to entry2.o(.ARM.Collect$$$$00002712) for __lit__00000000
    entry2.o(.ARM.Collect$$$$00002712) refers to arm_startup_nrf52.o(STACK) for __initial_sp
    entry2.o(__vectab_stack_and_reset_area) refers to arm_startup_nrf52.o(STACK) for __initial_sp
    entry2.o(__vectab_stack_and_reset_area) refers to entry.o(.ARM.Collect$$$$00000000) for __main
    entry5.o(.ARM.Collect$$$$00000004) refers to init.o(.text) for __scatterload
    entry9a.o(.ARM.Collect$$$$0000000B) refers to main.o(i.main) for main
    entry9b.o(.ARM.Collect$$$$0000000C) refers to main.o(i.main) for main
    init.o(.text) refers to entry5.o(.ARM.Collect$$$$00000004) for __main_after_scatterload


==============================================================================

Removing Unused input sections from the image.

    Removing ant_advanced_burst.o(.rev16_text), (4 bytes).
    Removing ant_advanced_burst.o(.revsh_text), (4 bytes).
    Removing ant_advanced_burst.o(.rrx_text), (6 bytes).
    Removing main.o(.rev16_text), (4 bytes).
    Removing main.o(.revsh_text), (4 bytes).
    Removing main.o(.rrx_text), (6 bytes).
    Removing boards.o(.rev16_text), (4 bytes).
    Removing boards.o(.revsh_text), (4 bytes).
    Removing boards.o(.rrx_text), (6 bytes).
    Removing boards.o(i.bsp_board_button_idx_to_pin), (12 bytes).
    Removing boards.o(i.bsp_board_button_state_get), (32 bytes).
    Removing boards.o(i.bsp_board_buttons_init), (36 bytes).
    Removing boards.o(i.bsp_board_led_idx_to_pin), (12 bytes).
    Removing boards.o(i.bsp_board_pin_to_led_idx), (36 bytes).
    Removing bsp.o(.rev16_text), (4 bytes).
    Removing bsp.o(.revsh_text), (4 bytes).
    Removing bsp.o(.rrx_text), (6 bytes).
    Removing bsp.o(i.bsp_button_is_pressed), (4 bytes).
    Removing bsp.o(i.bsp_buttons_disable), (4 bytes).
    Removing bsp.o(i.bsp_buttons_enable), (4 bytes).
    Removing bsp.o(i.bsp_indication_set), (24 bytes).
    Removing bsp.o(i.bsp_wakeup_button_disable), (16 bytes).
    Removing bsp.o(i.bsp_wakeup_button_enable), (16 bytes).
    Removing bsp.o(i.nrf_gpio_cfg_sense_set), (34 bytes).
    Removing bsp_nfc.o(.rev16_text), (4 bytes).
    Removing bsp_nfc.o(.revsh_text), (4 bytes).
    Removing bsp_nfc.o(.rrx_text), (6 bytes).
    Removing bsp_nfc.o(i.bsp_nfc_btn_deinit), (8 bytes).
    Removing bsp_nfc.o(i.bsp_nfc_btn_init), (8 bytes).
    Removing bsp_nfc.o(i.bsp_nfc_sleep_mode_prepare), (48 bytes).
    Removing ant_channel_config.o(.rev16_text), (4 bytes).
    Removing ant_channel_config.o(.revsh_text), (4 bytes).
    Removing ant_channel_config.o(.rrx_text), (6 bytes).
    Removing ant_stack_config.o(.rev16_text), (4 bytes).
    Removing ant_stack_config.o(.revsh_text), (4 bytes).
    Removing ant_stack_config.o(.rrx_text), (6 bytes).
    Removing ant_stack_config.o(i.ant_stack_static_config), (20 bytes).
    Removing ant_stack_config.o(.bss), (128 bytes).
    Removing ant_stack_config.o(.constdata), (12 bytes).
    Removing nrf_drv_common.o(.rev16_text), (4 bytes).
    Removing nrf_drv_common.o(.revsh_text), (4 bytes).
    Removing nrf_drv_common.o(.rrx_text), (6 bytes).
    Removing nrf_drv_gpiote.o(.rev16_text), (4 bytes).
    Removing nrf_drv_gpiote.o(.revsh_text), (4 bytes).
    Removing nrf_drv_gpiote.o(.rrx_text), (6 bytes).
    Removing nrf_drv_gpiote.o(i.nrf_drv_gpiote_clr_task_addr_get), (24 bytes).
    Removing nrf_drv_gpiote.o(i.nrf_drv_gpiote_clr_task_trigger), (28 bytes).
    Removing nrf_drv_gpiote.o(i.nrf_drv_gpiote_in_event_addr_get), (40 bytes).
    Removing nrf_drv_gpiote.o(i.nrf_drv_gpiote_in_event_disable), (72 bytes).
    Removing nrf_drv_gpiote.o(i.nrf_drv_gpiote_in_uninit), (72 bytes).
    Removing nrf_drv_gpiote.o(i.nrf_drv_gpiote_out_clear), (14 bytes).
    Removing nrf_drv_gpiote.o(i.nrf_drv_gpiote_out_init), (184 bytes).
    Removing nrf_drv_gpiote.o(i.nrf_drv_gpiote_out_set), (14 bytes).
    Removing nrf_drv_gpiote.o(i.nrf_drv_gpiote_out_task_addr_get), (20 bytes).
    Removing nrf_drv_gpiote.o(i.nrf_drv_gpiote_out_task_disable), (36 bytes).
    Removing nrf_drv_gpiote.o(i.nrf_drv_gpiote_out_task_enable), (36 bytes).
    Removing nrf_drv_gpiote.o(i.nrf_drv_gpiote_out_task_force), (40 bytes).
    Removing nrf_drv_gpiote.o(i.nrf_drv_gpiote_out_task_trigger), (24 bytes).
    Removing nrf_drv_gpiote.o(i.nrf_drv_gpiote_out_toggle), (28 bytes).
    Removing nrf_drv_gpiote.o(i.nrf_drv_gpiote_out_uninit), (68 bytes).
    Removing nrf_drv_gpiote.o(i.nrf_drv_gpiote_set_task_addr_get), (24 bytes).
    Removing nrf_drv_gpiote.o(i.nrf_drv_gpiote_set_task_trigger), (28 bytes).
    Removing nrf_drv_gpiote.o(i.nrf_drv_gpiote_uninit), (56 bytes).
    Removing nrf_drv_gpiote.o(i.nrf_gpio_cfg_default), (18 bytes).
    Removing nrf_drv_gpiote.o(.constdata), (20 bytes).
    Removing nrf_drv_gpiote.o(.constdata), (24 bytes).
    Removing nrf_drv_gpiote.o(.constdata), (23 bytes).
    Removing app_button.o(.rev16_text), (4 bytes).
    Removing app_button.o(.revsh_text), (4 bytes).
    Removing app_button.o(.rrx_text), (6 bytes).
    Removing app_button.o(i.app_button_disable), (48 bytes).
    Removing app_button.o(i.app_button_is_pushed), (36 bytes).
    Removing app_error.o(.rev16_text), (4 bytes).
    Removing app_error.o(.revsh_text), (4 bytes).
    Removing app_error.o(.rrx_text), (6 bytes).
    Removing app_error.o(i.app_error_handler), (24 bytes).
    Removing app_error.o(i.app_error_save_and_stop), (100 bytes).
    Removing app_error.o(.bss), (32 bytes).
    Removing app_error_weak.o(.rev16_text), (4 bytes).
    Removing app_error_weak.o(.revsh_text), (4 bytes).
    Removing app_error_weak.o(.rrx_text), (6 bytes).
    Removing app_scheduler.o(.rev16_text), (4 bytes).
    Removing app_scheduler.o(.revsh_text), (4 bytes).
    Removing app_scheduler.o(.rrx_text), (6 bytes).
    Removing app_scheduler.o(i.app_sched_event_put), (160 bytes).
    Removing app_scheduler.o(i.app_sched_execute), (64 bytes).
    Removing app_scheduler.o(i.app_sched_init), (44 bytes).
    Removing app_scheduler.o(i.app_sched_queue_space_get), (36 bytes).
    Removing app_scheduler.o(.data), (16 bytes).
    Removing app_timer.o(.rev16_text), (4 bytes).
    Removing app_timer.o(.revsh_text), (4 bytes).
    Removing app_timer.o(.rrx_text), (6 bytes).
    Removing app_timer.o(i.app_timer_cnt_diff_compute), (8 bytes).
    Removing app_timer.o(i.app_timer_cnt_get), (12 bytes).
    Removing app_timer.o(i.app_timer_pause), (12 bytes).
    Removing app_timer.o(i.app_timer_resume), (12 bytes).
    Removing app_timer.o(i.app_timer_stop_all), (24 bytes).
    Removing app_util_platform.o(.rev16_text), (4 bytes).
    Removing app_util_platform.o(.revsh_text), (4 bytes).
    Removing app_util_platform.o(.rrx_text), (6 bytes).
    Removing app_util_platform.o(i.app_util_disable_irq), (16 bytes).
    Removing app_util_platform.o(i.app_util_enable_irq), (20 bytes).
    Removing app_util_platform.o(i.current_int_priority_get), (48 bytes).
    Removing app_util_platform.o(i.privilege_level_get), (26 bytes).
    Removing app_util_platform.o(.data), (4 bytes).
    Removing hardfault_handler_keil.o(.rev16_text), (4 bytes).
    Removing hardfault_handler_keil.o(.revsh_text), (4 bytes).
    Removing hardfault_handler_keil.o(.rrx_text), (6 bytes).
    Removing hardfault_implementation.o(.rev16_text), (4 bytes).
    Removing hardfault_implementation.o(.revsh_text), (4 bytes).
    Removing hardfault_implementation.o(.rrx_text), (6 bytes).
    Removing nrf_assert.o(.rev16_text), (4 bytes).
    Removing nrf_assert.o(.revsh_text), (4 bytes).
    Removing nrf_assert.o(.rrx_text), (6 bytes).
    Removing nrf_assert.o(i.assert_nrf_callback), (22 bytes).
    Removing nrf_balloc.o(.rev16_text), (4 bytes).
    Removing nrf_balloc.o(.revsh_text), (4 bytes).
    Removing nrf_balloc.o(.rrx_text), (6 bytes).
    Removing nrf_balloc.o(i.nrf_balloc_alloc), (68 bytes).
    Removing nrf_balloc.o(i.nrf_balloc_free), (48 bytes).
    Removing nrf_balloc.o(i.nrf_balloc_init), (48 bytes).
    Removing nrf_memobj.o(.rev16_text), (4 bytes).
    Removing nrf_memobj.o(.revsh_text), (4 bytes).
    Removing nrf_memobj.o(.rrx_text), (6 bytes).
    Removing nrf_memobj.o(.emb_text), (154 bytes).
    Removing nrf_memobj.o(i.memobj_op), (118 bytes).
    Removing nrf_memobj.o(i.nrf_memobj_alloc), (96 bytes).
    Removing nrf_memobj.o(i.nrf_memobj_free), (50 bytes).
    Removing nrf_memobj.o(i.nrf_memobj_get), (14 bytes).
    Removing nrf_memobj.o(i.nrf_memobj_pool_init), (4 bytes).
    Removing nrf_memobj.o(i.nrf_memobj_put), (34 bytes).
    Removing nrf_memobj.o(i.nrf_memobj_read), (12 bytes).
    Removing nrf_memobj.o(i.nrf_memobj_write), (12 bytes).
    Removing nrf_pwr_mgmt.o(.rev16_text), (4 bytes).
    Removing nrf_pwr_mgmt.o(.revsh_text), (4 bytes).
    Removing nrf_pwr_mgmt.o(.rrx_text), (6 bytes).
    Removing nrf_pwr_mgmt.o(.emb_text), (154 bytes).
    Removing nrf_pwr_mgmt.o(i.nrf_pwr_mgmt_feed), (2 bytes).
    Removing nrf_pwr_mgmt.o(i.nrf_pwr_mgmt_shutdown), (64 bytes).
    Removing nrf_pwr_mgmt.o(i.shutdown_process), (112 bytes).
    Removing nrf_section_iter.o(.rev16_text), (4 bytes).
    Removing nrf_section_iter.o(.revsh_text), (4 bytes).
    Removing nrf_section_iter.o(.rrx_text), (6 bytes).
    Removing nrf_strerror.o(.rev16_text), (4 bytes).
    Removing nrf_strerror.o(.revsh_text), (4 bytes).
    Removing nrf_strerror.o(.rrx_text), (6 bytes).
    Removing nrf_strerror.o(i.nrf_strerror_find), (56 bytes).
    Removing nrf_strerror.o(i.nrf_strerror_get), (20 bytes).
    Removing nrf_strerror.o(.constdata), (260 bytes).
    Removing nrf_strerror.o(.conststring), (776 bytes).
    Removing nrf_log_frontend.o(.rev16_text), (4 bytes).
    Removing nrf_log_frontend.o(.revsh_text), (4 bytes).
    Removing nrf_log_frontend.o(.rrx_text), (6 bytes).
    Removing nrf_sdh.o(.rev16_text), (4 bytes).
    Removing nrf_sdh.o(.revsh_text), (4 bytes).
    Removing nrf_sdh.o(.rrx_text), (6 bytes).
    Removing nrf_sdh.o(i.nrf_sdh_disable_request), (60 bytes).
    Removing nrf_sdh.o(i.nrf_sdh_is_suspended), (20 bytes).
    Removing nrf_sdh.o(i.nrf_sdh_request_continue), (28 bytes).
    Removing nrf_sdh.o(i.nrf_sdh_resume), (56 bytes).
    Removing nrf_sdh.o(i.nrf_sdh_suspend), (24 bytes).
    Removing nrf_sdh.o(i.softdevice_evt_irq_disable), (56 bytes).
    Removing nrf_sdh_ant.o(.rev16_text), (4 bytes).
    Removing nrf_sdh_ant.o(.revsh_text), (4 bytes).
    Removing nrf_sdh_ant.o(.rrx_text), (6 bytes).
    Removing nrf_sdh_soc.o(.rev16_text), (4 bytes).
    Removing nrf_sdh_soc.o(.revsh_text), (4 bytes).
    Removing nrf_sdh_soc.o(.rrx_text), (6 bytes).
    Removing arm_startup_nrf52.o(HEAP), (8192 bytes).
    Removing system_nrf52.o(.rev16_text), (4 bytes).
    Removing system_nrf52.o(.revsh_text), (4 bytes).
    Removing system_nrf52.o(.rrx_text), (6 bytes).
    Removing system_nrf52.o(i.SystemCoreClockUpdate), (16 bytes).

173 unused section(s) (total 13057 bytes) removed from the image.

==============================================================================

Image Symbol Table

    Local Symbols

    Symbol Name                              Value     Ov Type        Size  Object(Section)

    ../clib/microlib/division.c              0x00000000   Number         0  uldiv.o ABSOLUTE
    ../clib/microlib/init/entry.s            0x00000000   Number         0  entry8a.o ABSOLUTE
    ../clib/microlib/init/entry.s            0x00000000   Number         0  entry2.o ABSOLUTE
    ../clib/microlib/init/entry.s            0x00000000   Number         0  entry5.o ABSOLUTE
    ../clib/microlib/init/entry.s            0x00000000   Number         0  entry7a.o ABSOLUTE
    ../clib/microlib/init/entry.s            0x00000000   Number         0  entry7b.o ABSOLUTE
    ../clib/microlib/init/entry.s            0x00000000   Number         0  entry.o ABSOLUTE
    ../clib/microlib/init/entry.s            0x00000000   Number         0  entry8b.o ABSOLUTE
    ../clib/microlib/init/entry.s            0x00000000   Number         0  entry9a.o ABSOLUTE
    ../clib/microlib/init/entry.s            0x00000000   Number         0  entry10b.o ABSOLUTE
    ../clib/microlib/init/entry.s            0x00000000   Number         0  entry9b.o ABSOLUTE
    ../clib/microlib/init/entry.s            0x00000000   Number         0  entry11a.o ABSOLUTE
    ../clib/microlib/init/entry.s            0x00000000   Number         0  entry11b.o ABSOLUTE
    ../clib/microlib/init/entry.s            0x00000000   Number         0  entry10a.o ABSOLUTE
    ../clib/microlib/longlong.c              0x00000000   Number         0  llshl.o ABSOLUTE
    ../clib/microlib/longlong.c              0x00000000   Number         0  llushr.o ABSOLUTE
    ../clib/microlib/string/memcpy.c         0x00000000   Number         0  memcpyb.o ABSOLUTE
    ../clib/microlib/string/memcpy.c         0x00000000   Number         0  memcpya.o ABSOLUTE
    ../clib/microlib/string/memset.c         0x00000000   Number         0  memseta.o ABSOLUTE
    ..\..\..\..\..\..\components\ant\ant_channel_config\ant_channel_config.c 0x00000000   Number         0  ant_channel_config.o ABSOLUTE
    ..\..\..\..\..\..\components\ant\ant_stack_config\ant_stack_config.c 0x00000000   Number         0  ant_stack_config.o ABSOLUTE
    ..\..\..\..\..\..\components\boards\boards.c 0x00000000   Number         0  boards.o ABSOLUTE
    ..\..\..\..\..\..\components\drivers_nrf\common\nrf_drv_common.c 0x00000000   Number         0  nrf_drv_common.o ABSOLUTE
    ..\..\..\..\..\..\components\drivers_nrf\gpiote\nrf_drv_gpiote.c 0x00000000   Number         0  nrf_drv_gpiote.o ABSOLUTE
    ..\..\..\..\..\..\components\libraries\balloc\nrf_balloc.c 0x00000000   Number         0  nrf_balloc.o ABSOLUTE
    ..\..\..\..\..\..\components\libraries\bsp\bsp.c 0x00000000   Number         0  bsp.o ABSOLUTE
    ..\..\..\..\..\..\components\libraries\bsp\bsp_nfc.c 0x00000000   Number         0  bsp_nfc.o ABSOLUTE
    ..\..\..\..\..\..\components\libraries\button\app_button.c 0x00000000   Number         0  app_button.o ABSOLUTE
    ..\..\..\..\..\..\components\libraries\experimental_log\src\nrf_log_frontend.c 0x00000000   Number         0  nrf_log_frontend.o ABSOLUTE
    ..\..\..\..\..\..\components\libraries\experimental_memobj\nrf_memobj.c 0x00000000   Number         0  nrf_memobj.o ABSOLUTE
    ..\..\..\..\..\..\components\libraries\experimental_section_vars\nrf_section_iter.c 0x00000000   Number         0  nrf_section_iter.o ABSOLUTE
    ..\..\..\..\..\..\components\libraries\hardfault\hardfault_implementation.c 0x00000000   Number         0  hardfault_implementation.o ABSOLUTE
    ..\..\..\..\..\..\components\libraries\hardfault\nrf52\handler\hardfault_handler_keil.c 0x00000000   Number         0  hardfault_handler_keil.o ABSOLUTE
    ..\..\..\..\..\..\components\libraries\pwr_mgmt\nrf_pwr_mgmt.c 0x00000000   Number         0  nrf_pwr_mgmt.o ABSOLUTE
    ..\..\..\..\..\..\components\libraries\scheduler\app_scheduler.c 0x00000000   Number         0  app_scheduler.o ABSOLUTE
    ..\..\..\..\..\..\components\libraries\strerror\nrf_strerror.c 0x00000000   Number         0  nrf_strerror.o ABSOLUTE
    ..\..\..\..\..\..\components\libraries\timer\app_timer.c 0x00000000   Number         0  app_timer.o ABSOLUTE
    ..\..\..\..\..\..\components\libraries\util\app_error.c 0x00000000   Number         0  app_error.o ABSOLUTE
    ..\..\..\..\..\..\components\libraries\util\app_error_weak.c 0x00000000   Number         0  app_error_weak.o ABSOLUTE
    ..\..\..\..\..\..\components\libraries\util\app_util_platform.c 0x00000000   Number         0  app_util_platform.o ABSOLUTE
    ..\..\..\..\..\..\components\libraries\util\nrf_assert.c 0x00000000   Number         0  nrf_assert.o ABSOLUTE
    ..\..\..\..\..\..\components\softdevice\common\nrf_sdh.c 0x00000000   Number         0  nrf_sdh.o ABSOLUTE
    ..\..\..\..\..\..\components\softdevice\common\nrf_sdh_ant.c 0x00000000   Number         0  nrf_sdh_ant.o ABSOLUTE
    ..\..\..\..\..\..\components\softdevice\common\nrf_sdh_soc.c 0x00000000   Number         0  nrf_sdh_soc.o ABSOLUTE
    ..\..\..\ant_advanced_burst.c            0x00000000   Number         0  ant_advanced_burst.o ABSOLUTE
    ..\..\..\main.c                          0x00000000   Number         0  main.o ABSOLUTE
    ..\\..\\..\\..\\..\\..\\components\\ant\\ant_channel_config\\ant_channel_config.c 0x00000000   Number         0  ant_channel_config.o ABSOLUTE
    ..\\..\\..\\..\\..\\..\\components\\ant\\ant_stack_config\\ant_stack_config.c 0x00000000   Number         0  ant_stack_config.o ABSOLUTE
    ..\\..\\..\\..\\..\\..\\components\\boards\\boards.c 0x00000000   Number         0  boards.o ABSOLUTE
    ..\\..\\..\\..\\..\\..\\components\\drivers_nrf\\common\\nrf_drv_common.c 0x00000000   Number         0  nrf_drv_common.o ABSOLUTE
    ..\\..\\..\\..\\..\\..\\components\\drivers_nrf\\gpiote\\nrf_drv_gpiote.c 0x00000000   Number         0  nrf_drv_gpiote.o ABSOLUTE
    ..\\..\\..\\..\\..\\..\\components\\libraries\\balloc\\nrf_balloc.c 0x00000000   Number         0  nrf_balloc.o ABSOLUTE
    ..\\..\\..\\..\\..\\..\\components\\libraries\\bsp\\bsp.c 0x00000000   Number         0  bsp.o ABSOLUTE
    ..\\..\\..\\..\\..\\..\\components\\libraries\\bsp\\bsp_nfc.c 0x00000000   Number         0  bsp_nfc.o ABSOLUTE
    ..\\..\\..\\..\\..\\..\\components\\libraries\\button\\app_button.c 0x00000000   Number         0  app_button.o ABSOLUTE
    ..\\..\\..\\..\\..\\..\\components\\libraries\\experimental_log\\src\\nrf_log_frontend.c 0x00000000   Number         0  nrf_log_frontend.o ABSOLUTE
    ..\\..\\..\\..\\..\\..\\components\\libraries\\experimental_memobj\\nrf_memobj.c 0x00000000   Number         0  nrf_memobj.o ABSOLUTE
    ..\\..\\..\\..\\..\\..\\components\\libraries\\experimental_section_vars\\nrf_section_iter.c 0x00000000   Number         0  nrf_section_iter.o ABSOLUTE
    ..\\..\\..\\..\\..\\..\\components\\libraries\\hardfault\\hardfault_implementation.c 0x00000000   Number         0  hardfault_implementation.o ABSOLUTE
    ..\\..\\..\\..\\..\\..\\components\\libraries\\hardfault\\nrf52\\handler\\hardfault_handler_keil.c 0x00000000   Number         0  hardfault_handler_keil.o ABSOLUTE
    ..\\..\\..\\..\\..\\..\\components\\libraries\\pwr_mgmt\\nrf_pwr_mgmt.c 0x00000000   Number         0  nrf_pwr_mgmt.o ABSOLUTE
    ..\\..\\..\\..\\..\\..\\components\\libraries\\scheduler\\app_scheduler.c 0x00000000   Number         0  app_scheduler.o ABSOLUTE
    ..\\..\\..\\..\\..\\..\\components\\libraries\\strerror\\nrf_strerror.c 0x00000000   Number         0  nrf_strerror.o ABSOLUTE
    ..\\..\\..\\..\\..\\..\\components\\libraries\\timer\\app_timer.c 0x00000000   Number         0  app_timer.o ABSOLUTE
    ..\\..\\..\\..\\..\\..\\components\\libraries\\util\\app_error.c 0x00000000   Number         0  app_error.o ABSOLUTE
    ..\\..\\..\\..\\..\\..\\components\\libraries\\util\\app_error_weak.c 0x00000000   Number         0  app_error_weak.o ABSOLUTE
    ..\\..\\..\\..\\..\\..\\components\\libraries\\util\\app_util_platform.c 0x00000000   Number         0  app_util_platform.o ABSOLUTE
    ..\\..\\..\\..\\..\\..\\components\\libraries\\util\\nrf_assert.c 0x00000000   Number         0  nrf_assert.o ABSOLUTE
    ..\\..\\..\\..\\..\\..\\components\\softdevice\\common\\nrf_sdh.c 0x00000000   Number         0  nrf_sdh.o ABSOLUTE
    ..\\..\\..\\..\\..\\..\\components\\softdevice\\common\\nrf_sdh_ant.c 0x00000000   Number         0  nrf_sdh_ant.o ABSOLUTE
    ..\\..\\..\\..\\..\\..\\components\\softdevice\\common\\nrf_sdh_soc.c 0x00000000   Number         0  nrf_sdh_soc.o ABSOLUTE
    ..\\..\\..\\ant_advanced_burst.c         0x00000000   Number         0  ant_advanced_burst.o ABSOLUTE
    ..\\..\\..\\main.c                       0x00000000   Number         0  main.o ABSOLUTE
    RTE\Device\nRF52832_xxAA\arm_startup_nrf52.s 0x00000000   Number         0  arm_startup_nrf52.o ABSOLUTE
    RTE\Device\nRF52832_xxAA\system_nrf52.c  0x00000000   Number         0  system_nrf52.o ABSOLUTE
    RTE\\Device\\nRF52832_xxAA\\system_nrf52.c 0x00000000   Number         0  system_nrf52.o ABSOLUTE
    dc.s                                     0x00000000   Number         0  dc.o ABSOLUTE
    handlers.s                               0x00000000   Number         0  handlers.o ABSOLUTE
    init.s                                   0x00000000   Number         0  init.o ABSOLUTE
    RESET                                    0x00012000   Section      512  arm_startup_nrf52.o(RESET)
    .ARM.Collect$$$$00000000                 0x00012200   Section        0  entry.o(.ARM.Collect$$$$00000000)
    .ARM.Collect$$$$00000001                 0x00012200   Section        4  entry2.o(.ARM.Collect$$$$00000001)
    .ARM.Collect$$$$00000004                 0x00012204   Section        4  entry5.o(.ARM.Collect$$$$00000004)
    .ARM.Collect$$$$00000008                 0x00012208   Section        0  entry7b.o(.ARM.Collect$$$$00000008)
    .ARM.Collect$$$$0000000A                 0x00012208   Section        0  entry8b.o(.ARM.Collect$$$$0000000A)
    .ARM.Collect$$$$0000000B                 0x00012208   Section        8  entry9a.o(.ARM.Collect$$$$0000000B)
    .ARM.Collect$$$$0000000D                 0x00012210   Section        0  entry10a.o(.ARM.Collect$$$$0000000D)
    .ARM.Collect$$$$0000000F                 0x00012210   Section        0  entry11a.o(.ARM.Collect$$$$0000000F)
    .ARM.Collect$$$$00002712                 0x00012210   Section        4  entry2.o(.ARM.Collect$$$$00002712)
    __lit__00000000                          0x00012210   Data           4  entry2.o(.ARM.Collect$$$$00002712)
    .emb_text                                0x00012214   Section       52  hardfault_handler_keil.o(.emb_text)
    $v0                                      0x00012214   Number         0  hardfault_handler_keil.o(.emb_text)
    .text                                    0x00012248   Section       36  arm_startup_nrf52.o(.text)
    $v0                                      0x00012248   Number         0  arm_startup_nrf52.o(.text)
    .text                                    0x0001226c   Section        0  uldiv.o(.text)
    .text                                    0x000122ce   Section        0  memseta.o(.text)
    .text                                    0x000122f2   Section        0  llshl.o(.text)
    .text                                    0x00012310   Section        0  llushr.o(.text)
    .text                                    0x00012330   Section       36  init.o(.text)
    i.GPIOTE_IRQHandler                      0x00012354   Section        0  nrf_drv_gpiote.o(i.GPIOTE_IRQHandler)
    i.HardFault_c_handler                    0x000124c8   Section        0  hardfault_implementation.o(i.HardFault_c_handler)
    i.HardFault_process                      0x000124cc   Section        0  hardfault_implementation.o(i.HardFault_process)
    i.NVIC_ClearPendingIRQ                   0x000124f0   Section        0  app_timer.o(i.NVIC_ClearPendingIRQ)
    NVIC_ClearPendingIRQ                     0x000124f1   Thumb Code    22  app_timer.o(i.NVIC_ClearPendingIRQ)
    i.NVIC_EnableIRQ                         0x00012506   Section        0  app_timer.o(i.NVIC_EnableIRQ)
    NVIC_EnableIRQ                           0x00012507   Thumb Code    22  app_timer.o(i.NVIC_EnableIRQ)
    i.NVIC_SetPendingIRQ                     0x0001251c   Section        0  app_timer.o(i.NVIC_SetPendingIRQ)
    NVIC_SetPendingIRQ                       0x0001251d   Thumb Code    22  app_timer.o(i.NVIC_SetPendingIRQ)
    i.NVIC_SetPriority                       0x00012532   Section        0  app_timer.o(i.NVIC_SetPriority)
    NVIC_SetPriority                         0x00012533   Thumb Code    32  app_timer.o(i.NVIC_SetPriority)
    i.RTC1_IRQHandler                        0x00012554   Section        0  app_timer.o(i.RTC1_IRQHandler)
    i.SWI0_EGU0_IRQHandler                   0x00012578   Section        0  app_timer.o(i.SWI0_EGU0_IRQHandler)
    i.SWI2_EGU2_IRQHandler                   0x0001257c   Section        0  nrf_sdh.o(i.SWI2_EGU2_IRQHandler)
    i.SystemInit                             0x00012580   Section        0  system_nrf52.o(i.SystemInit)
    i.__scatterload_copy                     0x00012818   Section       14  handlers.o(i.__scatterload_copy)
    i.__scatterload_null                     0x00012826   Section        2  handlers.o(i.__scatterload_null)
    i.__scatterload_zeroinit                 0x00012828   Section       14  handlers.o(i.__scatterload_zeroinit)
    i.__sd_nvic_app_accessible_irq           0x00012838   Section        0  nrf_sdh.o(i.__sd_nvic_app_accessible_irq)
    __sd_nvic_app_accessible_irq             0x00012839   Thumb Code    32  nrf_sdh.o(i.__sd_nvic_app_accessible_irq)
    i.__sd_nvic_is_app_accessible_priority   0x0001285c   Section        0  nrf_sdh.o(i.__sd_nvic_is_app_accessible_priority)
    __sd_nvic_is_app_accessible_priority     0x0001285d   Thumb Code    22  nrf_sdh.o(i.__sd_nvic_is_app_accessible_priority)
    i.alert_timer_handler                    0x00012872   Section        0  bsp.o(i.alert_timer_handler)
    alert_timer_handler                      0x00012873   Thumb Code     6  bsp.o(i.alert_timer_handler)
    i.ant_advanced_burst_bsp_evt_handler     0x00012878   Section        0  ant_advanced_burst.o(i.ant_advanced_burst_bsp_evt_handler)
    i.ant_advanced_burst_setup               0x00012894   Section        0  ant_advanced_burst.o(i.ant_advanced_burst_setup)
    i.ant_channel_init                       0x000128f8   Section        0  ant_channel_config.o(i.ant_channel_init)
    i.ant_evt_handler                        0x00012934   Section        0  ant_advanced_burst.o(i.ant_evt_handler)
    ant_evt_handler                          0x00012935   Thumb Code   240  ant_advanced_burst.o(i.ant_evt_handler)
    i.app_button_enable                      0x00012a28   Section        0  app_button.o(i.app_button_enable)
    i.app_button_init                        0x00012a4c   Section        0  app_button.o(i.app_button_init)
    i.app_error_fault_handler                0x00012abc   Section        0  app_error_weak.o(i.app_error_fault_handler)
    i.app_error_handler_bare                 0x00012aec   Section        0  app_error.o(i.app_error_handler_bare)
    i.app_timer_create                       0x00012b04   Section        0  app_timer.o(i.app_timer_create)
    i.app_timer_init                         0x00012b28   Section        0  app_timer.o(i.app_timer_init)
    i.app_timer_start                        0x00012b7c   Section        0  app_timer.o(i.app_timer_start)
    i.app_timer_stop                         0x00012c04   Section        0  app_timer.o(i.app_timer_stop)
    i.app_util_critical_region_enter         0x00012c24   Section        0  app_util_platform.o(i.app_util_critical_region_enter)
    i.app_util_critical_region_exit          0x00012c6c   Section        0  app_util_platform.o(i.app_util_critical_region_exit)
    i.bsp_board_led_invert                   0x00012ca0   Section        0  boards.o(i.bsp_board_led_invert)
    i.bsp_board_led_off                      0x00012cc4   Section        0  boards.o(i.bsp_board_led_off)
    i.bsp_board_led_on                       0x00012cd4   Section        0  boards.o(i.bsp_board_led_on)
    i.bsp_board_led_state_get                0x00012ce4   Section        0  boards.o(i.bsp_board_led_state_get)
    i.bsp_board_leds_init                    0x00012d04   Section        0  boards.o(i.bsp_board_leds_init)
    i.bsp_board_leds_off                     0x00012d30   Section        0  boards.o(i.bsp_board_leds_off)
    i.bsp_board_leds_on                      0x00012d42   Section        0  boards.o(i.bsp_board_leds_on)
    i.bsp_board_pin_to_button_idx            0x00012d54   Section        0  boards.o(i.bsp_board_pin_to_button_idx)
    i.bsp_button_event_handler               0x00012d78   Section        0  bsp.o(i.bsp_button_event_handler)
    bsp_button_event_handler                 0x00012d79   Thumb Code   132  bsp.o(i.bsp_button_event_handler)
    i.bsp_event_to_button_action_assign      0x00012e08   Section        0  bsp.o(i.bsp_event_to_button_action_assign)
    i.bsp_init                               0x00012e4c   Section        0  bsp.o(i.bsp_init)
    i.bsp_led_indication                     0x00012ee0   Section        0  bsp.o(i.bsp_led_indication)
    bsp_led_indication                       0x00012ee1   Thumb Code   432  bsp.o(i.bsp_led_indication)
    i.burst_data_process                     0x00013098   Section        0  ant_advanced_burst.o(i.burst_data_process)
    burst_data_process                       0x00013099   Thumb Code    42  ant_advanced_burst.o(i.burst_data_process)
    i.burst_data_send                        0x000130c8   Section        0  ant_advanced_burst.o(i.burst_data_send)
    burst_data_send                          0x000130c9   Thumb Code    88  ant_advanced_burst.o(i.burst_data_send)
    i.button_timer_handler                   0x00013128   Section        0  bsp.o(i.button_timer_handler)
    button_timer_handler                     0x00013129   Thumb Code     8  bsp.o(i.button_timer_handler)
    i.channel_free                           0x00013130   Section        0  nrf_drv_gpiote.o(i.channel_free)
    channel_free                             0x00013131   Thumb Code    22  nrf_drv_gpiote.o(i.channel_free)
    i.channel_port_alloc                     0x0001314c   Section        0  nrf_drv_gpiote.o(i.channel_port_alloc)
    channel_port_alloc                       0x0001314d   Thumb Code    66  nrf_drv_gpiote.o(i.channel_port_alloc)
    i.channel_port_get                       0x00013194   Section        0  nrf_drv_gpiote.o(i.channel_port_get)
    channel_port_get                         0x00013195   Thumb Code    10  nrf_drv_gpiote.o(i.channel_port_get)
    i.compare_reg_update                     0x000131a4   Section        0  app_timer.o(i.compare_reg_update)
    compare_reg_update                       0x000131a5   Thumb Code   160  app_timer.o(i.compare_reg_update)
    i.detection_delay_timeout_handler        0x00013250   Section        0  app_button.o(i.detection_delay_timeout_handler)
    detection_delay_timeout_handler          0x00013251   Thumb Code    92  app_button.o(i.detection_delay_timeout_handler)
    i.elapsed_ticks_acquire                  0x000132b0   Section        0  app_timer.o(i.elapsed_ticks_acquire)
    elapsed_ticks_acquire                    0x000132b1   Thumb Code    58  app_timer.o(i.elapsed_ticks_acquire)
    i.gpiote_event_handler                   0x000132f0   Section        0  app_button.o(i.gpiote_event_handler)
    gpiote_event_handler                     0x000132f1   Thumb Code    78  app_button.o(i.gpiote_event_handler)
    i.leds_off                               0x00013348   Section        0  bsp.o(i.leds_off)
    leds_off                                 0x00013349   Thumb Code    42  bsp.o(i.leds_off)
    i.leds_timer_handler                     0x00013378   Section        0  bsp.o(i.leds_timer_handler)
    leds_timer_handler                       0x00013379   Thumb Code    16  bsp.o(i.leds_timer_handler)
    i.list_insertions_handler                0x0001338c   Section        0  app_timer.o(i.list_insertions_handler)
    list_insertions_handler                  0x0001338d   Thumb Code   234  app_timer.o(i.list_insertions_handler)
    i.main                                   0x00013484   Section        0  main.o(i.main)
    i.nrf_bitmask_bit_is_set                 0x000134cc   Section        0  nrf_drv_gpiote.o(i.nrf_bitmask_bit_is_set)
    nrf_bitmask_bit_is_set                   0x000134cd   Thumb Code    16  nrf_drv_gpiote.o(i.nrf_bitmask_bit_is_set)
    i.nrf_delay_us                           0x000134dc   Section        0  app_timer.o(i.nrf_delay_us)
    nrf_delay_us                             0x000134dd   Thumb Code   132  app_timer.o(i.nrf_delay_us)
    i.nrf_drv_common_irq_enable              0x00013568   Section        0  nrf_drv_common.o(i.nrf_drv_common_irq_enable)
    i.nrf_drv_gpiote_in_event_enable         0x000135a0   Section        0  nrf_drv_gpiote.o(i.nrf_drv_gpiote_in_event_enable)
    i.nrf_drv_gpiote_in_init                 0x00013644   Section        0  nrf_drv_gpiote.o(i.nrf_drv_gpiote_in_init)
    i.nrf_drv_gpiote_in_is_set               0x000136fc   Section        0  nrf_drv_gpiote.o(i.nrf_drv_gpiote_in_is_set)
    i.nrf_drv_gpiote_init                    0x00013710   Section        0  nrf_drv_gpiote.o(i.nrf_drv_gpiote_init)
    i.nrf_drv_gpiote_is_init                 0x0001376c   Section        0  nrf_drv_gpiote.o(i.nrf_drv_gpiote_is_init)
    i.nrf_gpio_cfg                           0x00013780   Section        0  boards.o(i.nrf_gpio_cfg)
    nrf_gpio_cfg                             0x00013781   Thumb Code    36  boards.o(i.nrf_gpio_cfg)
    i.nrf_gpio_cfg                           0x000137a4   Section        0  nrf_drv_gpiote.o(i.nrf_gpio_cfg)
    nrf_gpio_cfg                             0x000137a5   Thumb Code    36  nrf_drv_gpiote.o(i.nrf_gpio_cfg)
    i.nrf_gpio_cfg_sense_set                 0x000137c8   Section        0  nrf_drv_gpiote.o(i.nrf_gpio_cfg_sense_set)
    nrf_gpio_cfg_sense_set                   0x000137c9   Thumb Code    34  nrf_drv_gpiote.o(i.nrf_gpio_cfg_sense_set)
    i.nrf_gpio_pin_write                     0x000137ea   Section        0  boards.o(i.nrf_gpio_pin_write)
    nrf_gpio_pin_write                       0x000137eb   Thumb Code    22  boards.o(i.nrf_gpio_pin_write)
    i.nrf_gpio_ports_read                    0x00013800   Section        0  nrf_drv_gpiote.o(i.nrf_gpio_ports_read)
    nrf_gpio_ports_read                      0x00013801   Thumb Code    34  nrf_drv_gpiote.o(i.nrf_gpio_ports_read)
    i.nrf_gpiote_event_clear                 0x00013828   Section        0  nrf_drv_gpiote.o(i.nrf_gpiote_event_clear)
    nrf_gpiote_event_clear                   0x00013829   Thumb Code    16  nrf_drv_gpiote.o(i.nrf_gpiote_event_clear)
    i.nrf_gpiote_event_is_set                0x0001383c   Section        0  nrf_drv_gpiote.o(i.nrf_gpiote_event_is_set)
    nrf_gpiote_event_is_set                  0x0001383d   Thumb Code    12  nrf_drv_gpiote.o(i.nrf_gpiote_event_is_set)
    i.nrf_pwr_mgmt_init                      0x0001384c   Section        0  nrf_pwr_mgmt.o(i.nrf_pwr_mgmt_init)
    i.nrf_pwr_mgmt_run                       0x00013874   Section        0  nrf_pwr_mgmt.o(i.nrf_pwr_mgmt_run)
    i.nrf_sdh_ant_enable                     0x000138b8   Section        0  nrf_sdh_ant.o(i.nrf_sdh_ant_enable)
    i.nrf_sdh_ant_evts_poll                  0x000138cc   Section        0  nrf_sdh_ant.o(i.nrf_sdh_ant_evts_poll)
    nrf_sdh_ant_evts_poll                    0x000138cd   Thumb Code    70  nrf_sdh_ant.o(i.nrf_sdh_ant_evts_poll)
    i.nrf_sdh_enable_request                 0x00013918   Section        0  nrf_sdh.o(i.nrf_sdh_enable_request)
    i.nrf_sdh_evts_poll                      0x000139b0   Section        0  nrf_sdh.o(i.nrf_sdh_evts_poll)
    i.nrf_sdh_is_enabled                     0x000139d4   Section        0  nrf_sdh.o(i.nrf_sdh_is_enabled)
    i.nrf_sdh_soc_evts_poll                  0x000139e0   Section        0  nrf_sdh_soc.o(i.nrf_sdh_soc_evts_poll)
    nrf_sdh_soc_evts_poll                    0x000139e1   Thumb Code    56  nrf_sdh_soc.o(i.nrf_sdh_soc_evts_poll)
    i.nrf_section_iter_init                  0x00013a1c   Section        0  nrf_section_iter.o(i.nrf_section_iter_init)
    i.nrf_section_iter_item_set              0x00013a26   Section        0  nrf_section_iter.o(i.nrf_section_iter_item_set)
    nrf_section_iter_item_set                0x00013a27   Thumb Code    36  nrf_section_iter.o(i.nrf_section_iter_item_set)
    i.nrf_section_iter_next                  0x00013a4a   Section        0  nrf_section_iter.o(i.nrf_section_iter_next)
    i.pin_in_use_by_port                     0x00013a6c   Section        0  nrf_drv_gpiote.o(i.pin_in_use_by_port)
    pin_in_use_by_port                       0x00013a6d   Thumb Code    20  nrf_drv_gpiote.o(i.pin_in_use_by_port)
    i.pin_in_use_by_te                       0x00013a84   Section        0  nrf_drv_gpiote.o(i.pin_in_use_by_te)
    pin_in_use_by_te                         0x00013a85   Thumb Code    20  nrf_drv_gpiote.o(i.pin_in_use_by_te)
    i.rtc1_stop                              0x00013a9c   Section        0  app_timer.o(i.rtc1_stop)
    rtc1_stop                                0x00013a9d   Thumb Code    52  app_timer.o(i.rtc1_stop)
    i.sd_nvic_SetPriority                    0x00013ad8   Section        0  nrf_sdh.o(i.sd_nvic_SetPriority)
    sd_nvic_SetPriority                      0x00013ad9   Thumb Code    66  nrf_sdh.o(i.sd_nvic_SetPriority)
    i.sdh_request_observer_notify            0x00013b1c   Section        0  nrf_sdh.o(i.sdh_request_observer_notify)
    sdh_request_observer_notify              0x00013b1d   Thumb Code    44  nrf_sdh.o(i.sdh_request_observer_notify)
    i.sdh_state_observer_notify              0x00013b4c   Section        0  nrf_sdh.o(i.sdh_state_observer_notify)
    sdh_state_observer_notify                0x00013b4d   Thumb Code    38  nrf_sdh.o(i.sdh_state_observer_notify)
    i.softdevices_evt_irq_enable             0x00013b78   Section        0  nrf_sdh.o(i.softdevices_evt_irq_enable)
    softdevices_evt_irq_enable               0x00013b79   Thumb Code    72  nrf_sdh.o(i.softdevices_evt_irq_enable)
    i.timer_list_handler                     0x00013bc8   Section        0  app_timer.o(i.timer_list_handler)
    timer_list_handler                       0x00013bc9   Thumb Code   122  app_timer.o(i.timer_list_handler)
    i.timer_list_insert                      0x00013c48   Section        0  app_timer.o(i.timer_list_insert)
    timer_list_insert                        0x00013c49   Thumb Code    56  app_timer.o(i.timer_list_insert)
    i.timer_list_remove                      0x00013c84   Section        0  app_timer.o(i.timer_list_remove)
    timer_list_remove                        0x00013c85   Thumb Code    88  app_timer.o(i.timer_list_remove)
    i.timer_stop_op_schedule                 0x00013ce4   Section        0  app_timer.o(i.timer_stop_op_schedule)
    timer_stop_op_schedule                   0x00013ce5   Thumb Code    68  app_timer.o(i.timer_stop_op_schedule)
    i.timer_timeouts_check                   0x00013d2c   Section        0  app_timer.o(i.timer_timeouts_check)
    timer_timeouts_check                     0x00013d2d   Thumb Code   106  app_timer.o(i.timer_timeouts_check)
    i.user_op_alloc                          0x00013da0   Section        0  app_timer.o(i.user_op_alloc)
    user_op_alloc                            0x00013da1   Thumb Code    42  app_timer.o(i.user_op_alloc)
    .constdata                               0x00013dd0   Section       12  ant_advanced_burst.o(.constdata)
    .constdata                               0x00013ddc   Section        8  boards.o(.constdata)
    m_board_led_list                         0x00013ddc   Data           4  boards.o(.constdata)
    m_board_btn_list                         0x00013de0   Data           4  boards.o(.constdata)
    .constdata                               0x00013de4   Section       44  bsp.o(.constdata)
    m_leds_timer_id                          0x00013de4   Data           4  bsp.o(.constdata)
    m_alert_timer_id                         0x00013de8   Data           4  bsp.o(.constdata)
    m_button_timer_id                        0x00013dec   Data           4  bsp.o(.constdata)
    app_buttons                              0x00013df0   Data          32  bsp.o(.constdata)
    .constdata                               0x00013e10   Section        4  nrf_drv_gpiote.o(.constdata)
    .constdata                               0x00013e14   Section        8  app_button.o(.constdata)
    m_detection_delay_timer_id               0x00013e14   Data           4  app_button.o(.constdata)
    .constdata                               0x00013e1c   Section       24  nrf_pwr_mgmt.o(.constdata)
    pwr_mgmt_data_array                      0x00013e1c   Data          24  nrf_pwr_mgmt.o(.constdata)
    .constdata                               0x00013e34   Section       12  nrf_pwr_mgmt.o(.constdata)
    pwr_mgmt_data                            0x00013e34   Data          12  nrf_pwr_mgmt.o(.constdata)
    .constdata                               0x00013e40   Section       16  nrf_sdh.o(.constdata)
    sdh_req_observers_array                  0x00013e40   Data          16  nrf_sdh.o(.constdata)
    .constdata                               0x00013e50   Section       40  nrf_sdh.o(.constdata)
    sdh_req_observers                        0x00013e54   Data          12  nrf_sdh.o(.constdata)
    sdh_state_observers                      0x00013e60   Data          12  nrf_sdh.o(.constdata)
    sdh_stack_observers                      0x00013e6c   Data          12  nrf_sdh.o(.constdata)
    .constdata                               0x00013e78   Section       16  nrf_sdh.o(.constdata)
    sdh_state_observers_array                0x00013e78   Data          16  nrf_sdh.o(.constdata)
    .constdata                               0x00013e88   Section       16  nrf_sdh.o(.constdata)
    sdh_stack_observers_array                0x00013e88   Data          16  nrf_sdh.o(.constdata)
    .constdata                               0x00013e98   Section       16  nrf_sdh_ant.o(.constdata)
    sdh_ant_observers_array                  0x00013e98   Data          16  nrf_sdh_ant.o(.constdata)
    .constdata                               0x00013ea8   Section       24  nrf_sdh_ant.o(.constdata)
    sdh_ant_observers                        0x00013ea8   Data          12  nrf_sdh_ant.o(.constdata)
    .constdata                               0x00013ec0   Section       16  nrf_sdh_soc.o(.constdata)
    sdh_soc_observers_array                  0x00013ec0   Data          16  nrf_sdh_soc.o(.constdata)
    .constdata                               0x00013ed0   Section       12  nrf_sdh_soc.o(.constdata)
    sdh_soc_observers                        0x00013ed0   Data          12  nrf_sdh_soc.o(.constdata)
    sdh_ant_observers1                       0x00013efc   Section        8  ant_advanced_burst.o(sdh_ant_observers1)
    __tagsym$$used                           0x00013efc   Number         0  ant_advanced_burst.o(sdh_ant_observers1)
    m_ant_observer                           0x00013efc   Data           8  ant_advanced_burst.o(sdh_ant_observers1)
    sdh_stack_observers0                     0x00013f04   Section        8  nrf_sdh_ant.o(sdh_stack_observers0)
    __tagsym$$used                           0x00013f04   Number         0  nrf_sdh_ant.o(sdh_stack_observers0)
    m_nrf_sdh_ant_evts_poll                  0x00013f04   Data           8  nrf_sdh_ant.o(sdh_stack_observers0)
    sdh_stack_observers0                     0x00013f0c   Section        8  nrf_sdh_soc.o(sdh_stack_observers0)
    __tagsym$$used                           0x00013f0c   Number         0  nrf_sdh_soc.o(sdh_stack_observers0)
    m_nrf_sdh_soc_evts_poll                  0x00013f0c   Data           8  nrf_sdh_soc.o(sdh_stack_observers0)
    .data                                    0x20000b80   Section        8  ant_advanced_burst.o(.data)
    m_sequence_number                        0x20000b80   Data           1  ant_advanced_burst.o(.data)
    m_counter                                0x20000b81   Data           1  ant_advanced_burst.o(.data)
    m_burst_rx                               0x20000b82   Data           1  ant_advanced_burst.o(.data)
    m_bytes                                  0x20000b84   Data           4  ant_advanced_burst.o(.data)
    .data                                    0x20000b88   Section       16  bsp.o(.data)
    m_stable_state                           0x20000b88   Data           1  bsp.o(.data)
    m_leds_clear                             0x20000b89   Data           1  bsp.o(.data)
    m_alert_on                               0x20000b8a   Data           1  bsp.o(.data)
    current_long_push_pin_no                 0x20000b8b   Data           1  bsp.o(.data)
    m_indication_type                        0x20000b8c   Data           4  bsp.o(.data)
    m_registered_callback                    0x20000b90   Data           4  bsp.o(.data)
    release_event_at_push                    0x20000b94   Data           4  bsp.o(.data)
    .data                                    0x20000b98   Section       20  app_button.o(.data)
    m_button_count                           0x20000b98   Data           1  app_button.o(.data)
    mp_buttons                               0x20000b9c   Data           4  app_button.o(.data)
    m_detection_delay                        0x20000ba0   Data           4  app_button.o(.data)
    m_pin_state                              0x20000ba4   Data           4  app_button.o(.data)
    m_pin_transition                         0x20000ba8   Data           4  app_button.o(.data)
    .data                                    0x20000bac   Section       20  app_timer.o(.data)
    m_ticks_elapsed_q_read_ind               0x20000bac   Data           1  app_timer.o(.data)
    m_ticks_elapsed_q_write_ind              0x20000bad   Data           1  app_timer.o(.data)
    m_rtc1_running                           0x20000bae   Data           1  app_timer.o(.data)
    m_rtc1_reset                             0x20000baf   Data           1  app_timer.o(.data)
    mp_timer_id_head                         0x20000bb0   Data           4  app_timer.o(.data)
    m_ticks_latest                           0x20000bb4   Data           4  app_timer.o(.data)
    m_ticks_elapsed                          0x20000bb8   Data           8  app_timer.o(.data)
    .data                                    0x20000bc0   Section        8  nrf_pwr_mgmt.o(.data)
    m_pwr_mgmt_evt                           0x20000bc0   Data           1  nrf_pwr_mgmt.o(.data)
    m_shutdown_started                       0x20000bc1   Data           1  nrf_pwr_mgmt.o(.data)
    m_sysoff_mtx                             0x20000bc4   Data           4  nrf_pwr_mgmt.o(.data)
    .data                                    0x20000bc8   Section        3  nrf_sdh.o(.data)
    m_nrf_sdh_enabled                        0x20000bc8   Data           1  nrf_sdh.o(.data)
    m_nrf_sdh_suspended                      0x20000bc9   Data           1  nrf_sdh.o(.data)
    m_nrf_sdh_continue                       0x20000bca   Data           1  nrf_sdh.o(.data)
    .data                                    0x20000bcc   Section        4  system_nrf52.o(.data)
    __tagsym$$used                           0x20000bcc   Number         0  system_nrf52.o(.data)
    .bss                                     0x20000bd0   Section      128  ant_advanced_burst.o(.bss)
    m_burst_data                             0x20000bd0   Data         128  ant_advanced_burst.o(.bss)
    .bss                                     0x20000c50   Section       32  bsp.o(.bss)
    m_leds_timer_id_data                     0x20000c50   Data          32  bsp.o(.bss)
    .bss                                     0x20000c70   Section       32  bsp.o(.bss)
    m_alert_timer_id_data                    0x20000c70   Data          32  bsp.o(.bss)
    .bss                                     0x20000c90   Section       12  bsp.o(.bss)
    m_events_list                            0x20000c90   Data          12  bsp.o(.bss)
    .bss                                     0x20000c9c   Section       32  bsp.o(.bss)
    m_button_timer_id_data                   0x20000c9c   Data          32  bsp.o(.bss)
    .bss                                     0x20000cbc   Section       88  nrf_drv_gpiote.o(.bss)
    m_cb                                     0x20000cbc   Data          88  nrf_drv_gpiote.o(.bss)
    .bss                                     0x20000d14   Section       32  app_button.o(.bss)
    m_detection_delay_timer_id_data          0x20000d14   Data          32  app_button.o(.bss)
    .bss                                     0x20000d34   Section      268  app_timer.o(.bss)
    m_op_queue                               0x20000d34   Data         268  app_timer.o(.bss)
    .bss                                     0x20000e40   Section       12  app_util_platform.o(.bss)
    .bss                                     0x20000e4c   Section       12  nrf_pwr_mgmt.o(.bss)
    m_handlers_iter                          0x20000e4c   Data          12  nrf_pwr_mgmt.o(.bss)
    .bss                                     0x20000e58   Section      128  nrf_sdh_ant.o(.bss)
    m_ant_stack_buffer                       0x20000e58   Data         128  nrf_sdh_ant.o(.bss)
    STACK                                    0x20000ed8   Section     8192  arm_startup_nrf52.o(STACK)

    Global Symbols

    Symbol Name                              Value     Ov Type        Size  Object(Section)

    BuildAttributes$$THM_ISAv4$E$P$D$K$B$S$7EM$VFPi3$EXTD16$VFPS$VFMA$PE$A:L22UL41UL21$X:L11$S22US41US21$IEEE1$IW$USESV6$~STKCKD$USESV7$~SHL$OSPACE$EBA8$MICROLIB$REQ8$PRES8$EABIv2 0x00000000   Number         0  anon$$obj.o ABSOLUTE
    __ARM_use_no_argv                        0x00000000   Number         0  main.o ABSOLUTE
    __cpp_initialize__aeabi_                  - Undefined Weak Reference
    __cxa_finalize                            - Undefined Weak Reference
    __decompress                              - Undefined Weak Reference
    _clock_init                               - Undefined Weak Reference
    _microlib_exit                            - Undefined Weak Reference
    pwr_mgmt_data0$$Base                      - Undefined Reference
    pwr_mgmt_data0$$Limit                     - Undefined Reference
    pwr_mgmt_data1$$Base                      - Undefined Reference
    pwr_mgmt_data1$$Limit                     - Undefined Reference
    pwr_mgmt_data2$$Base                      - Undefined Reference
    pwr_mgmt_data2$$Limit                     - Undefined Reference
    sdh_ant_observers0$$Base                  - Undefined Reference
    sdh_ant_observers0$$Limit                 - Undefined Reference
    sdh_req_observers0$$Base                  - Undefined Reference
    sdh_req_observers0$$Limit                 - Undefined Reference
    sdh_req_observers1$$Base                  - Undefined Reference
    sdh_req_observers1$$Limit                 - Undefined Reference
    sdh_soc_observers0$$Base                  - Undefined Reference
    sdh_soc_observers0$$Limit                 - Undefined Reference
    sdh_soc_observers1$$Base                  - Undefined Reference
    sdh_soc_observers1$$Limit                 - Undefined Reference
    sdh_stack_observers1$$Base                - Undefined Reference
    sdh_stack_observers1$$Limit               - Undefined Reference
    sdh_state_observers0$$Base                - Undefined Reference
    sdh_state_observers0$$Limit               - Undefined Reference
    sdh_state_observers1$$Base                - Undefined Reference
    sdh_state_observers1$$Limit               - Undefined Reference
    __Vectors_Size                           0x00000200   Number         0  arm_startup_nrf52.o ABSOLUTE
    __Vectors                                0x00012000   Data           4  arm_startup_nrf52.o(RESET)
    __Vectors_End                            0x00012200   Data           0  arm_startup_nrf52.o(RESET)
    __main                                   0x00012201   Thumb Code     0  entry.o(.ARM.Collect$$$$00000000)
    _main_stk                                0x00012201   Thumb Code     0  entry2.o(.ARM.Collect$$$$00000001)
    _main_scatterload                        0x00012205   Thumb Code     0  entry5.o(.ARM.Collect$$$$00000004)
    __main_after_scatterload                 0x00012209   Thumb Code     0  entry5.o(.ARM.Collect$$$$00000004)
    _main_clock                              0x00012209   Thumb Code     0  entry7b.o(.ARM.Collect$$$$00000008)
    _main_cpp_init                           0x00012209   Thumb Code     0  entry8b.o(.ARM.Collect$$$$0000000A)
    _main_init                               0x00012209   Thumb Code     0  entry9a.o(.ARM.Collect$$$$0000000B)
    __rt_final_cpp                           0x00012211   Thumb Code     0  entry10a.o(.ARM.Collect$$$$0000000D)
    __rt_final_exit                          0x00012211   Thumb Code     0  entry11a.o(.ARM.Collect$$$$0000000F)
    HardFault_Handler                        0x00012215   Thumb Code    40  hardfault_handler_keil.o(.emb_text)
    Reset_Handler                            0x00012249   Thumb Code     8  arm_startup_nrf52.o(.text)
    NMI_Handler                              0x00012251   Thumb Code     2  arm_startup_nrf52.o(.text)
    MemoryManagement_Handler                 0x00012255   Thumb Code     2  arm_startup_nrf52.o(.text)
    BusFault_Handler                         0x00012257   Thumb Code     2  arm_startup_nrf52.o(.text)
    UsageFault_Handler                       0x00012259   Thumb Code     2  arm_startup_nrf52.o(.text)
    SVC_Handler                              0x0001225b   Thumb Code     2  arm_startup_nrf52.o(.text)
    DebugMon_Handler                         0x0001225d   Thumb Code     2  arm_startup_nrf52.o(.text)
    PendSV_Handler                           0x0001225f   Thumb Code     2  arm_startup_nrf52.o(.text)
    SysTick_Handler                          0x00012261   Thumb Code     2  arm_startup_nrf52.o(.text)
    CCM_AAR_IRQHandler                       0x00012263   Thumb Code     0  arm_startup_nrf52.o(.text)
    COMP_LPCOMP_IRQHandler                   0x00012263   Thumb Code     0  arm_startup_nrf52.o(.text)
    ECB_IRQHandler                           0x00012263   Thumb Code     0  arm_startup_nrf52.o(.text)
    FPU_IRQHandler                           0x00012263   Thumb Code     0  arm_startup_nrf52.o(.text)
    I2S_IRQHandler                           0x00012263   Thumb Code     0  arm_startup_nrf52.o(.text)
    MWU_IRQHandler                           0x00012263   Thumb Code     0  arm_startup_nrf52.o(.text)
    NFCT_IRQHandler                          0x00012263   Thumb Code     0  arm_startup_nrf52.o(.text)
    PDM_IRQHandler                           0x00012263   Thumb Code     0  arm_startup_nrf52.o(.text)
    POWER_CLOCK_IRQHandler                   0x00012263   Thumb Code     0  arm_startup_nrf52.o(.text)
    PWM0_IRQHandler                          0x00012263   Thumb Code     0  arm_startup_nrf52.o(.text)
    PWM1_IRQHandler                          0x00012263   Thumb Code     0  arm_startup_nrf52.o(.text)
    PWM2_IRQHandler                          0x00012263   Thumb Code     0  arm_startup_nrf52.o(.text)
    QDEC_IRQHandler                          0x00012263   Thumb Code     0  arm_startup_nrf52.o(.text)
    RADIO_IRQHandler                         0x00012263   Thumb Code     0  arm_startup_nrf52.o(.text)
    RNG_IRQHandler                           0x00012263   Thumb Code     0  arm_startup_nrf52.o(.text)
    RTC0_IRQHandler                          0x00012263   Thumb Code     0  arm_startup_nrf52.o(.text)
    RTC2_IRQHandler                          0x00012263   Thumb Code     0  arm_startup_nrf52.o(.text)
    SAADC_IRQHandler                         0x00012263   Thumb Code     0  arm_startup_nrf52.o(.text)
    SPIM0_SPIS0_TWIM0_TWIS0_SPI0_TWI0_IRQHandler 0x00012263   Thumb Code     0  arm_startup_nrf52.o(.text)
    SPIM1_SPIS1_TWIM1_TWIS1_SPI1_TWI1_IRQHandler 0x00012263   Thumb Code     0  arm_startup_nrf52.o(.text)
    SPIM2_SPIS2_SPI2_IRQHandler              0x00012263   Thumb Code     0  arm_startup_nrf52.o(.text)
    SWI1_EGU1_IRQHandler                     0x00012263   Thumb Code     0  arm_startup_nrf52.o(.text)
    SWI3_EGU3_IRQHandler                     0x00012263   Thumb Code     0  arm_startup_nrf52.o(.text)
    SWI4_EGU4_IRQHandler                     0x00012263   Thumb Code     0  arm_startup_nrf52.o(.text)
    SWI5_EGU5_IRQHandler                     0x00012263   Thumb Code     0  arm_startup_nrf52.o(.text)
    TEMP_IRQHandler                          0x00012263   Thumb Code     0  arm_startup_nrf52.o(.text)
    TIMER0_IRQHandler                        0x00012263   Thumb Code     0  arm_startup_nrf52.o(.text)
    TIMER1_IRQHandler                        0x00012263   Thumb Code     0  arm_startup_nrf52.o(.text)
    TIMER2_IRQHandler                        0x00012263   Thumb Code     0  arm_startup_nrf52.o(.text)
    TIMER3_IRQHandler                        0x00012263   Thumb Code     0  arm_startup_nrf52.o(.text)
    TIMER4_IRQHandler                        0x00012263   Thumb Code     0  arm_startup_nrf52.o(.text)
    UARTE0_UART0_IRQHandler                  0x00012263   Thumb Code     0  arm_startup_nrf52.o(.text)
    WDT_IRQHandler                           0x00012263   Thumb Code     0  arm_startup_nrf52.o(.text)
    __aeabi_uldivmod                         0x0001226d   Thumb Code    98  uldiv.o(.text)
    __aeabi_memset                           0x000122cf   Thumb Code    14  memseta.o(.text)
    __aeabi_memset4                          0x000122cf   Thumb Code     0  memseta.o(.text)
    __aeabi_memset8                          0x000122cf   Thumb Code     0  memseta.o(.text)
    __aeabi_memclr                           0x000122dd   Thumb Code     4  memseta.o(.text)
    __aeabi_memclr4                          0x000122dd   Thumb Code     0  memseta.o(.text)
    __aeabi_memclr8                          0x000122dd   Thumb Code     0  memseta.o(.text)
    _memset$wrapper                          0x000122e1   Thumb Code    18  memseta.o(.text)
    __aeabi_llsl                             0x000122f3   Thumb Code    30  llshl.o(.text)
    _ll_shift_l                              0x000122f3   Thumb Code     0  llshl.o(.text)
    __aeabi_llsr                             0x00012311   Thumb Code    32  llushr.o(.text)
    _ll_ushift_r                             0x00012311   Thumb Code     0  llushr.o(.text)
    __scatterload                            0x00012331   Thumb Code    28  init.o(.text)
    __scatterload_rt2                        0x00012331   Thumb Code     0  init.o(.text)
    GPIOTE_IRQHandler                        0x00012355   Thumb Code   362  nrf_drv_gpiote.o(i.GPIOTE_IRQHandler)
    HardFault_c_handler                      0x000124c9   Thumb Code     4  hardfault_implementation.o(i.HardFault_c_handler)
    HardFault_process                        0x000124cd   Thumb Code    26  hardfault_implementation.o(i.HardFault_process)
    RTC1_IRQHandler                          0x00012555   Thumb Code    32  app_timer.o(i.RTC1_IRQHandler)
    SWI0_EGU0_IRQHandler                     0x00012579   Thumb Code     4  app_timer.o(i.SWI0_EGU0_IRQHandler)
    SWI2_EGU2_IRQHandler                     0x0001257d   Thumb Code     4  nrf_sdh.o(i.SWI2_EGU2_IRQHandler)
    SystemInit                               0x00012581   Thumb Code   610  system_nrf52.o(i.SystemInit)
    __scatterload_copy                       0x00012819   Thumb Code    14  handlers.o(i.__scatterload_copy)
    __scatterload_null                       0x00012827   Thumb Code     2  handlers.o(i.__scatterload_null)
    __scatterload_zeroinit                   0x00012829   Thumb Code    14  handlers.o(i.__scatterload_zeroinit)
    ant_advanced_burst_bsp_evt_handler       0x00012879   Thumb Code    22  ant_advanced_burst.o(i.ant_advanced_burst_bsp_evt_handler)
    ant_advanced_burst_setup                 0x00012895   Thumb Code    84  ant_advanced_burst.o(i.ant_advanced_burst_setup)
    ant_channel_init                         0x000128f9   Thumb Code    60  ant_channel_config.o(i.ant_channel_init)
    app_button_enable                        0x00012a29   Thumb Code    32  app_button.o(i.app_button_enable)
    app_button_init                          0x00012a4d   Thumb Code    96  app_button.o(i.app_button_init)
    app_error_fault_handler                  0x00012abd   Thumb Code    38  app_error_weak.o(i.app_error_fault_handler)
    app_error_handler_bare                   0x00012aed   Thumb Code    22  app_error.o(i.app_error_handler_bare)
    app_timer_create                         0x00012b05   Thumb Code    32  app_timer.o(i.app_timer_create)
    app_timer_init                           0x00012b29   Thumb Code    70  app_timer.o(i.app_timer_init)
    app_timer_start                          0x00012b7d   Thumb Code   128  app_timer.o(i.app_timer_start)
    app_timer_stop                           0x00012c05   Thumb Code    26  app_timer.o(i.app_timer_stop)
    app_util_critical_region_enter           0x00012c25   Thumb Code    64  app_util_platform.o(i.app_util_critical_region_enter)
    app_util_critical_region_exit            0x00012c6d   Thumb Code    46  app_util_platform.o(i.app_util_critical_region_exit)
    bsp_board_led_invert                     0x00012ca1   Thumb Code    32  boards.o(i.bsp_board_led_invert)
    bsp_board_led_off                        0x00012cc5   Thumb Code    10  boards.o(i.bsp_board_led_off)
    bsp_board_led_on                         0x00012cd5   Thumb Code    10  boards.o(i.bsp_board_led_on)
    bsp_board_led_state_get                  0x00012ce5   Thumb Code    28  boards.o(i.bsp_board_led_state_get)
    bsp_board_leds_init                      0x00012d05   Thumb Code    38  boards.o(i.bsp_board_leds_init)
    bsp_board_leds_off                       0x00012d31   Thumb Code    18  boards.o(i.bsp_board_leds_off)
    bsp_board_leds_on                        0x00012d43   Thumb Code    18  boards.o(i.bsp_board_leds_on)
    bsp_board_pin_to_button_idx              0x00012d55   Thumb Code    30  boards.o(i.bsp_board_pin_to_button_idx)
    bsp_event_to_button_action_assign        0x00012e09   Thumb Code    64  bsp.o(i.bsp_event_to_button_action_assign)
    bsp_init                                 0x00012e4d   Thumb Code   126  bsp.o(i.bsp_init)
    main                                     0x00013485   Thumb Code    66  main.o(i.main)
    nrf_drv_common_irq_enable                0x00013569   Thumb Code    56  nrf_drv_common.o(i.nrf_drv_common_irq_enable)
    nrf_drv_gpiote_in_event_enable           0x000135a1   Thumb Code   156  nrf_drv_gpiote.o(i.nrf_drv_gpiote_in_event_enable)
    nrf_drv_gpiote_in_init                   0x00013645   Thumb Code   172  nrf_drv_gpiote.o(i.nrf_drv_gpiote_in_init)
    nrf_drv_gpiote_in_is_set                 0x000136fd   Thumb Code    20  nrf_drv_gpiote.o(i.nrf_drv_gpiote_in_is_set)
    nrf_drv_gpiote_init                      0x00013711   Thumb Code    84  nrf_drv_gpiote.o(i.nrf_drv_gpiote_init)
    nrf_drv_gpiote_is_init                   0x0001376d   Thumb Code    14  nrf_drv_gpiote.o(i.nrf_drv_gpiote_is_init)
    nrf_pwr_mgmt_init                        0x0001384d   Thumb Code    28  nrf_pwr_mgmt.o(i.nrf_pwr_mgmt_init)
    nrf_pwr_mgmt_run                         0x00013875   Thumb Code    64  nrf_pwr_mgmt.o(i.nrf_pwr_mgmt_run)
    nrf_sdh_ant_enable                       0x000138b9   Thumb Code    16  nrf_sdh_ant.o(i.nrf_sdh_ant_enable)
    nrf_sdh_enable_request                   0x00013919   Thumb Code    98  nrf_sdh.o(i.nrf_sdh_enable_request)
    nrf_sdh_evts_poll                        0x000139b1   Thumb Code    32  nrf_sdh.o(i.nrf_sdh_evts_poll)
    nrf_sdh_is_enabled                       0x000139d5   Thumb Code     6  nrf_sdh.o(i.nrf_sdh_is_enabled)
    nrf_section_iter_init                    0x00013a1d   Thumb Code    10  nrf_section_iter.o(i.nrf_section_iter_init)
    nrf_section_iter_next                    0x00013a4b   Thumb Code    32  nrf_section_iter.o(i.nrf_section_iter_next)
    Region$$Table$$Base                      0x00013edc   Number         0  anon$$obj.o(Region$$Table)
    Region$$Table$$Limit                     0x00013efc   Number         0  anon$$obj.o(Region$$Table)
    sdh_ant_observers1$$Base                 0x00013efc   Number         0  ant_advanced_burst.o(sdh_ant_observers1)
    sdh_ant_observers1$$Limit                0x00013f04   Number         0  ant_advanced_burst.o(sdh_ant_observers1)
    sdh_stack_observers0$$Base               0x00013f04   Number         0  nrf_sdh_ant.o(sdh_stack_observers0)
    sdh_stack_observers0$$Limit              0x00013f14   Number         0  nrf_sdh_soc.o(sdh_stack_observers0)
    SystemCoreClock                          0x20000bcc   Data           4  system_nrf52.o(.data)
    nrf_nvic_state                           0x20000e40   Data          12  app_util_platform.o(.bss)
    STACK$$Base                              0x20000ed8   Number         0  arm_startup_nrf52.o(STACK)
    STACK$$Limit                             0x20002ed8   Number         0  arm_startup_nrf52.o(STACK)
    __initial_sp                             0x20002ed8   Data           0  arm_startup_nrf52.o(STACK)



==============================================================================

Memory Map of the image

  Image Entry point : 0x00012201

  Load Region LR_IROM1 (Base: 0x00012000, Size: 0x00001f64, Max: 0x0006e000, ABSOLUTE)

    Execution Region ER_IROM1 (Exec base: 0x00012000, Load base: 0x00012000, Size: 0x00001f14, Max: 0x0006e000, ABSOLUTE)

    Exec Addr    Load Addr    Size         Type   Attr      Idx    E Section Name        Object

    0x00012000   0x00012000   0x00000200   Data   RO         1969    RESET               arm_startup_nrf52.o
    0x00012200   0x00012200   0x00000000   Code   RO         2010  * .ARM.Collect$$$$00000000  mc_w.l(entry.o)
    0x00012200   0x00012200   0x00000004   Code   RO         2021    .ARM.Collect$$$$00000001  mc_w.l(entry2.o)
    0x00012204   0x00012204   0x00000004   Code   RO         2024    .ARM.Collect$$$$00000004  mc_w.l(entry5.o)
    0x00012208   0x00012208   0x00000000   Code   RO         2026    .ARM.Collect$$$$00000008  mc_w.l(entry7b.o)
    0x00012208   0x00012208   0x00000000   Code   RO         2028    .ARM.Collect$$$$0000000A  mc_w.l(entry8b.o)
    0x00012208   0x00012208   0x00000008   Code   RO         2029    .ARM.Collect$$$$0000000B  mc_w.l(entry9a.o)
    0x00012210   0x00012210   0x00000000   Code   RO         2031    .ARM.Collect$$$$0000000D  mc_w.l(entry10a.o)
    0x00012210   0x00012210   0x00000000   Code   RO         2033    .ARM.Collect$$$$0000000F  mc_w.l(entry11a.o)
    0x00012210   0x00012210   0x00000004   Code   RO         2022    .ARM.Collect$$$$00002712  mc_w.l(entry2.o)
    0x00012214   0x00012214   0x00000034   Code   RO         1385    .emb_text           hardfault_handler_keil.o
    0x00012248   0x00012248   0x00000024   Code   RO         1970    .text               arm_startup_nrf52.o
    0x0001226c   0x0001226c   0x00000062   Code   RO         2013    .text               mc_w.l(uldiv.o)
    0x000122ce   0x000122ce   0x00000024   Code   RO         2017    .text               mc_w.l(memseta.o)
    0x000122f2   0x000122f2   0x0000001e   Code   RO         2035    .text               mc_w.l(llshl.o)
    0x00012310   0x00012310   0x00000020   Code   RO         2037    .text               mc_w.l(llushr.o)
    0x00012330   0x00012330   0x00000024   Code   RO         2039    .text               mc_w.l(init.o)
    0x00012354   0x00012354   0x00000174   Code   RO          708    i.GPIOTE_IRQHandler  nrf_drv_gpiote.o
    0x000124c8   0x000124c8   0x00000004   Code   RO         1407    i.HardFault_c_handler  hardfault_implementation.o
    0x000124cc   0x000124cc   0x00000024   Code   RO         1408    i.HardFault_process  hardfault_implementation.o
    0x000124f0   0x000124f0   0x00000016   Code   RO         1148    i.NVIC_ClearPendingIRQ  app_timer.o
    0x00012506   0x00012506   0x00000016   Code   RO         1149    i.NVIC_EnableIRQ    app_timer.o
    0x0001251c   0x0001251c   0x00000016   Code   RO         1150    i.NVIC_SetPendingIRQ  app_timer.o
    0x00012532   0x00012532   0x00000020   Code   RO         1151    i.NVIC_SetPriority  app_timer.o
    0x00012552   0x00012552   0x00000002   PAD
    0x00012554   0x00012554   0x00000024   Code   RO         1152    i.RTC1_IRQHandler   app_timer.o
    0x00012578   0x00012578   0x00000004   Code   RO         1153    i.SWI0_EGU0_IRQHandler  app_timer.o
    0x0001257c   0x0001257c   0x00000004   Code   RO         1768    i.SWI2_EGU2_IRQHandler  nrf_sdh.o
    0x00012580   0x00012580   0x00000298   Code   RO         1978    i.SystemInit        system_nrf52.o
    0x00012818   0x00012818   0x0000000e   Code   RO         2043    i.__scatterload_copy  mc_w.l(handlers.o)
    0x00012826   0x00012826   0x00000002   Code   RO         2044    i.__scatterload_null  mc_w.l(handlers.o)
    0x00012828   0x00012828   0x0000000e   Code   RO         2045    i.__scatterload_zeroinit  mc_w.l(handlers.o)
    0x00012836   0x00012836   0x00000002   PAD
    0x00012838   0x00012838   0x00000024   Code   RO         1769    i.__sd_nvic_app_accessible_irq  nrf_sdh.o
    0x0001285c   0x0001285c   0x00000016   Code   RO         1770    i.__sd_nvic_is_app_accessible_priority  nrf_sdh.o
    0x00012872   0x00012872   0x00000006   Code   RO          425    i.alert_timer_handler  bsp.o
    0x00012878   0x00012878   0x0000001c   Code   RO            4    i.ant_advanced_burst_bsp_evt_handler  ant_advanced_burst.o
    0x00012894   0x00012894   0x00000064   Code   RO            5    i.ant_advanced_burst_setup  ant_advanced_burst.o
    0x000128f8   0x000128f8   0x0000003c   Code   RO          591    i.ant_channel_init  ant_channel_config.o
    0x00012934   0x00012934   0x000000f4   Code   RO            6    i.ant_evt_handler   ant_advanced_burst.o
    0x00012a28   0x00012a28   0x00000024   Code   RO          959    i.app_button_enable  app_button.o
    0x00012a4c   0x00012a4c   0x00000070   Code   RO          960    i.app_button_init   app_button.o
    0x00012abc   0x00012abc   0x00000030   Code   RO         1060    i.app_error_fault_handler  app_error_weak.o
    0x00012aec   0x00012aec   0x00000016   Code   RO         1021    i.app_error_handler_bare  app_error.o
    0x00012b02   0x00012b02   0x00000002   PAD
    0x00012b04   0x00012b04   0x00000024   Code   RO         1156    i.app_timer_create  app_timer.o
    0x00012b28   0x00012b28   0x00000054   Code   RO         1157    i.app_timer_init    app_timer.o
    0x00012b7c   0x00012b7c   0x00000088   Code   RO         1160    i.app_timer_start   app_timer.o
    0x00012c04   0x00012c04   0x00000020   Code   RO         1161    i.app_timer_stop    app_timer.o
    0x00012c24   0x00012c24   0x00000048   Code   RO         1317    i.app_util_critical_region_enter  app_util_platform.o
    0x00012c6c   0x00012c6c   0x00000034   Code   RO         1318    i.app_util_critical_region_exit  app_util_platform.o
    0x00012ca0   0x00012ca0   0x00000024   Code   RO          320    i.bsp_board_led_invert  boards.o
    0x00012cc4   0x00012cc4   0x00000010   Code   RO          321    i.bsp_board_led_off  boards.o
    0x00012cd4   0x00012cd4   0x00000010   Code   RO          322    i.bsp_board_led_on  boards.o
    0x00012ce4   0x00012ce4   0x00000020   Code   RO          323    i.bsp_board_led_state_get  boards.o
    0x00012d04   0x00012d04   0x0000002c   Code   RO          324    i.bsp_board_leds_init  boards.o
    0x00012d30   0x00012d30   0x00000012   Code   RO          325    i.bsp_board_leds_off  boards.o
    0x00012d42   0x00012d42   0x00000012   Code   RO          326    i.bsp_board_leds_on  boards.o
    0x00012d54   0x00012d54   0x00000024   Code   RO          327    i.bsp_board_pin_to_button_idx  boards.o
    0x00012d78   0x00012d78   0x00000090   Code   RO          426    i.bsp_button_event_handler  bsp.o
    0x00012e08   0x00012e08   0x00000044   Code   RO          430    i.bsp_event_to_button_action_assign  bsp.o
    0x00012e4c   0x00012e4c   0x00000094   Code   RO          432    i.bsp_init          bsp.o
    0x00012ee0   0x00012ee0   0x000001b8   Code   RO          433    i.bsp_led_indication  bsp.o
    0x00013098   0x00013098   0x00000030   Code   RO            7    i.burst_data_process  ant_advanced_burst.o
    0x000130c8   0x000130c8   0x00000060   Code   RO            8    i.burst_data_send   ant_advanced_burst.o
    0x00013128   0x00013128   0x00000008   Code   RO          436    i.button_timer_handler  bsp.o
    0x00013130   0x00013130   0x0000001c   Code   RO          709    i.channel_free      nrf_drv_gpiote.o
    0x0001314c   0x0001314c   0x00000048   Code   RO          710    i.channel_port_alloc  nrf_drv_gpiote.o
    0x00013194   0x00013194   0x00000010   Code   RO          711    i.channel_port_get  nrf_drv_gpiote.o
    0x000131a4   0x000131a4   0x000000ac   Code   RO         1163    i.compare_reg_update  app_timer.o
    0x00013250   0x00013250   0x00000060   Code   RO          962    i.detection_delay_timeout_handler  app_button.o
    0x000132b0   0x000132b0   0x00000040   Code   RO         1164    i.elapsed_ticks_acquire  app_timer.o
    0x000132f0   0x000132f0   0x00000058   Code   RO          963    i.gpiote_event_handler  app_button.o
    0x00013348   0x00013348   0x00000030   Code   RO          437    i.leds_off          bsp.o
    0x00013378   0x00013378   0x00000014   Code   RO          438    i.leds_timer_handler  bsp.o
    0x0001338c   0x0001338c   0x000000f8   Code   RO         1165    i.list_insertions_handler  app_timer.o
    0x00013484   0x00013484   0x00000048   Code   RO          196    i.main              main.o
    0x000134cc   0x000134cc   0x00000010   Code   RO          712    i.nrf_bitmask_bit_is_set  nrf_drv_gpiote.o
    0x000134dc   0x000134dc   0x0000008c   Code   RO         1166    i.nrf_delay_us      app_timer.o
    0x00013568   0x00013568   0x00000038   Code   RO          667    i.nrf_drv_common_irq_enable  nrf_drv_common.o
    0x000135a0   0x000135a0   0x000000a4   Code   RO          717    i.nrf_drv_gpiote_in_event_enable  nrf_drv_gpiote.o
    0x00013644   0x00013644   0x000000b8   Code   RO          718    i.nrf_drv_gpiote_in_init  nrf_drv_gpiote.o
    0x000136fc   0x000136fc   0x00000014   Code   RO          719    i.nrf_drv_gpiote_in_is_set  nrf_drv_gpiote.o
    0x00013710   0x00013710   0x0000005c   Code   RO          721    i.nrf_drv_gpiote_init  nrf_drv_gpiote.o
    0x0001376c   0x0001376c   0x00000014   Code   RO          722    i.nrf_drv_gpiote_is_init  nrf_drv_gpiote.o
    0x00013780   0x00013780   0x00000024   Code   RO          329    i.nrf_gpio_cfg      boards.o
    0x000137a4   0x000137a4   0x00000024   Code   RO          736    i.nrf_gpio_cfg      nrf_drv_gpiote.o
    0x000137c8   0x000137c8   0x00000022   Code   RO          738    i.nrf_gpio_cfg_sense_set  nrf_drv_gpiote.o
    0x000137ea   0x000137ea   0x00000016   Code   RO          330    i.nrf_gpio_pin_write  boards.o
    0x00013800   0x00013800   0x00000028   Code   RO          739    i.nrf_gpio_ports_read  nrf_drv_gpiote.o
    0x00013828   0x00013828   0x00000014   Code   RO          740    i.nrf_gpiote_event_clear  nrf_drv_gpiote.o
    0x0001383c   0x0001383c   0x00000010   Code   RO          741    i.nrf_gpiote_event_is_set  nrf_drv_gpiote.o
    0x0001384c   0x0001384c   0x00000028   Code   RO         1601    i.nrf_pwr_mgmt_init  nrf_pwr_mgmt.o
    0x00013874   0x00013874   0x00000044   Code   RO         1602    i.nrf_pwr_mgmt_run  nrf_pwr_mgmt.o
    0x000138b8   0x000138b8   0x00000014   Code   RO         1896    i.nrf_sdh_ant_enable  nrf_sdh_ant.o
    0x000138cc   0x000138cc   0x0000004c   Code   RO         1897    i.nrf_sdh_ant_evts_poll  nrf_sdh_ant.o
    0x00013918   0x00013918   0x00000098   Code   RO         1772    i.nrf_sdh_enable_request  nrf_sdh.o
    0x000139b0   0x000139b0   0x00000024   Code   RO         1773    i.nrf_sdh_evts_poll  nrf_sdh.o
    0x000139d4   0x000139d4   0x0000000c   Code   RO         1774    i.nrf_sdh_is_enabled  nrf_sdh.o
    0x000139e0   0x000139e0   0x0000003c   Code   RO         1935    i.nrf_sdh_soc_evts_poll  nrf_sdh_soc.o
    0x00013a1c   0x00013a1c   0x0000000a   Code   RO         1682    i.nrf_section_iter_init  nrf_section_iter.o
    0x00013a26   0x00013a26   0x00000024   Code   RO         1683    i.nrf_section_iter_item_set  nrf_section_iter.o
    0x00013a4a   0x00013a4a   0x00000020   Code   RO         1684    i.nrf_section_iter_next  nrf_section_iter.o
    0x00013a6a   0x00013a6a   0x00000002   PAD
    0x00013a6c   0x00013a6c   0x00000018   Code   RO          742    i.pin_in_use_by_port  nrf_drv_gpiote.o
    0x00013a84   0x00013a84   0x00000018   Code   RO          743    i.pin_in_use_by_te  nrf_drv_gpiote.o
    0x00013a9c   0x00013a9c   0x0000003c   Code   RO         1167    i.rtc1_stop         app_timer.o
    0x00013ad8   0x00013ad8   0x00000042   Code   RO         1779    i.sd_nvic_SetPriority  nrf_sdh.o
    0x00013b1a   0x00013b1a   0x00000002   PAD
    0x00013b1c   0x00013b1c   0x00000030   Code   RO         1780    i.sdh_request_observer_notify  nrf_sdh.o
    0x00013b4c   0x00013b4c   0x0000002c   Code   RO         1781    i.sdh_state_observer_notify  nrf_sdh.o
    0x00013b78   0x00013b78   0x00000050   Code   RO         1783    i.softdevices_evt_irq_enable  nrf_sdh.o
    0x00013bc8   0x00013bc8   0x00000080   Code   RO         1168    i.timer_list_handler  app_timer.o
    0x00013c48   0x00013c48   0x0000003c   Code   RO         1169    i.timer_list_insert  app_timer.o
    0x00013c84   0x00013c84   0x00000060   Code   RO         1170    i.timer_list_remove  app_timer.o
    0x00013ce4   0x00013ce4   0x00000048   Code   RO         1171    i.timer_stop_op_schedule  app_timer.o
    0x00013d2c   0x00013d2c   0x00000074   Code   RO         1172    i.timer_timeouts_check  app_timer.o
    0x00013da0   0x00013da0   0x00000030   Code   RO         1173    i.user_op_alloc     app_timer.o
    0x00013dd0   0x00013dd0   0x0000000c   Data   RO           10    .constdata          ant_advanced_burst.o
    0x00013ddc   0x00013ddc   0x00000008   Data   RO          331    .constdata          boards.o
    0x00013de4   0x00013de4   0x0000002c   Data   RO          444    .constdata          bsp.o
    0x00013e10   0x00013e10   0x00000004   Data   RO          745    .constdata          nrf_drv_gpiote.o
    0x00013e14   0x00013e14   0x00000008   Data   RO          965    .constdata          app_button.o
    0x00013e1c   0x00013e1c   0x00000018   Data   RO         1606    .constdata          nrf_pwr_mgmt.o
    0x00013e34   0x00013e34   0x0000000c   Data   RO         1607    .constdata          nrf_pwr_mgmt.o
    0x00013e40   0x00013e40   0x00000010   Data   RO         1784    .constdata          nrf_sdh.o
    0x00013e50   0x00013e50   0x00000028   Data   RO         1785    .constdata          nrf_sdh.o
    0x00013e78   0x00013e78   0x00000010   Data   RO         1786    .constdata          nrf_sdh.o
    0x00013e88   0x00013e88   0x00000010   Data   RO         1787    .constdata          nrf_sdh.o
    0x00013e98   0x00013e98   0x00000010   Data   RO         1899    .constdata          nrf_sdh_ant.o
    0x00013ea8   0x00013ea8   0x00000018   Data   RO         1900    .constdata          nrf_sdh_ant.o
    0x00013ec0   0x00013ec0   0x00000010   Data   RO         1936    .constdata          nrf_sdh_soc.o
    0x00013ed0   0x00013ed0   0x0000000c   Data   RO         1937    .constdata          nrf_sdh_soc.o
    0x00013edc   0x00013edc   0x00000020   Data   RO         2041    Region$$Table       anon$$obj.o
    0x00013efc   0x00013efc   0x00000008   Data   RO           12    sdh_ant_observers1  ant_advanced_burst.o
    0x00013f04   0x00013f04   0x00000008   Data   RO         1901    sdh_stack_observers0  nrf_sdh_ant.o
    0x00013f0c   0x00013f0c   0x00000008   Data   RO         1938    sdh_stack_observers0  nrf_sdh_soc.o


    Execution Region RW_IRAM1 (Exec base: 0x20000b80, Load base: 0x00013f14, Size: 0x00002358, Max: 0x0000f480, ABSOLUTE)

    Exec Addr    Load Addr    Size         Type   Attr      Idx    E Section Name        Object

    0x20000b80   0x00013f14   0x00000008   Data   RW           11    .data               ant_advanced_burst.o
    0x20000b88   0x00013f1c   0x00000010   Data   RW          445    .data               bsp.o
    0x20000b98   0x00013f2c   0x00000014   Data   RW          966    .data               app_button.o
    0x20000bac   0x00013f40   0x00000014   Data   RW         1175    .data               app_timer.o
    0x20000bc0   0x00013f54   0x00000008   Data   RW         1608    .data               nrf_pwr_mgmt.o
    0x20000bc8   0x00013f5c   0x00000003   Data   RW         1788    .data               nrf_sdh.o
    0x20000bcb   0x00013f5f   0x00000001   PAD
    0x20000bcc   0x00013f60   0x00000004   Data   RW         1979    .data               system_nrf52.o
    0x20000bd0        -       0x00000080   Zero   RW            9    .bss                ant_advanced_burst.o
    0x20000c50        -       0x00000020   Zero   RW          440    .bss                bsp.o
    0x20000c70        -       0x00000020   Zero   RW          441    .bss                bsp.o
    0x20000c90        -       0x0000000c   Zero   RW          442    .bss                bsp.o
    0x20000c9c        -       0x00000020   Zero   RW          443    .bss                bsp.o
    0x20000cbc        -       0x00000058   Zero   RW          744    .bss                nrf_drv_gpiote.o
    0x20000d14        -       0x00000020   Zero   RW          964    .bss                app_button.o
    0x20000d34        -       0x0000010c   Zero   RW         1174    .bss                app_timer.o
    0x20000e40        -       0x0000000c   Zero   RW         1323    .bss                app_util_platform.o
    0x20000e4c        -       0x0000000c   Zero   RW         1605    .bss                nrf_pwr_mgmt.o
    0x20000e58        -       0x00000080   Zero   RW         1898    .bss                nrf_sdh_ant.o
    0x20000ed8        -       0x00002000   Zero   RW         1967    STACK               arm_startup_nrf52.o


==============================================================================

Image component sizes


      Code (inc. data)   RO Data    RW Data    ZI Data      Debug   Object Name

       516         40         20          8        128      81028   ant_advanced_burst.o
        60          0          0          0          0       2671   ant_channel_config.o
       332         34          8         20         32      10286   app_button.o
        22          0          0          0          0       2145   app_error.o
        48         10          0          0          0      30625   app_error_weak.o
      1630        122          0         20        268      48043   app_timer.o
       124         14          0          0         12       9634   app_util_platform.o
        36          8        512          0       8192        940   arm_startup_nrf52.o
       274         32          8          0          0      12013   boards.o
       882         80         44         16        108      14387   bsp.o
        52         14          0          0          0        636   hardfault_handler_keil.o
        40         10          0          0          0       3102   hardfault_implementation.o
        72          6          0          0          0       4471   main.o
        56          0          0          0          0      29275   nrf_drv_common.o
      1178         84          4          0         88      28928   nrf_drv_gpiote.o
       108         16         36          8         12      41617   nrf_pwr_mgmt.o
       500         86         88          3          0      40991   nrf_sdh.o
        96         10         48          0        128       3241   nrf_sdh_ant.o
        60          4         36          0          0       4064   nrf_sdh_soc.o
        78          0          0          0          0       2836   nrf_section_iter.o
       664         54          0          4          0       2823   system_nrf52.o

    ----------------------------------------------------------------------
      6836        624        836         80       8968     373756   Object Totals
         0          0         32          0          0          0   (incl. Generated)
         8          0          0          1          0          0   (incl. Padding)

    ----------------------------------------------------------------------

      Code (inc. data)   RO Data    RW Data    ZI Data      Debug   Library Member Name

         0          0          0          0          0          0   entry.o
         0          0          0          0          0          0   entry10a.o
         0          0          0          0          0          0   entry11a.o
         8          4          0          0          0          0   entry2.o
         4          0          0          0          0          0   entry5.o
         0          0          0          0          0          0   entry7b.o
         0          0          0          0          0          0   entry8b.o
         8          4          0          0          0          0   entry9a.o
        30          0          0          0          0          0   handlers.o
        36          8          0          0          0         68   init.o
        30          0          0          0          0         68   llshl.o
        32          0          0          0          0         68   llushr.o
        36          0          0          0          0        108   memseta.o
        98          0          0          0          0         92   uldiv.o

    ----------------------------------------------------------------------
       284         16          0          0          0        404   Library Totals
         2          0          0          0          0          0   (incl. Padding)

    ----------------------------------------------------------------------

      Code (inc. data)   RO Data    RW Data    ZI Data      Debug   Library Name

       282         16          0          0          0        404   mc_w.l

    ----------------------------------------------------------------------
       284         16          0          0          0        404   Library Totals

    ----------------------------------------------------------------------

==============================================================================


      Code (inc. data)   RO Data    RW Data    ZI Data      Debug   

      7120        640        836         80       8968     365360   Grand Totals
      7120        640        836         80       8968     365360   ELF Image Totals
      7120        640        836         80          0          0   ROM Totals

==============================================================================

    Total RO  Size (Code + RO Data)                 7956 (   7.77kB)
    Total RW  Size (RW Data + ZI Data)              9048 (   8.84kB)
    Total ROM Size (Code + RO Data + RW Data)       8036 (   7.85kB)

==============================================================================

