Component: ARM Compiler 5.06 update 5 (build 528) Tool: armlink [4d35e2]

==============================================================================

Section Cross References

    main.o(i.ant_bpwr_calib_handler) refers to main.o(.bss) for .bss
    main.o(i.ant_bpwr_evt_handler) refers to nrf_pwr_mgmt.o(i.nrf_pwr_mgmt_feed) for nrf_pwr_mgmt_feed
    main.o(i.ant_bpwr_evt_handler) refers to ant_bpwr_simulator.o(i.ant_bpwr_simulator_one_iteration) for ant_bpwr_simulator_one_iteration
    main.o(i.ant_bpwr_evt_handler) refers to main.o(.bss) for .bss
    main.o(i.bsp_evt_handler) refers to ant_bpwr.o(i.ant_bpwr_calib_response) for ant_bpwr_calib_response
    main.o(i.bsp_evt_handler) refers to ant_bpwr_simulator.o(i.ant_bpwr_simulator_increment) for ant_bpwr_simulator_increment
    main.o(i.bsp_evt_handler) refers to ant_bpwr_simulator.o(i.ant_bpwr_simulator_decrement) for ant_bpwr_simulator_decrement
    main.o(i.bsp_evt_handler) refers to main.o(.bss) for .bss
    main.o(i.main) refers to main.o(i.utils_setup) for utils_setup
    main.o(i.main) refers to nrf_sdh.o(i.nrf_sdh_enable_request) for nrf_sdh_enable_request
    main.o(i.main) refers to app_error.o(i.app_error_handler_bare) for app_error_handler_bare
    main.o(i.main) refers to nrf_sdh_ant.o(i.nrf_sdh_ant_enable) for nrf_sdh_ant_enable
    main.o(i.main) refers to ant_key_manager.o(i.ant_plus_key_set) for ant_plus_key_set
    main.o(i.main) refers to main.o(i.simulator_setup) for simulator_setup
    main.o(i.main) refers to main.o(i.profile_setup) for profile_setup
    main.o(i.main) refers to nrf_log_frontend.o(i.nrf_log_frontend_dequeue) for nrf_log_frontend_dequeue
    main.o(i.main) refers to nrf_pwr_mgmt.o(i.nrf_pwr_mgmt_run) for nrf_pwr_mgmt_run
    main.o(i.profile_setup) refers to ant_bpwr.o(i.ant_bpwr_sens_init) for ant_bpwr_sens_init
    main.o(i.profile_setup) refers to app_error.o(i.app_error_handler_bare) for app_error_handler_bare
    main.o(i.profile_setup) refers to ant_bpwr.o(i.ant_bpwr_sens_open) for ant_bpwr_sens_open
    main.o(i.profile_setup) refers to ant_state_indicator.o(i.ant_state_indicator_channel_opened) for ant_state_indicator_channel_opened
    main.o(i.profile_setup) refers to main.o(.constdata) for .constdata
    main.o(i.profile_setup) refers to main.o(.bss) for .bss
    main.o(i.simulator_setup) refers to ant_bpwr_simulator.o(i.ant_bpwr_simulator_init) for ant_bpwr_simulator_init
    main.o(i.simulator_setup) refers to main.o(.constdata) for .constdata
    main.o(i.simulator_setup) refers to main.o(.bss) for .bss
    main.o(i.utils_setup) refers to nrf_log_frontend.o(i.nrf_log_init) for nrf_log_init
    main.o(i.utils_setup) refers to app_error.o(i.app_error_handler_bare) for app_error_handler_bare
    main.o(i.utils_setup) refers to app_timer.o(i.app_timer_init) for app_timer_init
    main.o(i.utils_setup) refers to nrf_pwr_mgmt.o(i.nrf_pwr_mgmt_init) for nrf_pwr_mgmt_init
    main.o(i.utils_setup) refers to nrf_log_default_backends.o(i.nrf_log_default_backends_init) for nrf_log_default_backends_init
    main.o(i.utils_setup) refers to bsp.o(i.bsp_init) for bsp_init
    main.o(i.utils_setup) refers to ant_state_indicator.o(i.ant_state_indicator_init) for ant_state_indicator_init
    main.o(i.utils_setup) refers to main.o(i.bsp_evt_handler) for bsp_evt_handler
    main.o(i.utils_setup) refers to main.o(.bss) for .bss
    main.o(.constdata) refers to main.o(.bss) for m_ant_bpwr
    main.o(.constdata) refers to main.o(.data) for m_ant_bpwr_bpwr_sens_cb
    main.o(.constdata) refers to main.o(i.ant_bpwr_evt_handler) for ant_bpwr_evt_handler
    main.o(.constdata) refers to main.o(i.ant_bpwr_calib_handler) for ant_bpwr_calib_handler
    main.o(sdh_ant_observers1) refers to ant_bpwr.o(i.ant_bpwr_sens_evt_handler) for ant_bpwr_sens_evt_handler
    main.o(sdh_ant_observers1) refers to main.o(.bss) for m_ant_bpwr
    boards.o(i.bsp_board_button_idx_to_pin) refers to boards.o(.constdata) for .constdata
    boards.o(i.bsp_board_button_state_get) refers to boards.o(.constdata) for .constdata
    boards.o(i.bsp_board_buttons_init) refers to boards.o(i.nrf_gpio_cfg) for nrf_gpio_cfg
    boards.o(i.bsp_board_buttons_init) refers to boards.o(.constdata) for .constdata
    boards.o(i.bsp_board_led_idx_to_pin) refers to boards.o(.constdata) for .constdata
    boards.o(i.bsp_board_led_invert) refers to boards.o(.constdata) for .constdata
    boards.o(i.bsp_board_led_off) refers to boards.o(i.nrf_gpio_pin_write) for nrf_gpio_pin_write
    boards.o(i.bsp_board_led_off) refers to boards.o(.constdata) for .constdata
    boards.o(i.bsp_board_led_on) refers to boards.o(i.nrf_gpio_pin_write) for nrf_gpio_pin_write
    boards.o(i.bsp_board_led_on) refers to boards.o(.constdata) for .constdata
    boards.o(i.bsp_board_led_state_get) refers to boards.o(.constdata) for .constdata
    boards.o(i.bsp_board_leds_init) refers to boards.o(i.nrf_gpio_cfg) for nrf_gpio_cfg
[...]
    log_const_data                           0x000048c4   Section        8  ant_common_page_81.o(log_const_data)
    __tagsym$$used                           0x000048c4   Number         0  ant_common_page_81.o(log_const_data)
    log_const_data                           0x000048cc   Section        8  nrf_drv_gpiote.o(log_const_data)
    __tagsym$$used                           0x000048cc   Number         0  nrf_drv_gpiote.o(log_const_data)
    log_const_data                           0x000048d4   Section        8  nrf_drv_uart.o(log_const_data)
    __tagsym$$used                           0x000048d4   Number         0  nrf_drv_uart.o(log_const_data)
    log_const_data                           0x000048dc   Section        8  hardfault_implementation.o(log_const_data)
    __tagsym$$used                           0x000048dc   Number         0  hardfault_implementation.o(log_const_data)
    log_const_data                           0x000048e4   Section        8  nrf_balloc.o(log_const_data)
    __tagsym$$used                           0x000048e4   Number         0  nrf_balloc.o(log_const_data)
    log_const_data                           0x000048ec   Section        8  nrf_pwr_mgmt.o(log_const_data)
    __tagsym$$used                           0x000048ec   Number         0  nrf_pwr_mgmt.o(log_const_data)
    log_const_data                           0x000048f4   Section        8  nrf_log_frontend.o(log_const_data)
    __tagsym$$used                           0x000048f4   Number         0  nrf_log_frontend.o(log_const_data)
    log_const_data                           0x000048fc   Section        8  nrf_sdh.o(log_const_data)
    __tagsym$$used                           0x000048fc   Number         0  nrf_sdh.o(log_const_data)
    log_const_data                           0x00004904   Section        8  nrf_sdh_ant.o(log_const_data)
    __tagsym$$used                           0x00004904   Number         0  nrf_sdh_ant.o(log_const_data)
    log_const_data                           0x0000490c   Section        8  nrf_sdh_soc.o(log_const_data)
    __tagsym$$used                           0x0000490c   Number         0  nrf_sdh_soc.o(log_const_data)
    pwr_mgmt_data1                           0x00004914   Section        4  ant_state_indicator.o(pwr_mgmt_data1)
    __tagsym$$used                           0x00004914   Number         0  ant_state_indicator.o(pwr_mgmt_data1)
    m_shutdown_handler_handler_function      0x00004914   Data           4  ant_state_indicator.o(pwr_mgmt_data1)
    sdh_ant_observers1                       0x00004918   Section        8  main.o(sdh_ant_observers1)
    __tagsym$$used                           0x00004918   Number         0  main.o(sdh_ant_observers1)
    m_ant_observer                           0x00004918   Data           8  main.o(sdh_ant_observers1)
    sdh_ant_observers1                       0x00004920   Section        8  ant_state_indicator.o(sdh_ant_observers1)
    __tagsym$$used                           0x00004920   Number         0  ant_state_indicator.o(sdh_ant_observers1)
    m_ant_observer                           0x00004920   Data           8  ant_state_indicator.o(sdh_ant_observers1)
    sdh_stack_observers0                     0x00004928   Section        8  nrf_sdh_ant.o(sdh_stack_observers0)
    __tagsym$$used                           0x00004928   Number         0  nrf_sdh_ant.o(sdh_stack_observers0)
    m_nrf_sdh_ant_evts_poll                  0x00004928   Data           8  nrf_sdh_ant.o(sdh_stack_observers0)
    sdh_stack_observers0                     0x00004930   Section        8  nrf_sdh_soc.o(sdh_stack_observers0)
    __tagsym$$used                           0x00004930   Number         0  nrf_sdh_soc.o(sdh_stack_observers0)
    m_nrf_sdh_soc_evts_poll                  0x00004930   Data           8  nrf_sdh_soc.o(sdh_stack_observers0)
    .data                                    0x20000000   Section        8  main.o(.data)
    m_ant_bpwr_bpwr_sens_cb                  0x20000000   Data           8  main.o(.data)
    .data                                    0x20000008   Section       16  bsp.o(.data)
    m_stable_state                           0x20000008   Data           1  bsp.o(.data)
    m_leds_clear                             0x20000009   Data           1  bsp.o(.data)
    m_alert_on                               0x2000000a   Data           1  bsp.o(.data)
    current_long_push_pin_no                 0x2000000b   Data           1  bsp.o(.data)
    m_indication_type                        0x2000000c   Data           4  bsp.o(.data)
    m_registered_callback                    0x20000010   Data           4  bsp.o(.data)
    release_event_at_push                    0x20000014   Data           4  bsp.o(.data)
    .data                                    0x20000018   Section       16  ant_key_manager.o(.data)
    m_ant_plus_network_key                   0x20000018   Data           8  ant_key_manager.o(.data)
    m_ant_fs_network_key                     0x20000020   Data           8  ant_key_manager.o(.data)
    .data                                    0x20000028   Section        2  ant_state_indicator.o(.data)
    m_channel                                0x20000028   Data           1  ant_state_indicator.o(.data)
    m_channel_type                           0x20000029   Data           1  ant_state_indicator.o(.data)
    .data                                    0x2000002c   Section       20  app_button.o(.data)
    m_button_count                           0x2000002c   Data           1  app_button.o(.data)
    mp_buttons                               0x20000030   Data           4  app_button.o(.data)
    m_detection_delay                        0x20000034   Data           4  app_button.o(.data)
    m_pin_state                              0x20000038   Data           4  app_button.o(.data)
    m_pin_transition                         0x2000003c   Data           4  app_button.o(.data)
    .data                                    0x20000040   Section       20  app_timer.o(.data)
    m_ticks_elapsed_q_read_ind               0x20000040   Data           1  app_timer.o(.data)
    m_ticks_elapsed_q_write_ind              0x20000041   Data           1  app_timer.o(.data)
    m_rtc1_running                           0x20000042   Data           1  app_timer.o(.data)
    m_rtc1_reset                             0x20000043   Data           1  app_timer.o(.data)
    mp_timer_id_head                         0x20000044   Data           4  app_timer.o(.data)
    m_ticks_latest                           0x20000048   Data           4  app_timer.o(.data)
    m_ticks_elapsed                          0x2000004c   Data           8  app_timer.o(.data)
    .data                                    0x20000054   Section        8  nrf_pwr_mgmt.o(.data)
    m_pwr_mgmt_evt                           0x20000054   Data           1  nrf_pwr_mgmt.o(.data)
    m_shutdown_started                       0x20000055   Data           1  nrf_pwr_mgmt.o(.data)
    m_sysoff_mtx                             0x20000058   Data           4  nrf_pwr_mgmt.o(.data)
    .data                                    0x2000005c   Section       12  nrf_log_backend_uart.o(.data)
    m_xfer_done                              0x2000005c   Data           1  nrf_log_backend_uart.o(.data)
    m_async_mode                             0x2000005d   Data           1  nrf_log_backend_uart.o(.data)
    .data                                    0x20000068   Section       12  nrf_log_default_backends.o(.data)
    uart_log_backend                         0x20000068   Data          12  nrf_log_default_backends.o(.data)
    .data                                    0x20000074   Section        8  nrf_log_frontend.o(.data)
    mempool_nrf_balloc_pool_stack            0x20000074   Data           8  nrf_log_frontend.o(.data)
    .data                                    0x2000007c   Section        8  nrf_log_frontend.o(.data)
    mempool_nrf_balloc_cb                    0x2000007c   Data           8  nrf_log_frontend.o(.data)
    .data                                    0x20000084   Section       56  nrf_log_str_formatter.o(.data)
    severity_names                           0x20000084   Data          20  nrf_log_str_formatter.o(.data)
    m_colors                                 0x20000098   Data          36  nrf_log_str_formatter.o(.data)
    .data                                    0x200000bc   Section        3  nrf_sdh.o(.data)
    m_nrf_sdh_enabled                        0x200000bc   Data           1  nrf_sdh.o(.data)
    m_nrf_sdh_suspended                      0x200000bd   Data           1  nrf_sdh.o(.data)
    m_nrf_sdh_continue                       0x200000be   Data           1  nrf_sdh.o(.data)
    .data                                    0x200000c0   Section        4  system_nrf52.o(.data)
    __tagsym$$used                           0x200000c0   Number         0  system_nrf52.o(.data)
    log_dynamic_data                         0x200000c4   Section       12  ant_bpwr.o(log_dynamic_data)
    __tagsym$$used                           0x200000c4   Number         0  ant_bpwr.o(log_dynamic_data)
    log_dynamic_data                         0x200000d0   Section       12  ant_bpwr_common_data.o(log_dynamic_data)
    __tagsym$$used                           0x200000d0   Number         0  ant_bpwr_common_data.o(log_dynamic_data)
    log_dynamic_data                         0x200000dc   Section       12  ant_bpwr_page_1.o(log_dynamic_data)
    __tagsym$$used                           0x200000dc   Number         0  ant_bpwr_page_1.o(log_dynamic_data)
    log_dynamic_data                         0x200000e8   Section       12  ant_bpwr_page_16.o(log_dynamic_data)
    __tagsym$$used                           0x200000e8   Number         0  ant_bpwr_page_16.o(log_dynamic_data)
    log_dynamic_data                         0x200000f4   Section       12  ant_bpwr_page_17.o(log_dynamic_data)
    __tagsym$$used                           0x200000f4   Number         0  ant_bpwr_page_17.o(log_dynamic_data)
    log_dynamic_data                         0x20000100   Section       12  ant_bpwr_page_18.o(log_dynamic_data)
    __tagsym$$used                           0x20000100   Number         0  ant_bpwr_page_18.o(log_dynamic_data)
    log_dynamic_data                         0x2000010c   Section       12  ant_bpwr_page_torque.o(log_dynamic_data)
    __tagsym$$used                           0x2000010c   Number         0  ant_bpwr_page_torque.o(log_dynamic_data)
    log_dynamic_data                         0x20000118   Section       12  ant_common_page_80.o(log_dynamic_data)
    __tagsym$$used                           0x20000118   Number         0  ant_common_page_80.o(log_dynamic_data)
    log_dynamic_data                         0x20000124   Section       12  ant_common_page_81.o(log_dynamic_data)
    __tagsym$$used                           0x20000124   Number         0  ant_common_page_81.o(log_dynamic_data)
    log_dynamic_data                         0x20000130   Section       12  nrf_drv_gpiote.o(log_dynamic_data)
    __tagsym$$used                           0x20000130   Number         0  nrf_drv_gpiote.o(log_dynamic_data)
    log_dynamic_data                         0x2000013c   Section       12  nrf_drv_uart.o(log_dynamic_data)
    __tagsym$$used                           0x2000013c   Number         0  nrf_drv_uart.o(log_dynamic_data)
    log_dynamic_data                         0x20000148   Section       12  hardfault_implementation.o(log_dynamic_data)
    __tagsym$$used                           0x20000148   Number         0  hardfault_implementation.o(log_dynamic_data)
    log_dynamic_data                         0x20000154   Section       12  nrf_balloc.o(log_dynamic_data)
    __tagsym$$used                           0x20000154   Number         0  nrf_balloc.o(log_dynamic_data)
    log_dynamic_data                         0x20000160   Section       12  nrf_pwr_mgmt.o(log_dynamic_data)
    __tagsym$$used                           0x20000160   Number         0  nrf_pwr_mgmt.o(log_dynamic_data)
    log_dynamic_data                         0x2000016c   Section       12  nrf_log_frontend.o(log_dynamic_data)
    __tagsym$$used                           0x2000016c   Number         0  nrf_log_frontend.o(log_dynamic_data)
    log_dynamic_data                         0x20000178   Section       12  nrf_sdh.o(log_dynamic_data)
    __tagsym$$used                           0x20000178   Number         0  nrf_sdh.o(log_dynamic_data)
    log_dynamic_data                         0x20000184   Section       12  nrf_sdh_ant.o(log_dynamic_data)
    __tagsym$$used                           0x20000184   Number         0  nrf_sdh_ant.o(log_dynamic_data)
    log_dynamic_data                         0x20000190   Section       12  nrf_sdh_soc.o(log_dynamic_data)
    __tagsym$$used                           0x20000190   Number         0  nrf_sdh_soc.o(log_dynamic_data)
    .bss                                     0x2000019c   Section      140  main.o(.bss)
    m_ant_bpwr                               0x2000019c   Data          56  main.o(.bss)
    m_ant_bpwr_simulator                     0x200001d4   Data          84  main.o(.bss)
    .bss                                     0x20000228   Section       32  bsp.o(.bss)
    m_leds_timer_id_data                     0x20000228   Data          32  bsp.o(.bss)
    .bss                                     0x20000248   Section       32  bsp.o(.bss)
    m_alert_timer_id_data                    0x20000248   Data          32  bsp.o(.bss)
    .bss                                     0x20000268   Section       12  bsp.o(.bss)
    m_events_list                            0x20000268   Data          12  bsp.o(.bss)
    .bss                                     0x20000274   Section       32  bsp.o(.bss)
    m_button_timer_id_data                   0x20000274   Data          32  bsp.o(.bss)
    .bss                                     0x20000294   Section       88  nrf_drv_gpiote.o(.bss)
    m_cb                                     0x20000294   Data          88  nrf_drv_gpiote.o(.bss)
    .bss                                     0x200002ec   Section       32  nrf_drv_uart.o(.bss)
    m_cb                                     0x200002ec   Data          32  nrf_drv_uart.o(.bss)
    .bss                                     0x2000030c   Section       32  app_button.o(.bss)
    m_detection_delay_timer_id_data          0x2000030c   Data          32  app_button.o(.bss)
    .bss                                     0x2000032c   Section      268  app_timer.o(.bss)
    m_op_queue                               0x2000032c   Data         268  app_timer.o(.bss)
    .bss                                     0x20000438   Section       12  app_util_platform.o(.bss)
    .bss                                     0x20000444   Section       12  nrf_pwr_mgmt.o(.bss)
    m_handlers_iter                          0x20000444   Data          12  nrf_pwr_mgmt.o(.bss)
    .bss                                     0x20000450   Section       64  nrf_log_backend_uart.o(.bss)
    m_string_buff                            0x20000450   Data          64  nrf_log_backend_uart.o(.bss)
    .bss                                     0x20000490   Section      192  nrf_log_frontend.o(.bss)
    mempool_nrf_balloc_pool_mem              0x20000490   Data         192  nrf_log_frontend.o(.bss)
    .bss                                     0x20000550   Section     1056  nrf_log_frontend.o(.bss)
    m_log_data                               0x20000550   Data        1056  nrf_log_frontend.o(.bss)
    .bss                                     0x20000970   Section      128  nrf_sdh_ant.o(.bss)
    m_ant_stack_buffer                       0x20000970   Data         128  nrf_sdh_ant.o(.bss)
    STACK                                    0x200009f0   Section     8192  arm_startup_nrf52.o(STACK)

    Global Symbols

    Symbol Name                              Value     Ov Type        Size  Object(Section)

    BuildAttributes$$THM_ISAv4$E$P$D$K$B$S$7EM$VFPi3$EXTD16$VFPS$VFMA$PE$A:L22UL41UL21$X:L11$S22US41US21$IEEE1$IW$USESV6$~STKCKD$USESV7$~SHL$OSPACE$EBA8$MICROLIB$REQ8$PRES8$EABIv2 0x00000000   Number         0  anon$$obj.o ABSOLUTE
    __ARM_use_no_argv                        0x00000000   Number         0  main.o ABSOLUTE
    __Vectors                                0x00000000   Data           4  arm_startup_nrf52.o(RESET)
    __use_no_errno                           0x00000000   Number         0  useno.o ABSOLUTE
    __use_no_exception_handling              0x00000000   Number         0  useno.o ABSOLUTE
    __use_no_fp                              0x00000000   Number         0  useno.o ABSOLUTE
    __use_no_heap                            0x00000000   Number         0  useno.o ABSOLUTE
    __use_no_heap_region                     0x00000000   Number         0  useno.o ABSOLUTE
    __use_no_semihosting                     0x00000000   Number         0  useno.o ABSOLUTE
    __use_no_semihosting_swi                 0x00000000   Number         0  useno.o ABSOLUTE
    __use_no_signal_handling                 0x00000000   Number         0  useno.o ABSOLUTE
    __cpp_initialize__aeabi_                  - Undefined Weak Reference
    __cxa_finalize                            - Undefined Weak Reference
    _clock_init                               - Undefined Weak Reference
    _microlib_exit                            - Undefined Weak Reference
    pwr_mgmt_data0$$Base                      - Undefined Reference
    pwr_mgmt_data0$$Limit                     - Undefined Reference
    pwr_mgmt_data2$$Base                      - Undefined Reference
    pwr_mgmt_data2$$Limit                     - Undefined Reference
    sdh_ant_observers0$$Base                  - Undefined Reference
    sdh_ant_observers0$$Limit                 - Undefined Reference
    sdh_req_observers0$$Base                  - Undefined Reference
    sdh_req_observers0$$Limit                 - Undefined Reference
    sdh_req_observers1$$Base                  - Undefined Reference
    sdh_req_observers1$$Limit                 - Undefined Reference
    sdh_soc_observers0$$Base                  - Undefined Reference
    sdh_soc_observers0$$Limit                 - Undefined Reference
    sdh_soc_observers1$$Base                  - Undefined Reference
    sdh_soc_observers1$$Limit                 - Undefined Reference
    sdh_stack_observers1$$Base                - Undefined Reference
    sdh_stack_observers1$$Limit               - Undefined Reference
    sdh_state_observers0$$Base                - Undefined Reference
    sdh_state_observers0$$Limit               - Undefined Reference
    sdh_state_observers1$$Base                - Undefined Reference
    sdh_state_observers1$$Limit               - Undefined Reference
    __Vectors_End                            0x00000200   Data           0  arm_startup_nrf52.o(RESET)
    __Vectors_Size                           0x00000200   Number         0  arm_startup_nrf52.o ABSOLUTE
    __main                                   0x00000201   Thumb Code     0  entry.o(.ARM.Collect$$$$00000000)
    _main_stk                                0x00000201   Thumb Code     0  entry2.o(.ARM.Collect$$$$00000001)
    _main_scatterload                        0x00000205   Thumb Code     0  entry5.o(.ARM.Collect$$$$00000004)
    __main_after_scatterload                 0x00000209   Thumb Code     0  entry5.o(.ARM.Collect$$$$00000004)
    _main_clock                              0x00000209   Thumb Code     0  entry7b.o(.ARM.Collect$$$$00000008)
    _main_cpp_init                           0x00000209   Thumb Code     0  entry8b.o(.ARM.Collect$$$$0000000A)
    _main_init                               0x00000209   Thumb Code     0  entry9a.o(.ARM.Collect$$$$0000000B)
    __rt_final_cpp                           0x00000211   Thumb Code     0  entry10a.o(.ARM.Collect$$$$0000000D)
    __rt_final_exit                          0x00000211   Thumb Code     0  entry11a.o(.ARM.Collect$$$$0000000F)
    HardFault_Handler                        0x00000215   Thumb Code    40  hardfault_handler_keil.o(.emb_text)
    __asm___12_nrf_memobj_c_9bb9f865__nrf_atomic_internal_mov 0x00000249   Thumb Code    24  nrf_memobj.o(.emb_text)
    __asm___12_nrf_memobj_c_9bb9f865__nrf_atomic_internal_orr 0x00000261   Thumb Code    26  nrf_memobj.o(.emb_text)
    __asm___12_nrf_memobj_c_9bb9f865__nrf_atomic_internal_and 0x0000027b   Thumb Code    26  nrf_memobj.o(.emb_text)
    __asm___12_nrf_memobj_c_9bb9f865__nrf_atomic_internal_eor 0x00000295   Thumb Code    26  nrf_memobj.o(.emb_text)
    __asm___12_nrf_memobj_c_9bb9f865__nrf_atomic_internal_add 0x000002af   Thumb Code    26  nrf_memobj.o(.emb_text)
    __asm___12_nrf_memobj_c_9bb9f865__nrf_atomic_internal_sub 0x000002c9   Thumb Code    26  nrf_memobj.o(.emb_text)
    __asm___14_nrf_pwr_mgmt_c_f22138a6__nrf_atomic_internal_mov 0x000002e5   Thumb Code    24  nrf_pwr_mgmt.o(.emb_text)
    __asm___14_nrf_pwr_mgmt_c_f22138a6__nrf_atomic_internal_orr 0x000002fd   Thumb Code    26  nrf_pwr_mgmt.o(.emb_text)
    __asm___14_nrf_pwr_mgmt_c_f22138a6__nrf_atomic_internal_and 0x00000317   Thumb Code    26  nrf_pwr_mgmt.o(.emb_text)
    __asm___14_nrf_pwr_mgmt_c_f22138a6__nrf_atomic_internal_eor 0x00000331   Thumb Code    26  nrf_pwr_mgmt.o(.emb_text)
    __asm___14_nrf_pwr_mgmt_c_f22138a6__nrf_atomic_internal_add 0x0000034b   Thumb Code    26  nrf_pwr_mgmt.o(.emb_text)
    __asm___14_nrf_pwr_mgmt_c_f22138a6__nrf_atomic_internal_sub 0x00000365   Thumb Code    26  nrf_pwr_mgmt.o(.emb_text)
    __asm___18_nrf_log_frontend_c_bc460776__nrf_atomic_internal_mov 0x00000381   Thumb Code    24  nrf_log_frontend.o(.emb_text)
    __asm___18_nrf_log_frontend_c_bc460776__nrf_atomic_internal_orr 0x00000399   Thumb Code    26  nrf_log_frontend.o(.emb_text)
    __asm___18_nrf_log_frontend_c_bc460776__nrf_atomic_internal_and 0x000003b3   Thumb Code    26  nrf_log_frontend.o(.emb_text)
    __asm___18_nrf_log_frontend_c_bc460776__nrf_atomic_internal_eor 0x000003cd   Thumb Code    26  nrf_log_frontend.o(.emb_text)
    __asm___18_nrf_log_frontend_c_bc460776__nrf_atomic_internal_add 0x000003e7   Thumb Code    26  nrf_log_frontend.o(.emb_text)
    __asm___18_nrf_log_frontend_c_bc460776__nrf_atomic_internal_sub 0x00000401   Thumb Code    26  nrf_log_frontend.o(.emb_text)
    Reset_Handler                            0x0000041d   Thumb Code     8  arm_startup_nrf52.o(.text)
    NMI_Handler                              0x00000425   Thumb Code     2  arm_startup_nrf52.o(.text)
    MemoryManagement_Handler                 0x00000429   Thumb Code     2  arm_startup_nrf52.o(.text)
    BusFault_Handler                         0x0000042b   Thumb Code     2  arm_startup_nrf52.o(.text)
    UsageFault_Handler                       0x0000042d   Thumb Code     2  arm_startup_nrf52.o(.text)
    SVC_Handler                              0x0000042f   Thumb Code     2  arm_startup_nrf52.o(.text)
    DebugMon_Handler                         0x00000431   Thumb Code     2  arm_startup_nrf52.o(.text)
    PendSV_Handler                           0x00000433   Thumb Code     2  arm_startup_nrf52.o(.text)
    SysTick_Handler                          0x00000435   Thumb Code     2  arm_startup_nrf52.o(.text)
    CCM_AAR_IRQHandler                       0x00000437   Thumb Code     0  arm_startup_nrf52.o(.text)
    COMP_LPCOMP_IRQHandler                   0x00000437   Thumb Code     0  arm_startup_nrf52.o(.text)
    ECB_IRQHandler                           0x00000437   Thumb Code     0  arm_startup_nrf52.o(.text)
    FPU_IRQHandler                           0x00000437   Thumb Code     0  arm_startup_nrf52.o(.text)
    I2S_IRQHandler                           0x00000437   Thumb Code     0  arm_startup_nrf52.o(.text)
    MWU_IRQHandler                           0x00000437   Thumb Code     0  arm_startup_nrf52.o(.text)
    NFCT_IRQHandler                          0x00000437   Thumb Code     0  arm_startup_nrf52.o(.text)
    PDM_IRQHandler                           0x00000437   Thumb Code     0  arm_startup_nrf52.o(.text)
    POWER_CLOCK_IRQHandler                   0x00000437   Thumb Code     0  arm_startup_nrf52.o(.text)
    PWM0_IRQHandler                          0x00000437   Thumb Code     0  arm_startup_nrf52.o(.text)
    PWM1_IRQHandler                          0x00000437   Thumb Code     0  arm_startup_nrf52.o(.text)
    PWM2_IRQHandler                          0x00000437   Thumb Code     0  arm_startup_nrf52.o(.text)
    QDEC_IRQHandler                          0x00000437   Thumb Code     0  arm_startup_nrf52.o(.text)
    RADIO_IRQHandler                         0x00000437   Thumb Code     0  arm_startup_nrf52.o(.text)
    RNG_IRQHandler                           0x00000437   Thumb Code     0  arm_startup_nrf52.o(.text)
    RTC0_IRQHandler                          0x00000437   Thumb Code     0  arm_startup_nrf52.o(.text)
    RTC2_IRQHandler                          0x00000437   Thumb Code     0  arm_startup_nrf52.o(.text)
    SAADC_IRQHandler                         0x00000437   Thumb Code     0  arm_startup_nrf52.o(.text)
    SPIM0_SPIS0_TWIM0_TWIS0_SPI0_TWI0_IRQHandler 0x00000437   Thumb Code     0  arm_startup_nrf52.o(.text)
    SPIM1_SPIS1_TWIM1_TWIS1_SPI1_TWI1_IRQHandler 0x00000437   Thumb Code     0  arm_startup_nrf52.o(.text)
    SPIM2_SPIS2_SPI2_IRQHandler              0x00000437   Thumb Code     0  arm_startup_nrf52.o(.text)
    SWI1_EGU1_IRQHandler                     0x00000437   Thumb Code     0  arm_startup_nrf52.o(.text)
    SWI3_EGU3_IRQHandler                     0x00000437   Thumb Code     0  arm_startup_nrf52.o(.text)
    SWI4_EGU4_IRQHandler                     0x00000437   Thumb Code     0  arm_startup_nrf52.o(.text)
    SWI5_EGU5_IRQHandler                     0x00000437   Thumb Code     0  arm_startup_nrf52.o(.text)
    TEMP_IRQHandler                          0x00000437   Thumb Code     0  arm_startup_nrf52.o(.text)
    TIMER0_IRQHandler                        0x00000437   Thumb Code     0  arm_startup_nrf52.o(.text)
    TIMER1_IRQHandler                        0x00000437   Thumb Code     0  arm_startup_nrf52.o(.text)
    TIMER2_IRQHandler                        0x00000437   Thumb Code     0  arm_startup_nrf52.o(.text)
    TIMER3_IRQHandler                        0x00000437   Thumb Code     0  arm_startup_nrf52.o(.text)
    TIMER4_IRQHandler                        0x00000437   Thumb Code     0  arm_startup_nrf52.o(.text)
    WDT_IRQHandler                           0x00000437   Thumb Code     0  arm_startup_nrf52.o(.text)
    __aeabi_uldivmod                         0x00000441   Thumb Code    98  uldiv.o(.text)
    __rt_ctype_table                         0x000004a5   Thumb Code     4  ctype_o.o(.text)
    __aeabi_memcpy                           0x000004ad   Thumb Code    36  memcpya.o(.text)
    __aeabi_memcpy4                          0x000004ad   Thumb Code     0  memcpya.o(.text)
    __aeabi_memcpy8                          0x000004ad   Thumb Code     0  memcpya.o(.text)
    __aeabi_memset                           0x000004d1   Thumb Code    14  memseta.o(.text)
    __aeabi_memset4                          0x000004d1   Thumb Code     0  memseta.o(.text)
    __aeabi_memset8                          0x000004d1   Thumb Code     0  memseta.o(.text)
    __aeabi_memclr                           0x000004df   Thumb Code     4  memseta.o(.text)
    __aeabi_memclr4                          0x000004df   Thumb Code     0  memseta.o(.text)
    __aeabi_memclr8                          0x000004df   Thumb Code     0  memseta.o(.text)
    _memset$wrapper                          0x000004e3   Thumb Code    18  memseta.o(.text)
    strlen                                   0x000004f5   Thumb Code    14  strlen.o(.text)
    __aeabi_llsl                             0x00000503   Thumb Code    30  llshl.o(.text)
    _ll_shift_l                              0x00000503   Thumb Code     0  llshl.o(.text)
    __aeabi_llsr                             0x00000521   Thumb Code    32  llushr.o(.text)
    _ll_ushift_r                             0x00000521   Thumb Code     0  llushr.o(.text)
    __scatterload                            0x00000541   Thumb Code    28  init.o(.text)
    __scatterload_rt2                        0x00000541   Thumb Code     0  init.o(.text)
    __decompress                             0x00000565   Thumb Code     0  __dczerorl.o(.text)
    __decompress0                            0x00000565   Thumb Code    58  __dczerorl.o(.text)
    GPIOTE_IRQHandler                        0x000005a1   Thumb Code   362  nrf_drv_gpiote.o(i.GPIOTE_IRQHandler)
    HardFault_c_handler                      0x00000715   Thumb Code    22  hardfault_implementation.o(i.HardFault_c_handler)
    HardFault_process                        0x0000072d   Thumb Code    26  hardfault_implementation.o(i.HardFault_process)
    RTC1_IRQHandler                          0x000007b5   Thumb Code    32  app_timer.o(i.RTC1_IRQHandler)
    SWI0_EGU0_IRQHandler                     0x000007d9   Thumb Code     4  app_timer.o(i.SWI0_EGU0_IRQHandler)
    SWI2_EGU2_IRQHandler                     0x000007dd   Thumb Code     4  nrf_sdh.o(i.SWI2_EGU2_IRQHandler)
    SystemInit                               0x000007e1   Thumb Code   610  system_nrf52.o(i.SystemInit)
    UARTE0_UART0_IRQHandler                  0x00000a79   Thumb Code    20  nrf_drv_uart.o(i.UARTE0_UART0_IRQHandler)
    __scatterload_copy                       0x00000a95   Thumb Code    14  handlers.o(i.__scatterload_copy)
    __scatterload_null                       0x00000aa3   Thumb Code     2  handlers.o(i.__scatterload_null)
    __scatterload_zeroinit                   0x00000aa5   Thumb Code    14  handlers.o(i.__scatterload_zeroinit)
    ant_bpwr_cadence_encode                  0x00000af5   Thumb Code    10  ant_bpwr_common_data.o(i.ant_bpwr_cadence_encode)
    ant_bpwr_calib_handler                   0x00000b01   Thumb Code    64  main.o(i.ant_bpwr_calib_handler)
    ant_bpwr_calib_response                  0x00000b45   Thumb Code    14  ant_bpwr.o(i.ant_bpwr_calib_response)
    ant_bpwr_evt_handler                     0x00000b55   Thumb Code    50  main.o(i.ant_bpwr_evt_handler)
    ant_bpwr_page_16_encode                  0x00000c19   Thumb Code    30  ant_bpwr_page_16.o(i.ant_bpwr_page_16_encode)
    ant_bpwr_page_17_encode                  0x00000c37   Thumb Code    18  ant_bpwr_page_17.o(i.ant_bpwr_page_17_encode)
    ant_bpwr_page_18_encode                  0x00000c49   Thumb Code    18  ant_bpwr_page_18.o(i.ant_bpwr_page_18_encode)
    ant_bpwr_page_1_decode                   0x00000c5d   Thumb Code   140  ant_bpwr_page_1.o(i.ant_bpwr_page_1_decode)
    ant_bpwr_page_1_encode                   0x00000cfd   Thumb Code   204  ant_bpwr_page_1.o(i.ant_bpwr_page_1_encode)
    ant_bpwr_page_torque_encode              0x00000ddd   Thumb Code    26  ant_bpwr_page_torque.o(i.ant_bpwr_page_torque_encode)
    ant_bpwr_page_torque_log                 0x00000df9   Thumb Code   124  ant_bpwr_page_torque.o(i.ant_bpwr_page_torque_log)
    ant_bpwr_sens_evt_handler                0x00000f19   Thumb Code    76  ant_bpwr.o(i.ant_bpwr_sens_evt_handler)
    ant_bpwr_sens_init                       0x00000f65   Thumb Code    36  ant_bpwr.o(i.ant_bpwr_sens_init)
    ant_bpwr_sens_open                       0x00000f89   Thumb Code    34  ant_bpwr.o(i.ant_bpwr_sens_open)
    ant_bpwr_simulator_decrement             0x00000fc5   Thumb Code    52  ant_bpwr_simulator.o(i.ant_bpwr_simulator_decrement)
    ant_bpwr_simulator_increment             0x00000ff9   Thumb Code    52  ant_bpwr_simulator.o(i.ant_bpwr_simulator_increment)
    ant_bpwr_simulator_init                  0x0000102d   Thumb Code   104  ant_bpwr_simulator.o(i.ant_bpwr_simulator_init)
    ant_bpwr_simulator_one_iteration         0x00001095   Thumb Code   304  ant_bpwr_simulator.o(i.ant_bpwr_simulator_one_iteration)
    ant_channel_init                         0x000011c5   Thumb Code    60  ant_channel_config.o(i.ant_channel_init)
    ant_common_page_80_encode                0x00001201   Thumb Code    44  ant_common_page_80.o(i.ant_common_page_80_encode)
    ant_common_page_81_encode                0x0000122d   Thumb Code    34  ant_common_page_81.o(i.ant_common_page_81_encode)
    ant_plus_key_set                         0x000012cd   Thumb Code     6  ant_key_manager.o(i.ant_plus_key_set)
    ant_state_indicator_channel_opened       0x000012d9   Thumb Code    28  ant_state_indicator.o(i.ant_state_indicator_channel_opened)
    ant_state_indicator_init                 0x000012f9   Thumb Code    12  ant_state_indicator.o(i.ant_state_indicator_init)
    app_button_enable                        0x00001309   Thumb Code    32  app_button.o(i.app_button_enable)
    app_button_init                          0x0000132d   Thumb Code    96  app_button.o(i.app_button_init)
    app_error_fault_handler                  0x0000139d   Thumb Code    80  app_error_weak.o(i.app_error_fault_handler)
    app_error_handler_bare                   0x00001415   Thumb Code    22  app_error.o(i.app_error_handler_bare)
    app_timer_create                         0x0000142d   Thumb Code    32  app_timer.o(i.app_timer_create)
    app_timer_init                           0x00001451   Thumb Code    70  app_timer.o(i.app_timer_init)
    app_timer_start                          0x000014a5   Thumb Code   128  app_timer.o(i.app_timer_start)
    app_timer_stop                           0x0000152d   Thumb Code    26  app_timer.o(i.app_timer_stop)
    app_util_critical_region_enter           0x0000154d   Thumb Code    64  app_util_platform.o(i.app_util_critical_region_enter)
    app_util_critical_region_exit            0x00001595   Thumb Code    46  app_util_platform.o(i.app_util_critical_region_exit)
    bsp_board_led_invert                     0x00001681   Thumb Code    32  boards.o(i.bsp_board_led_invert)
    bsp_board_led_off                        0x000016a5   Thumb Code    10  boards.o(i.bsp_board_led_off)
    bsp_board_led_on                         0x000016b5   Thumb Code    10  boards.o(i.bsp_board_led_on)
    bsp_board_led_state_get                  0x000016c5   Thumb Code    28  boards.o(i.bsp_board_led_state_get)
    bsp_board_leds_init                      0x000016e5   Thumb Code    38  boards.o(i.bsp_board_leds_init)
    bsp_board_leds_off                       0x00001711   Thumb Code    18  boards.o(i.bsp_board_leds_off)
    bsp_board_leds_on                        0x00001723   Thumb Code    18  boards.o(i.bsp_board_leds_on)
    bsp_board_pin_to_button_idx              0x00001735   Thumb Code    30  boards.o(i.bsp_board_pin_to_button_idx)
    bsp_event_to_button_action_assign        0x000017e9   Thumb Code    64  bsp.o(i.bsp_event_to_button_action_assign)
    bsp_evt_handler                          0x0000182d   Thumb Code    36  main.o(i.bsp_evt_handler)
    bsp_indication_set                       0x00001855   Thumb Code    20  bsp.o(i.bsp_indication_set)
    bsp_init                                 0x0000186d   Thumb Code   126  bsp.o(i.bsp_init)
    buffer_is_empty                          0x00001b3d   Thumb Code    16  nrf_log_frontend.o(i.buffer_is_empty)
    main                                     0x000020f3   Thumb Code    58  main.o(i.main)
    nrf_balloc_alloc                         0x0000224b   Thumb Code    68  nrf_balloc.o(i.nrf_balloc_alloc)
    nrf_balloc_free                          0x0000228f   Thumb Code    48  nrf_balloc.o(i.nrf_balloc_free)
    nrf_balloc_init                          0x000022bf   Thumb Code    48  nrf_balloc.o(i.nrf_balloc_init)
    nrf_drv_common_irq_enable                0x000023a3   Thumb Code    56  nrf_drv_common.o(i.nrf_drv_common_irq_enable)
    nrf_drv_gpiote_in_event_enable           0x000023e1   Thumb Code   156  nrf_drv_gpiote.o(i.nrf_drv_gpiote_in_event_enable)
    nrf_drv_gpiote_in_init                   0x00002485   Thumb Code   172  nrf_drv_gpiote.o(i.nrf_drv_gpiote_in_init)
    nrf_drv_gpiote_in_is_set                 0x0000253d   Thumb Code    20  nrf_drv_gpiote.o(i.nrf_drv_gpiote_in_is_set)
    nrf_drv_gpiote_init                      0x00002551   Thumb Code    84  nrf_drv_gpiote.o(i.nrf_drv_gpiote_init)
    nrf_drv_gpiote_is_init                   0x000025ad   Thumb Code    14  nrf_drv_gpiote.o(i.nrf_drv_gpiote_is_init)
    nrf_drv_uart_init                        0x000025d1   Thumb Code    98  nrf_drv_uart.o(i.nrf_drv_uart_init)
    nrf_drv_uart_tx                          0x00002639   Thumb Code   262  nrf_drv_uart.o(i.nrf_drv_uart_tx)
    nrf_drv_uart_tx_in_progress              0x00002745   Thumb Code    18  nrf_drv_uart.o(i.nrf_drv_uart_tx_in_progress)
    nrf_drv_uart_uninit                      0x0000275d   Thumb Code    74  nrf_drv_uart.o(i.nrf_drv_uart_uninit)
    nrf_fprintf                              0x000027b1   Thumb Code    26  nrf_fprintf.o(i.nrf_fprintf)
    nrf_fprintf_buffer_flush                 0x000027cb   Thumb Code    24  nrf_fprintf.o(i.nrf_fprintf_buffer_flush)
    nrf_fprintf_fmt                          0x000027e3   Thumb Code   474  nrf_fprintf_format.o(i.nrf_fprintf_fmt)
    nrf_log_backend_add                      0x00002ae5   Thumb Code    74  nrf_log_frontend.o(i.nrf_log_backend_add)
    nrf_log_backend_serial_put               0x00002b35   Thumb Code   210  nrf_log_backend_serial.o(i.nrf_log_backend_serial_put)
    nrf_log_backend_uart_init                0x00002c09   Thumb Code     6  nrf_log_backend_uart.o(i.nrf_log_backend_uart_init)
    nrf_log_color_id_get                     0x00002c41   Thumb Code    42  nrf_log_frontend.o(i.nrf_log_color_id_get)
    nrf_log_default_backends_init            0x00002c71   Thumb Code    22  nrf_log_default_backends.o(i.nrf_log_default_backends_init)
    nrf_log_frontend_dequeue                 0x00002c8d   Thumb Code   488  nrf_log_frontend.o(i.nrf_log_frontend_dequeue)
    nrf_log_frontend_hexdump                 0x00002e7d   Thumb Code   176  nrf_log_frontend.o(i.nrf_log_frontend_hexdump)
    nrf_log_frontend_std_0                   0x00002f31   Thumb Code     8  nrf_log_frontend.o(i.nrf_log_frontend_std_0)
    nrf_log_frontend_std_1                   0x00002f39   Thumb Code    14  nrf_log_frontend.o(i.nrf_log_frontend_std_1)
    nrf_log_frontend_std_2                   0x00002f47   Thumb Code    16  nrf_log_frontend.o(i.nrf_log_frontend_std_2)
    nrf_log_hexdump_entry_process            0x00002f59   Thumb Code   146  nrf_log_str_formatter.o(i.nrf_log_hexdump_entry_process)
    nrf_log_init                             0x00003005   Thumb Code    70  nrf_log_frontend.o(i.nrf_log_init)
    nrf_log_module_cnt_get                   0x00003061   Thumb Code    10  nrf_log_frontend.o(i.nrf_log_module_cnt_get)
    nrf_log_module_name_get                  0x00003075   Thumb Code    24  nrf_log_frontend.o(i.nrf_log_module_name_get)
    nrf_log_panic                            0x00003091   Thumb Code    34  nrf_log_frontend.o(i.nrf_log_panic)
    nrf_log_std_entry_process                0x000030b9   Thumb Code   182  nrf_log_str_formatter.o(i.nrf_log_std_entry_process)
    nrf_memobj_alloc                         0x0000316f   Thumb Code    96  nrf_memobj.o(i.nrf_memobj_alloc)
    nrf_memobj_free                          0x000031cf   Thumb Code    50  nrf_memobj.o(i.nrf_memobj_free)
    nrf_memobj_get                           0x00003201   Thumb Code    14  nrf_memobj.o(i.nrf_memobj_get)
    nrf_memobj_pool_init                     0x0000320f   Thumb Code     4  nrf_memobj.o(i.nrf_memobj_pool_init)
    nrf_memobj_put                           0x00003213   Thumb Code    34  nrf_memobj.o(i.nrf_memobj_put)
    nrf_memobj_read                          0x00003235   Thumb Code    12  nrf_memobj.o(i.nrf_memobj_read)
    nrf_memobj_write                         0x00003241   Thumb Code    12  nrf_memobj.o(i.nrf_memobj_write)
    nrf_pwr_mgmt_feed                        0x0000324d   Thumb Code     2  nrf_pwr_mgmt.o(i.nrf_pwr_mgmt_feed)
    nrf_pwr_mgmt_init                        0x00003251   Thumb Code    28  nrf_pwr_mgmt.o(i.nrf_pwr_mgmt_init)
    nrf_pwr_mgmt_run                         0x00003279   Thumb Code    64  nrf_pwr_mgmt.o(i.nrf_pwr_mgmt_run)
    nrf_pwr_mgmt_shutdown                    0x000032bd   Thumb Code    58  nrf_pwr_mgmt.o(i.nrf_pwr_mgmt_shutdown)
    nrf_sdh_ant_enable                       0x000032fd   Thumb Code    16  nrf_sdh_ant.o(i.nrf_sdh_ant_enable)
    nrf_sdh_enable_request                   0x0000335d   Thumb Code    98  nrf_sdh.o(i.nrf_sdh_enable_request)
    nrf_sdh_evts_poll                        0x000033f5   Thumb Code    32  nrf_sdh.o(i.nrf_sdh_evts_poll)
    nrf_sdh_is_enabled                       0x00003419   Thumb Code     6  nrf_sdh.o(i.nrf_sdh_is_enabled)
    nrf_section_iter_init                    0x00003461   Thumb Code    10  nrf_section_iter.o(i.nrf_section_iter_init)
    nrf_section_iter_next                    0x0000348f   Thumb Code    32  nrf_section_iter.o(i.nrf_section_iter_next)
    sensorsim_decrement                      0x00003d01   Thumb Code    28  sensorsim.o(i.sensorsim_decrement)
    sensorsim_increment                      0x00003d1d   Thumb Code    28  sensorsim.o(i.sensorsim_increment)
    sensorsim_init                           0x00003d39   Thumb Code    22  sensorsim.o(i.sensorsim_init)
    sensorsim_measure                        0x00003d4f   Thumb Code    26  sensorsim.o(i.sensorsim_measure)
    simulator_setup                          0x00003e0d   Thumb Code    24  main.o(i.simulator_setup)
    nrf_log_backend_uart_api                 0x0000459c   Data          12  nrf_log_backend_uart.o(.constdata)
    __ctype_table                            0x00004678   Data         129  ctype_o.o(.constdata)
    Region$$Table$$Base                      0x00004864   Number         0  anon$$obj.o(Region$$Table)
    Region$$Table$$Limit                     0x00004884   Number         0  anon$$obj.o(Region$$Table)
    log_const_data$$Base                     0x00004884   Number         0  ant_bpwr.o(log_const_data)
    m_nrf_log_ant_bpwr_logs_data_const       0x00004884   Data           8  ant_bpwr.o(log_const_data)
    m_nrf_log_ant_bpwr_common_logs_data_const 0x0000488c   Data           8  ant_bpwr_common_data.o(log_const_data)
    m_nrf_log_ant_bpwr_page_1_logs_data_const 0x00004894   Data           8  ant_bpwr_page_1.o(log_const_data)
    m_nrf_log_ant_bpwr_page_16_logs_data_const 0x0000489c   Data           8  ant_bpwr_page_16.o(log_const_data)
    m_nrf_log_ant_bpwr_page_17_logs_data_const 0x000048a4   Data           8  ant_bpwr_page_17.o(log_const_data)
    m_nrf_log_ant_bpwr_page_18_logs_data_const 0x000048ac   Data           8  ant_bpwr_page_18.o(log_const_data)
    m_nrf_log_ant_bpwr_page_torque_logs_data_const 0x000048b4   Data           8  ant_bpwr_page_torque.o(log_const_data)
    m_nrf_log_ant_common_page_80_logs_data_const 0x000048bc   Data           8  ant_common_page_80.o(log_const_data)
    m_nrf_log_ant_common_page_81_logs_data_const 0x000048c4   Data           8  ant_common_page_81.o(log_const_data)
    m_nrf_log_gpiote_logs_data_const         0x000048cc   Data           8  nrf_drv_gpiote.o(log_const_data)
    m_nrf_log_uart_logs_data_const           0x000048d4   Data           8  nrf_drv_uart.o(log_const_data)
    m_nrf_log_hardfault_logs_data_const      0x000048dc   Data           8  hardfault_implementation.o(log_const_data)
    m_nrf_log_balloc_logs_data_const         0x000048e4   Data           8  nrf_balloc.o(log_const_data)
    m_nrf_log_pwr_mgmt_logs_data_const       0x000048ec   Data           8  nrf_pwr_mgmt.o(log_const_data)
    m_nrf_log_app_logs_data_const            0x000048f4   Data           8  nrf_log_frontend.o(log_const_data)
    m_nrf_log_nrf_sdh_logs_data_const        0x000048fc   Data           8  nrf_sdh.o(log_const_data)
    m_nrf_log_nrf_sdh_ant_logs_data_const    0x00004904   Data           8  nrf_sdh_ant.o(log_const_data)
    m_nrf_log_nrf_sdh_soc_logs_data_const    0x0000490c   Data           8  nrf_sdh_soc.o(log_const_data)
    log_const_data$$Limit                    0x00004914   Number         0  nrf_sdh_soc.o(log_const_data)
    pwr_mgmt_data1$$Base                     0x00004914   Number         0  ant_state_indicator.o(pwr_mgmt_data1)
    pwr_mgmt_data1$$Limit                    0x00004918   Number         0  ant_state_indicator.o(pwr_mgmt_data1)
    sdh_ant_observers1$$Base                 0x00004918   Number         0  main.o(sdh_ant_observers1)
    sdh_ant_observers1$$Limit                0x00004928   Number         0  ant_state_indicator.o(sdh_ant_observers1)
    sdh_stack_observers0$$Base               0x00004928   Number         0  nrf_sdh_ant.o(sdh_stack_observers0)
    sdh_stack_observers0$$Limit              0x00004938   Number         0  nrf_sdh_soc.o(sdh_stack_observers0)
    m_uart                                   0x20000060   Data           8  nrf_log_backend_uart.o(.data)
    SystemCoreClock                          0x200000c0   Data           4  system_nrf52.o(.data)
    log_dynamic_data$$Base                   0x200000c4   Number         0  ant_bpwr.o(log_dynamic_data)
    m_nrf_log_ant_bpwr_logs_data_dynamic     0x200000c4   Data          12  ant_bpwr.o(log_dynamic_data)
    m_nrf_log_ant_bpwr_common_logs_data_dynamic 0x200000d0   Data          12  ant_bpwr_common_data.o(log_dynamic_data)
    m_nrf_log_ant_bpwr_page_1_logs_data_dynamic 0x200000dc   Data          12  ant_bpwr_page_1.o(log_dynamic_data)
    m_nrf_log_ant_bpwr_page_16_logs_data_dynamic 0x200000e8   Data          12  ant_bpwr_page_16.o(log_dynamic_data)
    m_nrf_log_ant_bpwr_page_17_logs_data_dynamic 0x200000f4   Data          12  ant_bpwr_page_17.o(log_dynamic_data)
    m_nrf_log_ant_bpwr_page_18_logs_data_dynamic 0x20000100   Data          12  ant_bpwr_page_18.o(log_dynamic_data)
    m_nrf_log_ant_bpwr_page_torque_logs_data_dynamic 0x2000010c   Data          12  ant_bpwr_page_torque.o(log_dynamic_data)
    m_nrf_log_ant_common_page_80_logs_data_dynamic 0x20000118   Data          12  ant_common_page_80.o(log_dynamic_data)
    m_nrf_log_ant_common_page_81_logs_data_dynamic 0x20000124   Data          12  ant_common_page_81.o(log_dynamic_data)
    m_nrf_log_gpiote_logs_data_dynamic       0x20000130   Data          12  nrf_drv_gpiote.o(log_dynamic_data)
    m_nrf_log_uart_logs_data_dynamic         0x2000013c   Data          12  nrf_drv_uart.o(log_dynamic_data)
    m_nrf_log_hardfault_logs_data_dynamic    0x20000148   Data          12  hardfault_implementation.o(log_dynamic_data)
    m_nrf_log_balloc_logs_data_dynamic       0x20000154   Data          12  nrf_balloc.o(log_dynamic_data)
    m_nrf_log_pwr_mgmt_logs_data_dynamic     0x20000160   Data          12  nrf_pwr_mgmt.o(log_dynamic_data)
    m_nrf_log_app_logs_data_dynamic          0x2000016c   Data          12  nrf_log_frontend.o(log_dynamic_data)
    m_nrf_log_nrf_sdh_logs_data_dynamic      0x20000178   Data          12  nrf_sdh.o(log_dynamic_data)
    m_nrf_log_nrf_sdh_ant_logs_data_dynamic  0x20000184   Data          12  nrf_sdh_ant.o(log_dynamic_data)
    m_nrf_log_nrf_sdh_soc_logs_data_dynamic  0x20000190   Data          12  nrf_sdh_soc.o(log_dynamic_data)
    nrf_nvic_state                           0x20000438   Data          12  app_util_platform.o(.bss)
    STACK$$Base                              0x200009f0   Number         0  arm_startup_nrf52.o(STACK)
    STACK$$Limit                             0x200029f0   Number         0  arm_startup_nrf52.o(STACK)
    __initial_sp                             0x200029f0   Data           0  arm_startup_nrf52.o(STACK)



==============================================================================

Memory Map of the image

  Image Entry point : 0x00000201

  Load Region LR_IROM1 (Base: 0x00000000, Size: 0x00004ad4, Max: 0x00040000, ABSOLUTE, COMPRESSED[0x00004970])

    Execution Region ER_IROM1 (Exec base: 0x00000000, Load base: 0x00000000, Size: 0x00004938, Max: 0x00040000, ABSOLUTE)

    Exec Addr    Load Addr    Size         Type   Attr      Idx    E Section Name        Object

    0x00000000   0x00000000   0x00000200   Data   RO         3581    RESET               arm_startup_nrf52.o
    0x00000200   0x00000200   0x00000000   Code   RO         3622  * .ARM.Collect$$$$00000000  mc_w.l(entry.o)
    0x00000200   0x00000200   0x00000004   Code   RO         3672    .ARM.Collect$$$$00000001  mc_w.l(entry2.o)
    0x00000204   0x00000204   0x00000004   Code   RO         3675    .ARM.Collect$$$$00000004  mc_w.l(entry5.o)
    0x00000208   0x00000208   0x00000000   Code   RO         3677    .ARM.Collect$$$$00000008  mc_w.l(entry7b.o)
    0x00000208   0x00000208   0x00000000   Code   RO         3679    .ARM.Collect$$$$0000000A  mc_w.l(entry8b.o)
    0x00000208   0x00000208   0x00000008   Code   RO         3680    .ARM.Collect$$$$0000000B  mc_w.l(entry9a.o)
    0x00000210   0x00000210   0x00000000   Code   RO         3682    .ARM.Collect$$$$0000000D  mc_w.l(entry10a.o)
    0x00000210   0x00000210   0x00000000   Code   RO         3684    .ARM.Collect$$$$0000000F  mc_w.l(entry11a.o)
    0x00000210   0x00000210   0x00000004   Code   RO         3673    .ARM.Collect$$$$00002712  mc_w.l(entry2.o)
    0x00000214   0x00000214   0x00000034   Code   RO         2150    .emb_text           hardfault_handler_keil.o
    0x00000248   0x00000248   0x0000009a   Code   RO         2358    .emb_text           nrf_memobj.o
    0x000002e2   0x000002e2   0x00000002   PAD
    0x000002e4   0x000002e4   0x0000009a   Code   RO         2446    .emb_text           nrf_pwr_mgmt.o
    0x0000037e   0x0000037e   0x00000002   PAD
    0x00000380   0x00000380   0x0000009a   Code   RO         2783    .emb_text           nrf_log_frontend.o
    0x0000041a   0x0000041a   0x00000002   PAD
    0x0000041c   0x0000041c   0x00000024   Code   RO         3582    .text               arm_startup_nrf52.o
    0x00000440   0x00000440   0x00000062   Code   RO         3630    .text               mc_w.l(uldiv.o)
    0x000004a2   0x000004a2   0x00000002   PAD
    0x000004a4   0x000004a4   0x00000008   Code   RO         3632    .text               mc_w.l(ctype_o.o)
    0x000004ac   0x000004ac   0x00000024   Code   RO         3660    .text               mc_w.l(memcpya.o)
    0x000004d0   0x000004d0   0x00000024   Code   RO         3662    .text               mc_w.l(memseta.o)
    0x000004f4   0x000004f4   0x0000000e   Code   RO         3664    .text               mc_w.l(strlen.o)
    0x00000502   0x00000502   0x0000001e   Code   RO         3687    .text               mc_w.l(llshl.o)
    0x00000520   0x00000520   0x00000020   Code   RO         3689    .text               mc_w.l(llushr.o)
    0x00000540   0x00000540   0x00000024   Code   RO         3692    .text               mc_w.l(init.o)
    0x00000564   0x00000564   0x0000003a   Code   RO         3702    .text               mc_w.l(__dczerorl.o)
    0x0000059e   0x0000059e   0x00000002   PAD
    0x000005a0   0x000005a0   0x00000174   Code   RO         1238    i.GPIOTE_IRQHandler  nrf_drv_gpiote.o
    0x00000714   0x00000714   0x00000016   Code   RO         2172    i.HardFault_c_handler  hardfault_implementation.o
    0x0000072a   0x0000072a   0x00000002   PAD
    0x0000072c   0x0000072c   0x00000024   Code   RO         2173    i.HardFault_process  hardfault_implementation.o
    0x00000750   0x00000750   0x00000016   Code   RO         1913    i.NVIC_ClearPendingIRQ  app_timer.o
    0x00000766   0x00000766   0x00000016   Code   RO         1914    i.NVIC_EnableIRQ    app_timer.o
    0x0000077c   0x0000077c   0x00000016   Code   RO         1915    i.NVIC_SetPendingIRQ  app_timer.o
    0x00000792   0x00000792   0x00000020   Code   RO         1916    i.NVIC_SetPriority  app_timer.o
    0x000007b2   0x000007b2   0x00000002   PAD
    0x000007b4   0x000007b4   0x00000024   Code   RO         1917    i.RTC1_IRQHandler   app_timer.o
    0x000007d8   0x000007d8   0x00000004   Code   RO         1918    i.SWI0_EGU0_IRQHandler  app_timer.o
    0x000007dc   0x000007dc   0x00000004   Code   RO         3377    i.SWI2_EGU2_IRQHandler  nrf_sdh.o
    0x000007e0   0x000007e0   0x00000298   Code   RO         3590    i.SystemInit        system_nrf52.o
    0x00000a78   0x00000a78   0x0000001c   Code   RO         1485    i.UARTE0_UART0_IRQHandler  nrf_drv_uart.o
    0x00000a94   0x00000a94   0x0000000e   Code   RO         3696    i.__scatterload_copy  mc_w.l(handlers.o)
    0x00000aa2   0x00000aa2   0x00000002   Code   RO         3697    i.__scatterload_null  mc_w.l(handlers.o)
    0x00000aa4   0x00000aa4   0x0000000e   Code   RO         3698    i.__scatterload_zeroinit  mc_w.l(handlers.o)
    0x00000ab2   0x00000ab2   0x00000002   PAD
    0x00000ab4   0x00000ab4   0x00000024   Code   RO         3378    i.__sd_nvic_app_accessible_irq  nrf_sdh.o
    0x00000ad8   0x00000ad8   0x00000016   Code   RO         3379    i.__sd_nvic_is_app_accessible_priority  nrf_sdh.o
    0x00000aee   0x00000aee   0x00000006   Code   RO          413    i.alert_timer_handler  bsp.o
    0x00000af4   0x00000af4   0x0000000a   Code   RO          697    i.ant_bpwr_cadence_encode  ant_bpwr_common_data.o
    0x00000afe   0x00000afe   0x00000002   PAD
    0x00000b00   0x00000b00   0x00000044   Code   RO            4    i.ant_bpwr_calib_handler  main.o
    0x00000b44   0x00000b44   0x0000000e   Code   RO          570    i.ant_bpwr_calib_response  ant_bpwr.o
    0x00000b52   0x00000b52   0x00000002   PAD
    0x00000b54   0x00000b54   0x00000038   Code   RO            5    i.ant_bpwr_evt_handler  main.o
    0x00000b8c   0x00000b8c   0x0000008c   Code   RO          574    i.ant_bpwr_init     ant_bpwr.o
    0x00000c18   0x00000c18   0x0000001e   Code   RO          784    i.ant_bpwr_page_16_encode  ant_bpwr_page_16.o
    0x00000c36   0x00000c36   0x00000012   Code   RO          824    i.ant_bpwr_page_17_encode  ant_bpwr_page_17.o
    0x00000c48   0x00000c48   0x00000012   Code   RO          864    i.ant_bpwr_page_18_encode  ant_bpwr_page_18.o
    0x00000c5a   0x00000c5a   0x00000002   PAD
    0x00000c5c   0x00000c5c   0x000000a0   Code   RO          739    i.ant_bpwr_page_1_decode  ant_bpwr_page_1.o
    0x00000cfc   0x00000cfc   0x000000e0   Code   RO          740    i.ant_bpwr_page_1_encode  ant_bpwr_page_1.o
    0x00000ddc   0x00000ddc   0x0000001a   Code   RO          904    i.ant_bpwr_page_torque_encode  ant_bpwr_page_torque.o
    0x00000df6   0x00000df6   0x00000002   PAD
    0x00000df8   0x00000df8   0x00000120   Code   RO          905    i.ant_bpwr_page_torque_log  ant_bpwr_page_torque.o
    0x00000f18   0x00000f18   0x0000004c   Code   RO          575    i.ant_bpwr_sens_evt_handler  ant_bpwr.o
    0x00000f64   0x00000f64   0x00000024   Code   RO          576    i.ant_bpwr_sens_init  ant_bpwr.o
    0x00000f88   0x00000f88   0x0000003c   Code   RO          577    i.ant_bpwr_sens_open  ant_bpwr.o
    0x00000fc4   0x00000fc4   0x00000034   Code   RO          953    i.ant_bpwr_simulator_decrement  ant_bpwr_simulator.o
    0x00000ff8   0x00000ff8   0x00000034   Code   RO          954    i.ant_bpwr_simulator_increment  ant_bpwr_simulator.o
    0x0000102c   0x0000102c   0x00000068   Code   RO          955    i.ant_bpwr_simulator_init  ant_bpwr_simulator.o
    0x00001094   0x00001094   0x00000130   Code   RO          956    i.ant_bpwr_simulator_one_iteration  ant_bpwr_simulator.o
    0x000011c4   0x000011c4   0x0000003c   Code   RO         1001    i.ant_channel_init  ant_channel_config.o
    0x00001200   0x00001200   0x0000002c   Code   RO         1026    i.ant_common_page_80_encode  ant_common_page_80.o
    0x0000122c   0x0000122c   0x00000022   Code   RO         1066    i.ant_common_page_81_encode  ant_common_page_81.o
    0x0000124e   0x0000124e   0x00000002   PAD
    0x00001250   0x00001250   0x00000060   Code   RO         1150    i.ant_evt_handler   ant_state_indicator.o
    0x000012b0   0x000012b0   0x0000001c   Code   RO          578    i.ant_message_send  ant_bpwr.o
    0x000012cc   0x000012cc   0x0000000c   Code   RO         1111    i.ant_plus_key_set  ant_key_manager.o
    0x000012d8   0x000012d8   0x00000020   Code   RO         1151    i.ant_state_indicator_channel_opened  ant_state_indicator.o
    0x000012f8   0x000012f8   0x00000010   Code   RO         1152    i.ant_state_indicator_init  ant_state_indicator.o
    0x00001308   0x00001308   0x00000024   Code   RO         1721    i.app_button_enable  app_button.o
    0x0000132c   0x0000132c   0x00000070   Code   RO         1722    i.app_button_init   app_button.o
    0x0000139c   0x0000139c   0x00000078   Code   RO         1822    i.app_error_fault_handler  app_error_weak.o
    0x00001414   0x00001414   0x00000016   Code   RO         1783    i.app_error_handler_bare  app_error.o
    0x0000142a   0x0000142a   0x00000002   PAD
    0x0000142c   0x0000142c   0x00000024   Code   RO         1921    i.app_timer_create  app_timer.o
    0x00001450   0x00001450   0x00000054   Code   RO         1922    i.app_timer_init    app_timer.o
    0x000014a4   0x000014a4   0x00000088   Code   RO         1925    i.app_timer_start   app_timer.o
    0x0000152c   0x0000152c   0x00000020   Code   RO         1926    i.app_timer_stop    app_timer.o
    0x0000154c   0x0000154c   0x00000048   Code   RO         2082    i.app_util_critical_region_enter  app_util_platform.o
    0x00001594   0x00001594   0x00000034   Code   RO         2083    i.app_util_critical_region_exit  app_util_platform.o
    0x000015c8   0x000015c8   0x000000b8   Code   RO         1486    i.apply_config      nrf_drv_uart.o
    0x00001680   0x00001680   0x00000024   Code   RO          308    i.bsp_board_led_invert  boards.o
    0x000016a4   0x000016a4   0x00000010   Code   RO          309    i.bsp_board_led_off  boards.o
    0x000016b4   0x000016b4   0x00000010   Code   RO          310    i.bsp_board_led_on  boards.o
    0x000016c4   0x000016c4   0x00000020   Code   RO          311    i.bsp_board_led_state_get  boards.o
    0x000016e4   0x000016e4   0x0000002c   Code   RO          312    i.bsp_board_leds_init  boards.o
    0x00001710   0x00001710   0x00000012   Code   RO          313    i.bsp_board_leds_off  boards.o
    0x00001722   0x00001722   0x00000012   Code   RO          314    i.bsp_board_leds_on  boards.o
    0x00001734   0x00001734   0x00000024   Code   RO          315    i.bsp_board_pin_to_button_idx  boards.o
    0x00001758   0x00001758   0x00000090   Code   RO          414    i.bsp_button_event_handler  bsp.o
    0x000017e8   0x000017e8   0x00000044   Code   RO          418    i.bsp_event_to_button_action_assign  bsp.o
    0x0000182c   0x0000182c   0x00000028   Code   RO            6    i.bsp_evt_handler   main.o
    0x00001854   0x00001854   0x00000018   Code   RO          419    i.bsp_indication_set  bsp.o
    0x0000186c   0x0000186c   0x00000094   Code   RO          420    i.bsp_init          bsp.o
    0x00001900   0x00001900   0x000001b8   Code   RO          421    i.bsp_led_indication  bsp.o
    0x00001ab8   0x00001ab8   0x00000064   Code   RO         2784    i.buf_prealloc      nrf_log_frontend.o
    0x00001b1c   0x00001b1c   0x0000001e   Code   RO         2318    i.buffer_add        nrf_fprintf_format.o
    0x00001b3a   0x00001b3a   0x00000002   PAD
    0x00001b3c   0x00001b3c   0x00000014   Code   RO         2785    i.buffer_is_empty   nrf_log_frontend.o
    0x00001b50   0x00001b50   0x00000008   Code   RO          424    i.button_timer_handler  bsp.o
    0x00001b58   0x00001b58   0x00000080   Code   RO          698    i.cadence_data_log  ant_bpwr_common_data.o
    0x00001bd8   0x00001bd8   0x0000001c   Code   RO         1239    i.channel_free      nrf_drv_gpiote.o
    0x00001bf4   0x00001bf4   0x00000048   Code   RO         1240    i.channel_port_alloc  nrf_drv_gpiote.o
    0x00001c3c   0x00001c3c   0x00000010   Code   RO         1241    i.channel_port_get  nrf_drv_gpiote.o
    0x00001c4c   0x00001c4c   0x000000ac   Code   RO         1928    i.compare_reg_update  app_timer.o
    0x00001cf8   0x00001cf8   0x00000060   Code   RO         1724    i.detection_delay_timeout_handler  app_button.o
    0x00001d58   0x00001d58   0x00000040   Code   RO         1929    i.elapsed_ticks_acquire  app_timer.o
    0x00001d98   0x00001d98   0x00000058   Code   RO         1725    i.gpiote_event_handler  app_button.o
    0x00001df0   0x00001df0   0x000000a6   Code   RO         2319    i.int_print         nrf_fprintf_format.o
    0x00001e96   0x00001e96   0x00000002   PAD
    0x00001e98   0x00001e98   0x00000078   Code   RO         1487    i.interrupts_enable  nrf_drv_uart.o
    0x00001f10   0x00001f10   0x00000030   Code   RO          425    i.leds_off          bsp.o
    0x00001f40   0x00001f40   0x00000014   Code   RO          426    i.leds_timer_handler  bsp.o
    0x00001f54   0x00001f54   0x000000f8   Code   RO         1930    i.list_insertions_handler  app_timer.o
    0x0000204c   0x0000204c   0x00000094   Code   RO         2787    i.log_skip          nrf_log_frontend.o
    0x000020e0   0x000020e0   0x00000012   Code   RO         1153    i.m_shutdown_handler  ant_state_indicator.o
    0x000020f2   0x000020f2   0x0000003a   Code   RO            7    i.main              main.o
    0x0000212c   0x0000212c   0x00000076   Code   RO         2359    i.memobj_op         nrf_memobj.o
    0x000021a2   0x000021a2   0x00000002   PAD
    0x000021a4   0x000021a4   0x00000034   Code   RO         2788    i.module_idx_get    nrf_log_frontend.o
    0x000021d8   0x000021d8   0x00000064   Code   RO          580    i.next_page_number_get  ant_bpwr.o
    0x0000223c   0x0000223c   0x0000000e   Code   RO         2789    i.nrf_atomic_flag_set  nrf_log_frontend.o
    0x0000224a   0x0000224a   0x00000044   Code   RO         2234    i.nrf_balloc_alloc  nrf_balloc.o
    0x0000228e   0x0000228e   0x00000030   Code   RO         2235    i.nrf_balloc_free   nrf_balloc.o
    0x000022be   0x000022be   0x00000030   Code   RO         2236    i.nrf_balloc_init   nrf_balloc.o
    0x000022ee   0x000022ee   0x00000010   Code   RO         1242    i.nrf_bitmask_bit_is_set  nrf_drv_gpiote.o
    0x000022fe   0x000022fe   0x00000002   PAD
    0x00002300   0x00002300   0x0000008c   Code   RO         1931    i.nrf_delay_us      app_timer.o
    0x0000238c   0x0000238c   0x00000016   Code   RO         1488    i.nrf_drv_common_irq_disable  nrf_drv_uart.o
    0x000023a2   0x000023a2   0x00000038   Code   RO         1197    i.nrf_drv_common_irq_enable  nrf_drv_common.o
    0x000023da   0x000023da   0x00000006   Code   RO         1489    i.nrf_drv_get_IRQn  nrf_drv_uart.o
    0x000023e0   0x000023e0   0x000000a4   Code   RO         1247    i.nrf_drv_gpiote_in_event_enable  nrf_drv_gpiote.o
    0x00002484   0x00002484   0x000000b8   Code   RO         1248    i.nrf_drv_gpiote_in_init  nrf_drv_gpiote.o
    0x0000253c   0x0000253c   0x00000014   Code   RO         1249    i.nrf_drv_gpiote_in_is_set  nrf_drv_gpiote.o
    0x00002550   0x00002550   0x0000005c   Code   RO         1251    i.nrf_drv_gpiote_init  nrf_drv_gpiote.o
    0x000025ac   0x000025ac   0x00000014   Code   RO         1252    i.nrf_drv_gpiote_is_init  nrf_drv_gpiote.o
    0x000025c0   0x000025c0   0x00000010   Code   RO         1490    i.nrf_drv_is_in_RAM  nrf_drv_uart.o
    0x000025d0   0x000025d0   0x00000068   Code   RO         1492    i.nrf_drv_uart_init  nrf_drv_uart.o
    0x00002638   0x00002638   0x0000010c   Code   RO         1500    i.nrf_drv_uart_tx   nrf_drv_uart.o
    0x00002744   0x00002744   0x00000018   Code   RO         1502    i.nrf_drv_uart_tx_in_progress  nrf_drv_uart.o
    0x0000275c   0x0000275c   0x00000054   Code   RO         1503    i.nrf_drv_uart_uninit  nrf_drv_uart.o
    0x000027b0   0x000027b0   0x0000001a   Code   RO         2275    i.nrf_fprintf       nrf_fprintf.o
    0x000027ca   0x000027ca   0x00000018   Code   RO         2276    i.nrf_fprintf_buffer_flush  nrf_fprintf.o
    0x000027e2   0x000027e2   0x000001da   Code   RO         2320    i.nrf_fprintf_fmt   nrf_fprintf_format.o
    0x000029bc   0x000029bc   0x00000024   Code   RO          317    i.nrf_gpio_cfg      boards.o
    0x000029e0   0x000029e0   0x00000024   Code   RO         1266    i.nrf_gpio_cfg      nrf_drv_gpiote.o
    0x00002a04   0x00002a04   0x00000024   Code   RO         1504    i.nrf_gpio_cfg      nrf_drv_uart.o
    0x00002a28   0x00002a28   0x00000012   Code   RO         1505    i.nrf_gpio_cfg_default  nrf_drv_uart.o
    0x00002a3a   0x00002a3a   0x00000012   Code   RO         1506    i.nrf_gpio_cfg_input  nrf_drv_uart.o
    0x00002a4c   0x00002a4c   0x00000014   Code   RO         1507    i.nrf_gpio_cfg_output  nrf_drv_uart.o
    0x00002a60   0x00002a60   0x00000022   Code   RO         1268    i.nrf_gpio_cfg_sense_set  nrf_drv_gpiote.o
    0x00002a82   0x00002a82   0x00000016   Code   RO          318    i.nrf_gpio_pin_write  boards.o
    0x00002a98   0x00002a98   0x00000028   Code   RO         1269    i.nrf_gpio_ports_read  nrf_drv_gpiote.o
    0x00002ac0   0x00002ac0   0x00000014   Code   RO         1270    i.nrf_gpiote_event_clear  nrf_drv_gpiote.o
    0x00002ad4   0x00002ad4   0x00000010   Code   RO         1271    i.nrf_gpiote_event_is_set  nrf_drv_gpiote.o
    0x00002ae4   0x00002ae4   0x00000050   Code   RO         2790    i.nrf_log_backend_add  nrf_log_frontend.o
    0x00002b34   0x00002b34   0x000000d2   Code   RO         2638    i.nrf_log_backend_serial_put  nrf_log_backend_serial.o
    0x00002c06   0x00002c06   0x00000002   Code   RO         2678    i.nrf_log_backend_uart_flush  nrf_log_backend_uart.o
    0x00002c08   0x00002c08   0x00000006   Code   RO         2679    i.nrf_log_backend_uart_init  nrf_log_backend_uart.o
    0x00002c0e   0x00002c0e   0x00000002   PAD
    0x00002c10   0x00002c10   0x00000018   Code   RO         2680    i.nrf_log_backend_uart_panic_set  nrf_log_backend_uart.o
    0x00002c28   0x00002c28   0x00000018   Code   RO         2681    i.nrf_log_backend_uart_put  nrf_log_backend_uart.o
    0x00002c40   0x00002c40   0x00000030   Code   RO         2792    i.nrf_log_color_id_get  nrf_log_frontend.o
    0x00002c70   0x00002c70   0x0000001c   Code   RO         2750    i.nrf_log_default_backends_init  nrf_log_default_backends.o
    0x00002c8c   0x00002c8c   0x000001f0   Code   RO         2793    i.nrf_log_frontend_dequeue  nrf_log_frontend.o
    0x00002e7c   0x00002e7c   0x000000b4   Code   RO         2794    i.nrf_log_frontend_hexdump  nrf_log_frontend.o
    0x00002f30   0x00002f30   0x00000008   Code   RO         2795    i.nrf_log_frontend_std_0  nrf_log_frontend.o
    0x00002f38   0x00002f38   0x0000000e   Code   RO         2796    i.nrf_log_frontend_std_1  nrf_log_frontend.o
    0x00002f46   0x00002f46   0x00000010   Code   RO         2797    i.nrf_log_frontend_std_2  nrf_log_frontend.o
    0x00002f56   0x00002f56   0x00000002   PAD
    0x00002f58   0x00002f58   0x000000ac   Code   RO         2975    i.nrf_log_hexdump_entry_process  nrf_log_str_formatter.o
    0x00003004   0x00003004   0x0000005c   Code   RO         2802    i.nrf_log_init      nrf_log_frontend.o
    0x00003060   0x00003060   0x00000014   Code   RO         2803    i.nrf_log_module_cnt_get  nrf_log_frontend.o
    0x00003074   0x00003074   0x0000001c   Code   RO         2806    i.nrf_log_module_name_get  nrf_log_frontend.o
    0x00003090   0x00003090   0x00000028   Code   RO         2807    i.nrf_log_panic     nrf_log_frontend.o
    0x000030b8   0x000030b8   0x000000b6   Code   RO         2976    i.nrf_log_std_entry_process  nrf_log_str_formatter.o
    0x0000316e   0x0000316e   0x00000060   Code   RO         2360    i.nrf_memobj_alloc  nrf_memobj.o
    0x000031ce   0x000031ce   0x00000032   Code   RO         2361    i.nrf_memobj_free   nrf_memobj.o
    0x00003200   0x00003200   0x0000000e   Code   RO         2362    i.nrf_memobj_get    nrf_memobj.o
    0x0000320e   0x0000320e   0x00000004   Code   RO         2363    i.nrf_memobj_pool_init  nrf_memobj.o
    0x00003212   0x00003212   0x00000022   Code   RO         2364    i.nrf_memobj_put    nrf_memobj.o
    0x00003234   0x00003234   0x0000000c   Code   RO         2365    i.nrf_memobj_read   nrf_memobj.o
    0x00003240   0x00003240   0x0000000c   Code   RO         2366    i.nrf_memobj_write  nrf_memobj.o
    0x0000324c   0x0000324c   0x00000002   Code   RO         2447    i.nrf_pwr_mgmt_feed  nrf_pwr_mgmt.o
    0x0000324e   0x0000324e   0x00000002   PAD
    0x00003250   0x00003250   0x00000028   Code   RO         2448    i.nrf_pwr_mgmt_init  nrf_pwr_mgmt.o
    0x00003278   0x00003278   0x00000044   Code   RO         2449    i.nrf_pwr_mgmt_run  nrf_pwr_mgmt.o
    0x000032bc   0x000032bc   0x00000040   Code   RO         2450    i.nrf_pwr_mgmt_shutdown  nrf_pwr_mgmt.o
    0x000032fc   0x000032fc   0x00000014   Code   RO         3508    i.nrf_sdh_ant_enable  nrf_sdh_ant.o
    0x00003310   0x00003310   0x0000004c   Code   RO         3509    i.nrf_sdh_ant_evts_poll  nrf_sdh_ant.o
    0x0000335c   0x0000335c   0x00000098   Code   RO         3381    i.nrf_sdh_enable_request  nrf_sdh.o
    0x000033f4   0x000033f4   0x00000024   Code   RO         3382    i.nrf_sdh_evts_poll  nrf_sdh.o
    0x00003418   0x00003418   0x0000000c   Code   RO         3383    i.nrf_sdh_is_enabled  nrf_sdh.o
    0x00003424   0x00003424   0x0000003c   Code   RO         3547    i.nrf_sdh_soc_evts_poll  nrf_sdh_soc.o
    0x00003460   0x00003460   0x0000000a   Code   RO         2523    i.nrf_section_iter_init  nrf_section_iter.o
    0x0000346a   0x0000346a   0x00000024   Code   RO         2524    i.nrf_section_iter_item_set  nrf_section_iter.o
    0x0000348e   0x0000348e   0x00000020   Code   RO         2525    i.nrf_section_iter_next  nrf_section_iter.o
    0x000034ae   0x000034ae   0x0000000a   Code   RO         1508    i.nrf_uart_event_check  nrf_drv_uart.o
    0x000034b8   0x000034b8   0x0000000c   Code   RO         1509    i.nrf_uart_event_clear  nrf_drv_uart.o
    0x000034c4   0x000034c4   0x0000000c   Code   RO         1510    i.nrf_uart_int_enable_check  nrf_drv_uart.o
    0x000034d0   0x000034d0   0x0000000a   Code   RO         1511    i.nrf_uarte_event_check  nrf_drv_uart.o
    0x000034da   0x000034da   0x0000000c   Code   RO         1512    i.nrf_uarte_event_clear  nrf_drv_uart.o
    0x000034e6   0x000034e6   0x00000002   PAD
    0x000034e8   0x000034e8   0x00000134   Code   RO          785    i.page16_data_log   ant_bpwr_page_16.o
    0x0000361c   0x0000361c   0x0000002c   Code   RO          825    i.page17_data_log   ant_bpwr_page_17.o
    0x00003648   0x00003648   0x0000002c   Code   RO          865    i.page18_data_log   ant_bpwr_page_18.o
    0x00003674   0x00003674   0x000001a8   Code   RO          741    i.page1_data_log    ant_bpwr_page_1.o
    0x0000381c   0x0000381c   0x000000b4   Code   RO         1027    i.page80_data_log   ant_common_page_80.o
    0x000038d0   0x000038d0   0x000000b8   Code   RO         1067    i.page81_data_log   ant_common_page_81.o
    0x00003988   0x00003988   0x00000018   Code   RO         1272    i.pin_in_use_by_port  nrf_drv_gpiote.o
    0x000039a0   0x000039a0   0x00000018   Code   RO         1273    i.pin_in_use_by_te  nrf_drv_gpiote.o
    0x000039b8   0x000039b8   0x00000078   Code   RO         1513    i.pins_to_default   nrf_drv_uart.o
    0x00003a30   0x00003a30   0x0000003c   Code   RO         2977    i.postfix_process   nrf_log_str_formatter.o
    0x00003a6c   0x00003a6c   0x0000005c   Code   RO         2978    i.prefix_process    nrf_log_str_formatter.o
    0x00003ac8   0x00003ac8   0x00000060   Code   RO            8    i.profile_setup     main.o
    0x00003b28   0x00003b28   0x0000003c   Code   RO         1932    i.rtc1_stop         app_timer.o
    0x00003b64   0x00003b64   0x00000032   Code   RO         1514    i.rx_byte           nrf_drv_uart.o
    0x00003b96   0x00003b96   0x00000018   Code   RO         1515    i.rx_done_event     nrf_drv_uart.o
    0x00003bae   0x00003bae   0x00000042   Code   RO         3388    i.sd_nvic_SetPriority  nrf_sdh.o
    0x00003bf0   0x00003bf0   0x00000030   Code   RO         3389    i.sdh_request_observer_notify  nrf_sdh.o
    0x00003c20   0x00003c20   0x0000002c   Code   RO         3390    i.sdh_state_observer_notify  nrf_sdh.o
    0x00003c4c   0x00003c4c   0x000000b4   Code   RO          581    i.sens_message_encode  ant_bpwr.o
    0x00003d00   0x00003d00   0x0000001c   Code   RO         2588    i.sensorsim_decrement  sensorsim.o
    0x00003d1c   0x00003d1c   0x0000001c   Code   RO         2589    i.sensorsim_increment  sensorsim.o
    0x00003d38   0x00003d38   0x00000016   Code   RO         2590    i.sensorsim_init    sensorsim.o
    0x00003d4e   0x00003d4e   0x0000001a   Code   RO         2591    i.sensorsim_measure  sensorsim.o
    0x00003d68   0x00003d68   0x00000028   Code   RO         2682    i.serial_tx         nrf_log_backend_uart.o
    0x00003d90   0x00003d90   0x0000007c   Code   RO         2451    i.shutdown_process  nrf_pwr_mgmt.o
    0x00003e0c   0x00003e0c   0x00000020   Code   RO            9    i.simulator_setup   main.o
    0x00003e2c   0x00003e2c   0x00000050   Code   RO         3392    i.softdevices_evt_irq_enable  nrf_sdh.o
    0x00003e7c   0x00003e7c   0x00000090   Code   RO         2809    i.std_n             nrf_log_frontend.o
    0x00003f0c   0x00003f0c   0x00000080   Code   RO         1933    i.timer_list_handler  app_timer.o
    0x00003f8c   0x00003f8c   0x0000003c   Code   RO         1934    i.timer_list_insert  app_timer.o
    0x00003fc8   0x00003fc8   0x00000060   Code   RO         1935    i.timer_list_remove  app_timer.o
    0x00004028   0x00004028   0x00000048   Code   RO         1936    i.timer_stop_op_schedule  app_timer.o
    0x00004070   0x00004070   0x00000074   Code   RO         1937    i.timer_timeouts_check  app_timer.o
    0x000040e4   0x000040e4   0x00000020   Code   RO         1517    i.tx_byte           nrf_drv_uart.o
    0x00004104   0x00004104   0x0000001c   Code   RO         1518    i.tx_done_event     nrf_drv_uart.o
    0x00004120   0x00004120   0x0000000c   Code   RO         2683    i.uart_evt_handler  nrf_log_backend_uart.o
    0x0000412c   0x0000412c   0x00000050   Code   RO         2684    i.uart_init         nrf_log_backend_uart.o
    0x0000417c   0x0000417c   0x0000011e   Code   RO         1519    i.uart_irq_handler  nrf_drv_uart.o
    0x0000429a   0x0000429a   0x000000f0   Code   RO         1520    i.uarte_irq_handler  nrf_drv_uart.o
    0x0000438a   0x0000438a   0x00000002   PAD
    0x0000438c   0x0000438c   0x000000b4   Code   RO         2321    i.unsigned_print    nrf_fprintf_format.o
    0x00004440   0x00004440   0x00000030   Code   RO         1938    i.user_op_alloc     app_timer.o
    0x00004470   0x00004470   0x00000054   Code   RO           10    i.utils_setup       main.o
    0x000044c4   0x000044c4   0x00000018   Code   RO          906    i.value_rescale     ant_bpwr_page_torque.o
    0x000044dc   0x000044dc   0x00000034   Data   RO           12    .constdata          main.o
    0x00004510   0x00004510   0x00000008   Data   RO          319    .constdata          boards.o
    0x00004518   0x00004518   0x0000002c   Data   RO          432    .constdata          bsp.o
    0x00004544   0x00004544   0x00000018   Data   RO          583    .constdata          ant_bpwr.o
    0x0000455c   0x0000455c   0x00000004   Data   RO         1275    .constdata          nrf_drv_gpiote.o
    0x00004560   0x00004560   0x00000008   Data   RO         1727    .constdata          app_button.o
    0x00004568   0x00004568   0x00000010   Data   RO         2322    .constdata          nrf_fprintf_format.o
    0x00004578   0x00004578   0x00000018   Data   RO         2453    .constdata          nrf_pwr_mgmt.o
    0x00004590   0x00004590   0x0000000c   Data   RO         2454    .constdata          nrf_pwr_mgmt.o
    0x0000459c   0x0000459c   0x0000000c   Data   RO         2686    .constdata          nrf_log_backend_uart.o
    0x000045a8   0x000045a8   0x00000020   Data   RO         2687    .constdata          nrf_log_backend_uart.o
    0x000045c8   0x000045c8   0x00000014   Data   RO         2812    .constdata          nrf_log_frontend.o
    0x000045dc   0x000045dc   0x00000010   Data   RO         3393    .constdata          nrf_sdh.o
    0x000045ec   0x000045ec   0x00000028   Data   RO         3394    .constdata          nrf_sdh.o
    0x00004614   0x00004614   0x00000010   Data   RO         3395    .constdata          nrf_sdh.o
    0x00004624   0x00004624   0x00000010   Data   RO         3396    .constdata          nrf_sdh.o
    0x00004634   0x00004634   0x00000010   Data   RO         3511    .constdata          nrf_sdh_ant.o
    0x00004644   0x00004644   0x00000018   Data   RO         3512    .constdata          nrf_sdh_ant.o
    0x0000465c   0x0000465c   0x00000010   Data   RO         3548    .constdata          nrf_sdh_soc.o
    0x0000466c   0x0000466c   0x0000000c   Data   RO         3549    .constdata          nrf_sdh_soc.o
    0x00004678   0x00004678   0x00000081   Data   RO         3633    .constdata          mc_w.l(ctype_o.o)
    0x000046f9   0x000046f9   0x00000003   PAD
    0x000046fc   0x000046fc   0x00000004   Data   RO         3634    .constdata          mc_w.l(ctype_o.o)
    0x00004700   0x00004700   0x00000066   Data   RO         2979    .conststring        nrf_log_str_formatter.o
    0x00004766   0x00004766   0x00000002   PAD
    0x00004768   0x00004768   0x00000009   Data   RO          584    .conststrlit        ant_bpwr.o
    0x00004771   0x00004771   0x00000003   PAD
    0x00004774   0x00004774   0x00000010   Data   RO          699    .conststrlit        ant_bpwr_common_data.o
    0x00004784   0x00004784   0x00000010   Data   RO          742    .conststrlit        ant_bpwr_page_1.o
    0x00004794   0x00004794   0x00000011   Data   RO          786    .conststrlit        ant_bpwr_page_16.o
    0x000047a5   0x000047a5   0x00000003   PAD
    0x000047a8   0x000047a8   0x00000011   Data   RO          826    .conststrlit        ant_bpwr_page_17.o
    0x000047b9   0x000047b9   0x00000003   PAD
    0x000047bc   0x000047bc   0x00000011   Data   RO          866    .conststrlit        ant_bpwr_page_18.o
    0x000047cd   0x000047cd   0x00000003   PAD
    0x000047d0   0x000047d0   0x00000015   Data   RO          907    .conststrlit        ant_bpwr_page_torque.o
    0x000047e5   0x000047e5   0x00000003   PAD
    0x000047e8   0x000047e8   0x00000013   Data   RO         1028    .conststrlit        ant_common_page_80.o
    0x000047fb   0x000047fb   0x00000001   PAD
    0x000047fc   0x000047fc   0x00000013   Data   RO         1068    .conststrlit        ant_common_page_81.o
    0x0000480f   0x0000480f   0x00000001   PAD
    0x00004810   0x00004810   0x00000007   Data   RO         1279    .conststrlit        nrf_drv_gpiote.o
    0x00004817   0x00004817   0x00000001   PAD
    0x00004818   0x00004818   0x00000005   Data   RO         1522    .conststrlit        nrf_drv_uart.o
    0x0000481d   0x0000481d   0x00000003   PAD
    0x00004820   0x00004820   0x0000000a   Data   RO         2174    .conststrlit        hardfault_implementation.o
    0x0000482a   0x0000482a   0x00000002   PAD
    0x0000482c   0x0000482c   0x00000007   Data   RO         2237    .conststrlit        nrf_balloc.o
    0x00004833   0x00004833   0x00000001   PAD
    0x00004834   0x00004834   0x00000009   Data   RO         2455    .conststrlit        nrf_pwr_mgmt.o
    0x0000483d   0x0000483d   0x00000003   PAD
    0x00004840   0x00004840   0x00000004   Data   RO         2814    .conststrlit        nrf_log_frontend.o
    0x00004844   0x00004844   0x00000008   Data   RO         3397    .conststrlit        nrf_sdh.o
    0x0000484c   0x0000484c   0x0000000c   Data   RO         3513    .conststrlit        nrf_sdh_ant.o
    0x00004858   0x00004858   0x0000000c   Data   RO         3550    .conststrlit        nrf_sdh_soc.o
    0x00004864   0x00004864   0x00000020   Data   RO         3694    Region$$Table       anon$$obj.o
    0x00004884   0x00004884   0x00000008   Data   RO          585    log_const_data      ant_bpwr.o
    0x0000488c   0x0000488c   0x00000008   Data   RO          700    log_const_data      ant_bpwr_common_data.o
    0x00004894   0x00004894   0x00000008   Data   RO          743    log_const_data      ant_bpwr_page_1.o
    0x0000489c   0x0000489c   0x00000008   Data   RO          787    log_const_data      ant_bpwr_page_16.o
    0x000048a4   0x000048a4   0x00000008   Data   RO          827    log_const_data      ant_bpwr_page_17.o
    0x000048ac   0x000048ac   0x00000008   Data   RO          867    log_const_data      ant_bpwr_page_18.o
    0x000048b4   0x000048b4   0x00000008   Data   RO          908    log_const_data      ant_bpwr_page_torque.o
    0x000048bc   0x000048bc   0x00000008   Data   RO         1029    log_const_data      ant_common_page_80.o
    0x000048c4   0x000048c4   0x00000008   Data   RO         1069    log_const_data      ant_common_page_81.o
    0x000048cc   0x000048cc   0x00000008   Data   RO         1280    log_const_data      nrf_drv_gpiote.o
    0x000048d4   0x000048d4   0x00000008   Data   RO         1523    log_const_data      nrf_drv_uart.o
    0x000048dc   0x000048dc   0x00000008   Data   RO         2175    log_const_data      hardfault_implementation.o
    0x000048e4   0x000048e4   0x00000008   Data   RO         2238    log_const_data      nrf_balloc.o
    0x000048ec   0x000048ec   0x00000008   Data   RO         2457    log_const_data      nrf_pwr_mgmt.o
    0x000048f4   0x000048f4   0x00000008   Data   RO         2818    log_const_data      nrf_log_frontend.o
    0x000048fc   0x000048fc   0x00000008   Data   RO         3399    log_const_data      nrf_sdh.o
    0x00004904   0x00004904   0x00000008   Data   RO         3514    log_const_data      nrf_sdh_ant.o
    0x0000490c   0x0000490c   0x00000008   Data   RO         3551    log_const_data      nrf_sdh_soc.o
    0x00004914   0x00004914   0x00000004   Data   RO         1155    pwr_mgmt_data1      ant_state_indicator.o
    0x00004918   0x00004918   0x00000008   Data   RO           14    sdh_ant_observers1  main.o
    0x00004920   0x00004920   0x00000008   Data   RO         1156    sdh_ant_observers1  ant_state_indicator.o
    0x00004928   0x00004928   0x00000008   Data   RO         3516    sdh_stack_observers0  nrf_sdh_ant.o
    0x00004930   0x00004930   0x00000008   Data   RO         3553    sdh_stack_observers0  nrf_sdh_soc.o


    Execution Region RW_IRAM1 (Exec base: 0x20000000, Load base: 0x00004938, Size: 0x000029f0, Max: 0x00008000, ABSOLUTE, COMPRESSED[0x00000038])

    Exec Addr    Load Addr    Size         Type   Attr      Idx    E Section Name        Object

    0x20000000   COMPRESSED   0x00000008   Data   RW           13    .data               main.o
    0x20000008   COMPRESSED   0x00000010   Data   RW          433    .data               bsp.o
    0x20000018   COMPRESSED   0x00000010   Data   RW         1112    .data               ant_key_manager.o
    0x20000028   COMPRESSED   0x00000002   Data   RW         1154    .data               ant_state_indicator.o
    0x2000002a   COMPRESSED   0x00000002   PAD
    0x2000002c   COMPRESSED   0x00000014   Data   RW         1728    .data               app_button.o
    0x20000040   COMPRESSED   0x00000014   Data   RW         1940    .data               app_timer.o
    0x20000054   COMPRESSED   0x00000008   Data   RW         2456    .data               nrf_pwr_mgmt.o
    0x2000005c   COMPRESSED   0x0000000c   Data   RW         2688    .data               nrf_log_backend_uart.o
    0x20000068   COMPRESSED   0x0000000c   Data   RW         2751    .data               nrf_log_default_backends.o
    0x20000074   COMPRESSED   0x00000008   Data   RW         2816    .data               nrf_log_frontend.o
    0x2000007c   COMPRESSED   0x00000008   Data   RW         2817    .data               nrf_log_frontend.o
    0x20000084   COMPRESSED   0x00000038   Data   RW         2980    .data               nrf_log_str_formatter.o
    0x200000bc   COMPRESSED   0x00000003   Data   RW         3398    .data               nrf_sdh.o
    0x200000bf   COMPRESSED   0x00000001   PAD
    0x200000c0   COMPRESSED   0x00000004   Data   RW         3591    .data               system_nrf52.o
    0x200000c4   COMPRESSED   0x0000000c   Data   RW          586    log_dynamic_data    ant_bpwr.o
    0x200000d0   COMPRESSED   0x0000000c   Data   RW          701    log_dynamic_data    ant_bpwr_common_data.o
    0x200000dc   COMPRESSED   0x0000000c   Data   RW          744    log_dynamic_data    ant_bpwr_page_1.o
    0x200000e8   COMPRESSED   0x0000000c   Data   RW          788    log_dynamic_data    ant_bpwr_page_16.o
    0x200000f4   COMPRESSED   0x0000000c   Data   RW          828    log_dynamic_data    ant_bpwr_page_17.o
    0x20000100   COMPRESSED   0x0000000c   Data   RW          868    log_dynamic_data    ant_bpwr_page_18.o
    0x2000010c   COMPRESSED   0x0000000c   Data   RW          909    log_dynamic_data    ant_bpwr_page_torque.o
    0x20000118   COMPRESSED   0x0000000c   Data   RW         1030    log_dynamic_data    ant_common_page_80.o
    0x20000124   COMPRESSED   0x0000000c   Data   RW         1070    log_dynamic_data    ant_common_page_81.o
    0x20000130   COMPRESSED   0x0000000c   Data   RW         1281    log_dynamic_data    nrf_drv_gpiote.o
    0x2000013c   COMPRESSED   0x0000000c   Data   RW         1524    log_dynamic_data    nrf_drv_uart.o
    0x20000148   COMPRESSED   0x0000000c   Data   RW         2176    log_dynamic_data    hardfault_implementation.o
    0x20000154   COMPRESSED   0x0000000c   Data   RW         2239    log_dynamic_data    nrf_balloc.o
    0x20000160   COMPRESSED   0x0000000c   Data   RW         2458    log_dynamic_data    nrf_pwr_mgmt.o
    0x2000016c   COMPRESSED   0x0000000c   Data   RW         2819    log_dynamic_data    nrf_log_frontend.o
    0x20000178   COMPRESSED   0x0000000c   Data   RW         3400    log_dynamic_data    nrf_sdh.o
    0x20000184   COMPRESSED   0x0000000c   Data   RW         3515    log_dynamic_data    nrf_sdh_ant.o
    0x20000190   COMPRESSED   0x0000000c   Data   RW         3552    log_dynamic_data    nrf_sdh_soc.o
    0x2000019c        -       0x0000008c   Zero   RW           11    .bss                main.o
    0x20000228        -       0x00000020   Zero   RW          428    .bss                bsp.o
    0x20000248        -       0x00000020   Zero   RW          429    .bss                bsp.o
    0x20000268        -       0x0000000c   Zero   RW          430    .bss                bsp.o
    0x20000274        -       0x00000020   Zero   RW          431    .bss                bsp.o
    0x20000294        -       0x00000058   Zero   RW         1274    .bss                nrf_drv_gpiote.o
    0x200002ec        -       0x00000020   Zero   RW         1521    .bss                nrf_drv_uart.o
    0x2000030c        -       0x00000020   Zero   RW         1726    .bss                app_button.o
    0x2000032c        -       0x0000010c   Zero   RW         1939    .bss                app_timer.o
    0x20000438        -       0x0000000c   Zero   RW         2088    .bss                app_util_platform.o
    0x20000444        -       0x0000000c   Zero   RW         2452    .bss                nrf_pwr_mgmt.o
    0x20000450        -       0x00000040   Zero   RW         2685    .bss                nrf_log_backend_uart.o
    0x20000490        -       0x000000c0   Zero   RW         2810    .bss                nrf_log_frontend.o
    0x20000550        -       0x00000420   Zero   RW         2811    .bss                nrf_log_frontend.o
    0x20000970        -       0x00000080   Zero   RW         3510    .bss                nrf_sdh_ant.o
    0x200009f0        -       0x00002000   Zero   RW         3579    STACK               arm_startup_nrf52.o


==============================================================================

Image component sizes


      Code (inc. data)   RO Data    RW Data    ZI Data      Debug   Object Name

       634         88         41         12          0      23390   ant_bpwr.o
       138        100         24         12          0       3294   ant_bpwr_common_data.o
       808        276         24         12          0      26302   ant_bpwr_page_1.o
       338        218         25         12          0       3556   ant_bpwr_page_16.o
        62         14         25         12          0       3080   ant_bpwr_page_17.o
        62         14         25         12          0       3080   ant_bpwr_page_18.o
       338        164         29         12          0      25663   ant_bpwr_page_torque.o
       512          0          0          0          0       6731   ant_bpwr_simulator.o
        60          0          0          0          0       1615   ant_channel_config.o
       224        126         27         12          0       3666   ant_common_page_80.o
       218        126         27         12          0      24582   ant_common_page_81.o
        12          6          0         16          0       2023   ant_key_manager.o
       162         14         12          2          0       4684   ant_state_indicator.o
       332         34          8         20         32      10622   app_button.o
        22          0          0          0          0       2321   app_error.o
       120         40          0          0          0      30717   app_error_weak.o
      1630        122          0         20        268      48923   app_timer.o
       124         14          0          0         12       9838   app_util_platform.o
        36          8        512          0       8192        968   arm_startup_nrf52.o
       274         32          8          0          0      12521   boards.o
       906         84         44         16        108      14216   bsp.o
        52         14          0          0          0        676   hardfault_handler_keil.o
        58         10         18         12          0       3174   hardfault_implementation.o
       434         40         60          8        140     105491   main.o
       164          0         15         12          0       4201   nrf_balloc.o
        56          0          0          0          0      29359   nrf_drv_common.o
      1178         84         19         12         88      37254   nrf_drv_gpiote.o
      1784         60         13         12         32      69121   nrf_drv_uart.o
        50          0          0          0          0       3749   nrf_fprintf.o
       850          4         16          0          0       5746   nrf_fprintf_format.o
       210          0          0          0          0      11435   nrf_log_backend_serial.o
       188         34         44         12         64      12954   nrf_log_backend_uart.o
        28          6          0         12          0       3411   nrf_log_default_backends.o
      1654         92         32         28       1248      33810   nrf_log_frontend.o
       506         66        102         56          0       5928   nrf_log_str_formatter.o
       494          0          0          0          0      13743   nrf_memobj.o
       452         42         53         20         12      42955   nrf_pwr_mgmt.o
       500         86        104         15          0      48863   nrf_sdh.o
        96         10         68         12        128       3621   nrf_sdh_ant.o
        60          4         56         12          0       4464   nrf_sdh_soc.o
        78          0          0          0          0       3000   nrf_section_iter.o
       104          0          0          0          0       3691   sensorsim.o
       664         54          0          4          0       2907   system_nrf52.o

    ----------------------------------------------------------------------
     16712       2086       1492        412      10324     711345   Object Totals
         0          0         32          0          0          0   (incl. Generated)
        40          0         29          3          0          0   (incl. Padding)

    ----------------------------------------------------------------------

      Code (inc. data)   RO Data    RW Data    ZI Data      Debug   Library Member Name

        58          0          0          0          0          0   __dczerorl.o
         8          4        133          0          0         68   ctype_o.o
         0          0          0          0          0          0   entry.o
         0          0          0          0          0          0   entry10a.o
         0          0          0          0          0          0   entry11a.o
         8          4          0          0          0          0   entry2.o
         4          0          0          0          0          0   entry5.o
         0          0          0          0          0          0   entry7b.o
         0          0          0          0          0          0   entry8b.o
         8          4          0          0          0          0   entry9a.o
        30          0          0          0          0          0   handlers.o
        36          8          0          0          0         68   init.o
        30          0          0          0          0         68   llshl.o
        32          0          0          0          0         68   llushr.o
        36          0          0          0          0         68   memcpya.o
        36          0          0          0          0        108   memseta.o
        14          0          0          0          0         68   strlen.o
        98          0          0          0          0         92   uldiv.o

    ----------------------------------------------------------------------
       404         20        136          0          0        608   Library Totals
         6          0          3          0          0          0   (incl. Padding)

    ----------------------------------------------------------------------

      Code (inc. data)   RO Data    RW Data    ZI Data      Debug   Library Name

       398         20        133          0          0        608   mc_w.l

    ----------------------------------------------------------------------
       404         20        136          0          0        608   Library Totals

    ----------------------------------------------------------------------

==============================================================================


      Code (inc. data)   RO Data    RW Data    ZI Data      Debug   

     17116       2106       1628        412      10324     691381   Grand Totals
     17116       2106       1628         56      10324     691381   ELF Image Totals (compressed)
     17116       2106       1628         56          0          0   ROM Totals

==============================================================================

    Total RO  Size (Code + RO Data)                18744 (  18.30kB)
    Total RW  Size (RW Data + ZI Data)             10736 (  10.48kB)
    Total ROM Size (Code + RO Data + RW Data)      18800 (  18.36kB)

==============================================================================

