<html>
<body>
<pre>
<h1>µVision Build Log</h1>
<h2>Tool Versions:</h2>
IDE-Version: µVision V5.24.2.0
Copyright (C) 2017 ARM Ltd and ARM Germany GmbH. All rights reserved.
License Information: Fred Drury, BuddyTracker.io, LIC=----
 
Tool Versions:
Toolchain:       MDK-Lite  Version: 5.24.1
Toolchain Path:  C:\Keil_v5\ARM\ARMCC\Bin
C Compiler:      Armcc.exe V5.06 update 5 (build 528)
Assembler:       Armasm.exe V5.06 update 5 (build 528)
Linker/Locator:  ArmLink.exe V5.06 update 5 (build 528)
Library Manager: ArmAr.exe V5.06 update 5 (build 528)
Hex Converter:   FromElf.exe V5.06 update 5 (build 528)
CPU DLL:         SARMCM3.DLL V5.24.1
Dialog DLL:      DCM.DLL V1.16.0.0
Target DLL:      UL2CM3.DLL V1.160.3.0
Dialog DLL:      TCM.DLL V1.32.0.0
 
<h2>Project:</h2>
C:\Users\Fred\Documents\HackEDBeta2017\WeArmPumped\Sensor\nRF5_SDK_14.2.0_17b948a\examples\ant\ant_plus\ant_hrm\hrm_tx\pca10040\s212\arm5_no_packs\ant_hrm_tx_pca10040_s212.uvprojx
Project File Date:  11/18/2017

<h2>Output:</h2>
*** Using Compiler 'V5.06 update 5 (build 528)', folder: 'C:\Keil_v5\ARM\ARMCC\Bin'
Build target 'nrf52832_xxaa'
compiling boards.c...
compiling bsp.c...
compiling main.c...
compiling bsp_nfc.c...
compiling ant_channel_config.c...
compiling ant_hrm.c...
compiling ant_hrm_page_0.c...
compiling ant_hrm_page_1.c...
compiling ant_hrm_page_2.c...
compiling ant_hrm_page_4.c...
compiling ant_hrm_page_3.c...
compiling ant_hrm_simulator.c...
compiling ant_key_manager.c...
compiling nrf_drv_common.c...
compiling ant_state_indicator.c...
compiling app_button.c...
compiling nrf_drv_gpiote.c...
compiling nrf_drv_uart.c...
compiling app_error.c...
compiling app_scheduler.c...
compiling app_error_weak.c...
compiling app_timer.c...
compiling hardfault_handler_keil.c...
compiling app_util_platform.c...
compiling nrf_assert.c...
compiling nrf_balloc.c...
compiling hardfault_implementation.c...
compiling nrf_fprintf.c...
compiling nrf_fprintf_format.c...
compiling nrf_memobj.c...
compiling nrf_pwr_mgmt.c...
compiling nrf_section_iter.c...
compiling sensorsim.c...
compiling nrf_log_backend_rtt.c...
compiling nrf_strerror.c...
compiling nrf_log_backend_serial.c...
compiling nrf_log_default_backends.c...
compiling nrf_log_backend_uart.c...
compiling nrf_log_frontend.c...
compiling nrf_log_str_formatter.c...
compiling SEGGER_RTT.c...
compiling SEGGER_RTT_Syscalls_KEIL.c...
compiling SEGGER_RTT_printf.c...
compiling nrf_sdh_ant.c...
compiling nrf_sdh.c...
compiling system_nrf52.c...
linking...
Program Size: Code=15124 RO-data=1440 RW-data=364 ZI-data=10300  
FromELF: creating hex file...
".\_build\nrf52832_xxaa.axf" - 0 Error(s), 0 Warning(s).

<h2>Software Packages used:</h2>

Package Vendor: ARM
                http://www.keil.com/pack/ARM.CMSIS.4.5.0.pack
                ARM.CMSIS.4.5.0
                CMSIS (Cortex Microcontroller Software Interface Standard)
   * Component: CORE Version: 4.3.0

Package Vendor: NordicSemiconductor
                http://developer.nordicsemi.com/nRF5_SDK/pieces/nRF_DeviceFamilyPack/NordicSemiconductor.nRF_DeviceFamilyPack.8.15.0.pack
                NordicSemiconductor.nRF_DeviceFamilyPack.8.15.0
                Nordic Semiconductor nRF ARM devices Device Family Pack.
   * Component: Startup Version: 8.15.0

<h2>Collection of Component include folders:</h2>
  .\RTE\_nrf52832_xxaa
  C:\Keil_v5\ARM\PACK\ARM\CMSIS\4.5.0\CMSIS\Include
  C:\Keil_v5\ARM\PACK\NordicSemiconductor\nRF_DeviceFamilyPack\8.15.0\Device\Include

<h2>Collection of Component Files used:</h2>

   * Component: NordicSemiconductor::Device:Startup:8.15.0
      Include file:  Device\Include\system_nrf52.h
      Source file:   Device\Source\system_nrf52.c
      Source file:   Device\Source\arm\arm_startup_nrf52.s

   * Component: ARM::CMSIS:CORE:4.3.0
Build Time Elapsed:  00:00:29
</pre>
</body>
</html>
