Component: ARM Compiler 5.06 update 5 (build 528) Tool: armlink [4d35e2]

==============================================================================

Section Cross References

    main.o(i.ant_hrm_evt_handler) refers to nrf_pwr_mgmt.o(i.nrf_pwr_mgmt_feed) for nrf_pwr_mgmt_feed
    main.o(i.ant_hrm_evt_handler) refers to ant_hrm_simulator.o(i.ant_hrm_simulator_one_iteration) for ant_hrm_simulator_one_iteration
    main.o(i.ant_hrm_evt_handler) refers to main.o(.bss) for .bss
    main.o(i.app_tick_handler) refers to main.o(.bss) for .bss
    main.o(i.bsp_evt_handler) refers to ant_hrm_simulator.o(i.ant_hrm_simulator_decrement) for ant_hrm_simulator_decrement
    main.o(i.bsp_evt_handler) refers to ant_hrm_simulator.o(i.ant_hrm_simulator_increment) for ant_hrm_simulator_increment
    main.o(i.bsp_evt_handler) refers to main.o(.bss) for .bss
    main.o(i.main) refers to main.o(i.utils_setup) for utils_setup
    main.o(i.main) refers to nrf_sdh.o(i.nrf_sdh_enable_request) for nrf_sdh_enable_request
    main.o(i.main) refers to app_error.o(i.app_error_handler_bare) for app_error_handler_bare
    main.o(i.main) refers to nrf_sdh_ant.o(i.nrf_sdh_ant_enable) for nrf_sdh_ant_enable
    main.o(i.main) refers to ant_key_manager.o(i.ant_plus_key_set) for ant_plus_key_set
    main.o(i.main) refers to memcpya.o(.text) for __aeabi_memcpy4
    main.o(i.main) refers to ant_hrm_simulator.o(i.ant_hrm_simulator_init) for ant_hrm_simulator_init
    main.o(i.main) refers to main.o(i.profile_setup) for profile_setup
    main.o(i.main) refers to nrf_log_frontend.o(i.nrf_log_frontend_dequeue) for nrf_log_frontend_dequeue
    main.o(i.main) refers to nrf_pwr_mgmt.o(i.nrf_pwr_mgmt_run) for nrf_pwr_mgmt_run
    main.o(i.main) refers to main.o(.constdata) for .constdata
    main.o(i.main) refers to main.o(.bss) for .bss
    main.o(i.profile_setup) refers to ant_hrm.o(i.ant_hrm_sens_init) for ant_hrm_sens_init
    main.o(i.profile_setup) refers to app_error.o(i.app_error_handler_bare) for app_error_handler_bare
    main.o(i.profile_setup) refers to ant_hrm.o(i.ant_hrm_sens_open) for ant_hrm_sens_open
    main.o(i.profile_setup) refers to ant_state_indicator.o(i.ant_state_indicator_channel_opened) for ant_state_indicator_channel_opened
    main.o(i.profile_setup) refers to main.o(.constdata) for .constdata
    main.o(i.profile_setup) refers to main.o(.bss) for .bss
    main.o(i.utils_setup) refers to nrf_log_frontend.o(i.nrf_log_init) for nrf_log_init
    main.o(i.utils_setup) refers to app_error.o(i.app_error_handler_bare) for app_error_handler_bare
    main.o(i.utils_setup) refers to nrf_log_default_backends.o(i.nrf_log_default_backends_init) for nrf_log_default_backends_init
    main.o(i.utils_setup) refers to app_timer.o(i.app_timer_init) for app_timer_init
    main.o(i.utils_setup) refers to nrf_pwr_mgmt.o(i.nrf_pwr_mgmt_init) for nrf_pwr_mgmt_init
    main.o(i.utils_setup) refers to bsp.o(i.bsp_init) for bsp_init
    main.o(i.utils_setup) refers to ant_state_indicator.o(i.ant_state_indicator_init) for ant_state_indicator_init
    main.o(i.utils_setup) refers to app_timer.o(i.app_timer_create) for app_timer_create
    main.o(i.utils_setup) refers to app_timer.o(i.app_timer_start) for app_timer_start
    main.o(i.utils_setup) refers to main.o(i.bsp_evt_handler) for bsp_evt_handler
    main.o(i.utils_setup) refers to main.o(.bss) for .bss
    main.o(i.utils_setup) refers to main.o(i.app_tick_handler) for app_tick_handler
    main.o(i.utils_setup) refers to main.o(.constdata) for .constdata
    main.o(.constdata) refers to main.o(.bss) for m_tick_timer_data
    main.o(.constdata) refers to main.o(.data) for m_ant_hrm_hrm_sens_cb
    main.o(.constdata) refers to main.o(i.ant_hrm_evt_handler) for ant_hrm_evt_handler
    main.o(.constdata) refers to main.o(.bss) for m_ant_hrm
    main.o(sdh_ant_observers1) refers to ant_hrm.o(i.ant_hrm_sens_evt_handler) for ant_hrm_sens_evt_handler
    main.o(sdh_ant_observers1) refers to main.o(.bss) for m_ant_hrm
    boards.o(i.bsp_board_button_idx_to_pin) refers to boards.o(.constdata) for .constdata
    boards.o(i.bsp_board_button_state_get) refers to boards.o(.constdata) for .constdata
    boards.o(i.bsp_board_buttons_init) refers to boards.o(i.nrf_gpio_cfg) for nrf_gpio_cfg
    boards.o(i.bsp_board_buttons_init) refers to boards.o(.constdata) for .constdata
    boards.o(i.bsp_board_led_idx_to_pin) refers to boards.o(.constdata) for .constdata
    boards.o(i.bsp_board_led_invert) refers to boards.o(.constdata) for .constdata
    boards.o(i.bsp_board_led_off) refers to boards.o(i.nrf_gpio_pin_write) for nrf_gpio_pin_write
    boards.o(i.bsp_board_led_off) refers to boards.o(.constdata) for .constdata
    boards.o(i.bsp_board_led_on) refers to boards.o(i.nrf_gpio_pin_write) for nrf_gpio_pin_write
    boards.o(i.bsp_board_led_on) refers to boards.o(.constdata) for .constdata
    boards.o(i.bsp_board_led_state_get) refers to boards.o(.constdata) for .constdata
[...]
    .constdata                               0x00003dbc   Section       20  nrf_log_frontend.o(.constdata)
    mempool                                  0x00003dbc   Data          20  nrf_log_frontend.o(.constdata)
    .constdata                               0x00003dd0   Section       16  nrf_sdh.o(.constdata)
    sdh_req_observers_array                  0x00003dd0   Data          16  nrf_sdh.o(.constdata)
    .constdata                               0x00003de0   Section       40  nrf_sdh.o(.constdata)
    sdh_req_observers                        0x00003de4   Data          12  nrf_sdh.o(.constdata)
    sdh_state_observers                      0x00003df0   Data          12  nrf_sdh.o(.constdata)
    sdh_stack_observers                      0x00003dfc   Data          12  nrf_sdh.o(.constdata)
    .constdata                               0x00003e08   Section       16  nrf_sdh.o(.constdata)
    sdh_state_observers_array                0x00003e08   Data          16  nrf_sdh.o(.constdata)
    .constdata                               0x00003e18   Section       16  nrf_sdh.o(.constdata)
    sdh_stack_observers_array                0x00003e18   Data          16  nrf_sdh.o(.constdata)
    .constdata                               0x00003e28   Section       16  nrf_sdh_ant.o(.constdata)
    sdh_ant_observers_array                  0x00003e28   Data          16  nrf_sdh_ant.o(.constdata)
    .constdata                               0x00003e38   Section       24  nrf_sdh_ant.o(.constdata)
    sdh_ant_observers                        0x00003e38   Data          12  nrf_sdh_ant.o(.constdata)
    .constdata                               0x00003e50   Section       16  nrf_sdh_soc.o(.constdata)
    sdh_soc_observers_array                  0x00003e50   Data          16  nrf_sdh_soc.o(.constdata)
    .constdata                               0x00003e60   Section       12  nrf_sdh_soc.o(.constdata)
    sdh_soc_observers                        0x00003e60   Data          12  nrf_sdh_soc.o(.constdata)
    .constdata                               0x00003e6c   Section      129  ctype_o.o(.constdata)
    .constdata                               0x00003ef0   Section        4  ctype_o.o(.constdata)
    table                                    0x00003ef0   Data           4  ctype_o.o(.constdata)
    .conststring                             0x00003ef4   Section      102  nrf_log_str_formatter.o(.conststring)
    .conststrlit                             0x00003f5c   Section        8  ant_hrm.o(.conststrlit)
    .conststrlit                             0x00003f64   Section       15  ant_hrm_page_0.o(.conststrlit)
    .conststrlit                             0x00003f74   Section       15  ant_hrm_page_1.o(.conststrlit)
    .conststrlit                             0x00003f84   Section       15  ant_hrm_page_2.o(.conststrlit)
    .conststrlit                             0x00003f94   Section       15  ant_hrm_page_3.o(.conststrlit)
    .conststrlit                             0x00003fa4   Section       15  ant_hrm_page_4.o(.conststrlit)
    .conststrlit                             0x00003fb4   Section        7  nrf_drv_gpiote.o(.conststrlit)
    .conststrlit                             0x00003fbc   Section        5  nrf_drv_uart.o(.conststrlit)
    .conststrlit                             0x00003fc4   Section       10  hardfault_implementation.o(.conststrlit)
    .conststrlit                             0x00003fd0   Section        7  nrf_balloc.o(.conststrlit)
    .conststrlit                             0x00003fd8   Section        9  nrf_pwr_mgmt.o(.conststrlit)
    .conststrlit                             0x00003fe4   Section        4  nrf_log_frontend.o(.conststrlit)
    .conststrlit                             0x00003fe8   Section        8  nrf_sdh.o(.conststrlit)
    .conststrlit                             0x00003ff0   Section       12  nrf_sdh_ant.o(.conststrlit)
    .conststrlit                             0x00003ffc   Section       12  nrf_sdh_soc.o(.conststrlit)
    log_const_data                           0x00004028   Section        8  ant_hrm.o(log_const_data)
    __tagsym$$used                           0x00004028   Number         0  ant_hrm.o(log_const_data)
    log_const_data                           0x00004030   Section        8  ant_hrm_page_0.o(log_const_data)
    __tagsym$$used                           0x00004030   Number         0  ant_hrm_page_0.o(log_const_data)
    log_const_data                           0x00004038   Section        8  ant_hrm_page_1.o(log_const_data)
    __tagsym$$used                           0x00004038   Number         0  ant_hrm_page_1.o(log_const_data)
    log_const_data                           0x00004040   Section        8  ant_hrm_page_2.o(log_const_data)
    __tagsym$$used                           0x00004040   Number         0  ant_hrm_page_2.o(log_const_data)
    log_const_data                           0x00004048   Section        8  ant_hrm_page_3.o(log_const_data)
    __tagsym$$used                           0x00004048   Number         0  ant_hrm_page_3.o(log_const_data)
    log_const_data                           0x00004050   Section        8  ant_hrm_page_4.o(log_const_data)
    __tagsym$$used                           0x00004050   Number         0  ant_hrm_page_4.o(log_const_data)
    log_const_data                           0x00004058   Section        8  nrf_drv_gpiote.o(log_const_data)
    __tagsym$$used                           0x00004058   Number         0  nrf_drv_gpiote.o(log_const_data)
    log_const_data                           0x00004060   Section        8  nrf_drv_uart.o(log_const_data)
    __tagsym$$used                           0x00004060   Number         0  nrf_drv_uart.o(log_const_data)
    log_const_data                           0x00004068   Section        8  hardfault_implementation.o(log_const_data)
    __tagsym$$used                           0x00004068   Number         0  hardfault_implementation.o(log_const_data)
    log_const_data                           0x00004070   Section        8  nrf_balloc.o(log_const_data)
    __tagsym$$used                           0x00004070   Number         0  nrf_balloc.o(log_const_data)
    log_const_data                           0x00004078   Section        8  nrf_pwr_mgmt.o(log_const_data)
    __tagsym$$used                           0x00004078   Number         0  nrf_pwr_mgmt.o(log_const_data)
    log_const_data                           0x00004080   Section        8  nrf_log_frontend.o(log_const_data)
    __tagsym$$used                           0x00004080   Number         0  nrf_log_frontend.o(log_const_data)
    log_const_data                           0x00004088   Section        8  nrf_sdh.o(log_const_data)
    __tagsym$$used                           0x00004088   Number         0  nrf_sdh.o(log_const_data)
    log_const_data                           0x00004090   Section        8  nrf_sdh_ant.o(log_const_data)
    __tagsym$$used                           0x00004090   Number         0  nrf_sdh_ant.o(log_const_data)
    log_const_data                           0x00004098   Section        8  nrf_sdh_soc.o(log_const_data)
    __tagsym$$used                           0x00004098   Number         0  nrf_sdh_soc.o(log_const_data)
    pwr_mgmt_data1                           0x000040a0   Section        4  ant_state_indicator.o(pwr_mgmt_data1)
    __tagsym$$used                           0x000040a0   Number         0  ant_state_indicator.o(pwr_mgmt_data1)
    m_shutdown_handler_handler_function      0x000040a0   Data           4  ant_state_indicator.o(pwr_mgmt_data1)
    sdh_ant_observers1                       0x000040a4   Section        8  main.o(sdh_ant_observers1)
    __tagsym$$used                           0x000040a4   Number         0  main.o(sdh_ant_observers1)
    m_ant_observer                           0x000040a4   Data           8  main.o(sdh_ant_observers1)
    sdh_ant_observers1                       0x000040ac   Section        8  ant_state_indicator.o(sdh_ant_observers1)
    __tagsym$$used                           0x000040ac   Number         0  ant_state_indicator.o(sdh_ant_observers1)
    m_ant_observer                           0x000040ac   Data           8  ant_state_indicator.o(sdh_ant_observers1)
    sdh_stack_observers0                     0x000040b4   Section        8  nrf_sdh_ant.o(sdh_stack_observers0)
    __tagsym$$used                           0x000040b4   Number         0  nrf_sdh_ant.o(sdh_stack_observers0)
    m_nrf_sdh_ant_evts_poll                  0x000040b4   Data           8  nrf_sdh_ant.o(sdh_stack_observers0)
    sdh_stack_observers0                     0x000040bc   Section        8  nrf_sdh_soc.o(sdh_stack_observers0)
    __tagsym$$used                           0x000040bc   Number         0  nrf_sdh_soc.o(sdh_stack_observers0)
    m_nrf_sdh_soc_evts_poll                  0x000040bc   Data           8  nrf_sdh_soc.o(sdh_stack_observers0)
    .data                                    0x20000000   Section        5  main.o(.data)
    m_ant_hrm_hrm_sens_cb                    0x20000000   Data           5  main.o(.data)
    .data                                    0x20000008   Section       16  bsp.o(.data)
    m_stable_state                           0x20000008   Data           1  bsp.o(.data)
    m_leds_clear                             0x20000009   Data           1  bsp.o(.data)
    m_alert_on                               0x2000000a   Data           1  bsp.o(.data)
    current_long_push_pin_no                 0x2000000b   Data           1  bsp.o(.data)
    m_indication_type                        0x2000000c   Data           4  bsp.o(.data)
    m_registered_callback                    0x20000010   Data           4  bsp.o(.data)
    release_event_at_push                    0x20000014   Data           4  bsp.o(.data)
    .data                                    0x20000018   Section       16  ant_key_manager.o(.data)
    m_ant_plus_network_key                   0x20000018   Data           8  ant_key_manager.o(.data)
    m_ant_fs_network_key                     0x20000020   Data           8  ant_key_manager.o(.data)
    .data                                    0x20000028   Section        2  ant_state_indicator.o(.data)
    m_channel                                0x20000028   Data           1  ant_state_indicator.o(.data)
    m_channel_type                           0x20000029   Data           1  ant_state_indicator.o(.data)
    .data                                    0x2000002c   Section       20  app_button.o(.data)
    m_button_count                           0x2000002c   Data           1  app_button.o(.data)
    mp_buttons                               0x20000030   Data           4  app_button.o(.data)
    m_detection_delay                        0x20000034   Data           4  app_button.o(.data)
    m_pin_state                              0x20000038   Data           4  app_button.o(.data)
    m_pin_transition                         0x2000003c   Data           4  app_button.o(.data)
    .data                                    0x20000040   Section       20  app_timer.o(.data)
    m_ticks_elapsed_q_read_ind               0x20000040   Data           1  app_timer.o(.data)
    m_ticks_elapsed_q_write_ind              0x20000041   Data           1  app_timer.o(.data)
    m_rtc1_running                           0x20000042   Data           1  app_timer.o(.data)
    m_rtc1_reset                             0x20000043   Data           1  app_timer.o(.data)
    mp_timer_id_head                         0x20000044   Data           4  app_timer.o(.data)
    m_ticks_latest                           0x20000048   Data           4  app_timer.o(.data)
    m_ticks_elapsed                          0x2000004c   Data           8  app_timer.o(.data)
    .data                                    0x20000054   Section        8  nrf_pwr_mgmt.o(.data)
    m_pwr_mgmt_evt                           0x20000054   Data           1  nrf_pwr_mgmt.o(.data)
    m_shutdown_started                       0x20000055   Data           1  nrf_pwr_mgmt.o(.data)
    m_sysoff_mtx                             0x20000058   Data           4  nrf_pwr_mgmt.o(.data)
    .data                                    0x2000005c   Section       12  nrf_log_backend_uart.o(.data)
    m_xfer_done                              0x2000005c   Data           1  nrf_log_backend_uart.o(.data)
    m_async_mode                             0x2000005d   Data           1  nrf_log_backend_uart.o(.data)
    .data                                    0x20000068   Section       12  nrf_log_default_backends.o(.data)
    uart_log_backend                         0x20000068   Data          12  nrf_log_default_backends.o(.data)
    .data                                    0x20000074   Section        8  nrf_log_frontend.o(.data)
    mempool_nrf_balloc_pool_stack            0x20000074   Data           8  nrf_log_frontend.o(.data)
    .data                                    0x2000007c   Section        8  nrf_log_frontend.o(.data)
    mempool_nrf_balloc_cb                    0x2000007c   Data           8  nrf_log_frontend.o(.data)
    .data                                    0x20000084   Section       56  nrf_log_str_formatter.o(.data)
    severity_names                           0x20000084   Data          20  nrf_log_str_formatter.o(.data)
    m_colors                                 0x20000098   Data          36  nrf_log_str_formatter.o(.data)
    .data                                    0x200000bc   Section        3  nrf_sdh.o(.data)
    m_nrf_sdh_enabled                        0x200000bc   Data           1  nrf_sdh.o(.data)
    m_nrf_sdh_suspended                      0x200000bd   Data           1  nrf_sdh.o(.data)
    m_nrf_sdh_continue                       0x200000be   Data           1  nrf_sdh.o(.data)
    .data                                    0x200000c0   Section        4  system_nrf52.o(.data)
    __tagsym$$used                           0x200000c0   Number         0  system_nrf52.o(.data)
    log_dynamic_data                         0x200000c4   Section       12  ant_hrm.o(log_dynamic_data)
    __tagsym$$used                           0x200000c4   Number         0  ant_hrm.o(log_dynamic_data)
    log_dynamic_data                         0x200000d0   Section       12  ant_hrm_page_0.o(log_dynamic_data)
    __tagsym$$used                           0x200000d0   Number         0  ant_hrm_page_0.o(log_dynamic_data)
    log_dynamic_data                         0x200000dc   Section       12  ant_hrm_page_1.o(log_dynamic_data)
    __tagsym$$used                           0x200000dc   Number         0  ant_hrm_page_1.o(log_dynamic_data)
    log_dynamic_data                         0x200000e8   Section       12  ant_hrm_page_2.o(log_dynamic_data)
    __tagsym$$used                           0x200000e8   Number         0  ant_hrm_page_2.o(log_dynamic_data)
    log_dynamic_data                         0x200000f4   Section       12  ant_hrm_page_3.o(log_dynamic_data)
    __tagsym$$used                           0x200000f4   Number         0  ant_hrm_page_3.o(log_dynamic_data)
    log_dynamic_data                         0x20000100   Section       12  ant_hrm_page_4.o(log_dynamic_data)
    __tagsym$$used                           0x20000100   Number         0  ant_hrm_page_4.o(log_dynamic_data)
    log_dynamic_data                         0x2000010c   Section       12  nrf_drv_gpiote.o(log_dynamic_data)
    __tagsym$$used                           0x2000010c   Number         0  nrf_drv_gpiote.o(log_dynamic_data)
    log_dynamic_data                         0x20000118   Section       12  nrf_drv_uart.o(log_dynamic_data)
    __tagsym$$used                           0x20000118   Number         0  nrf_drv_uart.o(log_dynamic_data)
    log_dynamic_data                         0x20000124   Section       12  hardfault_implementation.o(log_dynamic_data)
    __tagsym$$used                           0x20000124   Number         0  hardfault_implementation.o(log_dynamic_data)
    log_dynamic_data                         0x20000130   Section       12  nrf_balloc.o(log_dynamic_data)
    __tagsym$$used                           0x20000130   Number         0  nrf_balloc.o(log_dynamic_data)
    log_dynamic_data                         0x2000013c   Section       12  nrf_pwr_mgmt.o(log_dynamic_data)
    __tagsym$$used                           0x2000013c   Number         0  nrf_pwr_mgmt.o(log_dynamic_data)
    log_dynamic_data                         0x20000148   Section       12  nrf_log_frontend.o(log_dynamic_data)
    __tagsym$$used                           0x20000148   Number         0  nrf_log_frontend.o(log_dynamic_data)
    log_dynamic_data                         0x20000154   Section       12  nrf_sdh.o(log_dynamic_data)
    __tagsym$$used                           0x20000154   Number         0  nrf_sdh.o(log_dynamic_data)
    log_dynamic_data                         0x20000160   Section       12  nrf_sdh_ant.o(log_dynamic_data)
    __tagsym$$used                           0x20000160   Number         0  nrf_sdh_ant.o(log_dynamic_data)
    log_dynamic_data                         0x2000016c   Section       12  nrf_sdh_soc.o(log_dynamic_data)
    __tagsym$$used                           0x2000016c   Number         0  nrf_sdh_soc.o(log_dynamic_data)
    .bss                                     0x20000178   Section       32  main.o(.bss)
    m_tick_timer_data                        0x20000178   Data          32  main.o(.bss)
    .bss                                     0x20000198   Section       80  main.o(.bss)
    m_ant_hrm                                0x20000198   Data          32  main.o(.bss)
    m_ant_hrm_simulator                      0x200001b8   Data          48  main.o(.bss)
    .bss                                     0x200001e8   Section       32  bsp.o(.bss)
    m_leds_timer_id_data                     0x200001e8   Data          32  bsp.o(.bss)
    .bss                                     0x20000208   Section       32  bsp.o(.bss)
    m_alert_timer_id_data                    0x20000208   Data          32  bsp.o(.bss)
    .bss                                     0x20000228   Section       12  bsp.o(.bss)
    m_events_list                            0x20000228   Data          12  bsp.o(.bss)
    .bss                                     0x20000234   Section       32  bsp.o(.bss)
    m_button_timer_id_data                   0x20000234   Data          32  bsp.o(.bss)
    .bss                                     0x20000254   Section       88  nrf_drv_gpiote.o(.bss)
    m_cb                                     0x20000254   Data          88  nrf_drv_gpiote.o(.bss)
    .bss                                     0x200002ac   Section       32  nrf_drv_uart.o(.bss)
    m_cb                                     0x200002ac   Data          32  nrf_drv_uart.o(.bss)
    .bss                                     0x200002cc   Section       32  app_button.o(.bss)
    m_detection_delay_timer_id_data          0x200002cc   Data          32  app_button.o(.bss)
    .bss                                     0x200002ec   Section      268  app_timer.o(.bss)
    m_op_queue                               0x200002ec   Data         268  app_timer.o(.bss)
    .bss                                     0x200003f8   Section       12  app_util_platform.o(.bss)
    .bss                                     0x20000404   Section       12  nrf_pwr_mgmt.o(.bss)
    m_handlers_iter                          0x20000404   Data          12  nrf_pwr_mgmt.o(.bss)
    .bss                                     0x20000410   Section       64  nrf_log_backend_uart.o(.bss)
    m_string_buff                            0x20000410   Data          64  nrf_log_backend_uart.o(.bss)
    .bss                                     0x20000450   Section      192  nrf_log_frontend.o(.bss)
    mempool_nrf_balloc_pool_mem              0x20000450   Data         192  nrf_log_frontend.o(.bss)
    .bss                                     0x20000510   Section     1056  nrf_log_frontend.o(.bss)
    m_log_data                               0x20000510   Data        1056  nrf_log_frontend.o(.bss)
    .bss                                     0x20000930   Section      128  nrf_sdh_ant.o(.bss)
    m_ant_stack_buffer                       0x20000930   Data         128  nrf_sdh_ant.o(.bss)
    STACK                                    0x200009b0   Section     8192  arm_startup_nrf52.o(STACK)

    Global Symbols

    Symbol Name                              Value     Ov Type        Size  Object(Section)

    BuildAttributes$$THM_ISAv4$E$P$D$K$B$S$7EM$VFPi3$EXTD16$VFPS$VFMA$PE$A:L22UL41UL21$X:L11$S22US41US21$IEEE1$IW$USESV6$~STKCKD$USESV7$~SHL$OSPACE$EBA8$MICROLIB$REQ8$PRES8$EABIv2 0x00000000   Number         0  anon$$obj.o ABSOLUTE
    __ARM_use_no_argv                        0x00000000   Number         0  main.o ABSOLUTE
    __Vectors                                0x00000000   Data           4  arm_startup_nrf52.o(RESET)
    __use_no_errno                           0x00000000   Number         0  useno.o ABSOLUTE
    __use_no_exception_handling              0x00000000   Number         0  useno.o ABSOLUTE
    __use_no_fp                              0x00000000   Number         0  useno.o ABSOLUTE
    __use_no_heap                            0x00000000   Number         0  useno.o ABSOLUTE
    __use_no_heap_region                     0x00000000   Number         0  useno.o ABSOLUTE
    __use_no_semihosting                     0x00000000   Number         0  useno.o ABSOLUTE
    __use_no_semihosting_swi                 0x00000000   Number         0  useno.o ABSOLUTE
    __use_no_signal_handling                 0x00000000   Number         0  useno.o ABSOLUTE
    __cpp_initialize__aeabi_                  - Undefined Weak Reference
    __cxa_finalize                            - Undefined Weak Reference
    _clock_init                               - Undefined Weak Reference
    _microlib_exit                            - Undefined Weak Reference
    pwr_mgmt_data0$$Base                      - Undefined Reference
    pwr_mgmt_data0$$Limit                     - Undefined Reference
    pwr_mgmt_data2$$Base                      - Undefined Reference
    pwr_mgmt_data2$$Limit                     - Undefined Reference
    sdh_ant_observers0$$Base                  - Undefined Reference
    sdh_ant_observers0$$Limit                 - Undefined Reference
    sdh_req_observers0$$Base                  - Undefined Reference
    sdh_req_observers0$$Limit                 - Undefined Reference
    sdh_req_observers1$$Base                  - Undefined Reference
    sdh_req_observers1$$Limit                 - Undefined Reference
    sdh_soc_observers0$$Base                  - Undefined Reference
    sdh_soc_observers0$$Limit                 - Undefined Reference
    sdh_soc_observers1$$Base                  - Undefined Reference
    sdh_soc_observers1$$Limit                 - Undefined Reference
    sdh_stack_observers1$$Base                - Undefined Reference
    sdh_stack_observers1$$Limit               - Undefined Reference
    sdh_state_observers0$$Base                - Undefined Reference
    sdh_state_observers0$$Limit               - Undefined Reference
    sdh_state_observers1$$Base                - Undefined Reference
    sdh_state_observers1$$Limit               - Undefined Reference
    __Vectors_End                            0x00000200   Data           0  arm_startup_nrf52.o(RESET)
    __Vectors_Size                           0x00000200   Number         0  arm_startup_nrf52.o ABSOLUTE
    __main                                   0x00000201   Thumb Code     0  entry.o(.ARM.Collect$$$$00000000)
    _main_stk                                0x00000201   Thumb Code     0  entry2.o(.ARM.Collect$$$$00000001)
    _main_scatterload                        0x00000205   Thumb Code     0  entry5.o(.ARM.Collect$$$$00000004)
    __main_after_scatterload                 0x00000209   Thumb Code     0  entry5.o(.ARM.Collect$$$$00000004)
    _main_clock                              0x00000209   Thumb Code     0  entry7b.o(.ARM.Collect$$$$00000008)
    _main_cpp_init                           0x00000209   Thumb Code     0  entry8b.o(.ARM.Collect$$$$0000000A)
    _main_init                               0x00000209   Thumb Code     0  entry9a.o(.ARM.Collect$$$$0000000B)
    __rt_final_cpp                           0x00000211   Thumb Code     0  entry10a.o(.ARM.Collect$$$$0000000D)
    __rt_final_exit                          0x00000211   Thumb Code     0  entry11a.o(.ARM.Collect$$$$0000000F)
    HardFault_Handler                        0x00000215   Thumb Code    40  hardfault_handler_keil.o(.emb_text)
    __asm___12_nrf_memobj_c_9bb9f865__nrf_atomic_internal_mov 0x00000249   Thumb Code    24  nrf_memobj.o(.emb_text)
    __asm___12_nrf_memobj_c_9bb9f865__nrf_atomic_internal_orr 0x00000261   Thumb Code    26  nrf_memobj.o(.emb_text)
    __asm___12_nrf_memobj_c_9bb9f865__nrf_atomic_internal_and 0x0000027b   Thumb Code    26  nrf_memobj.o(.emb_text)
    __asm___12_nrf_memobj_c_9bb9f865__nrf_atomic_internal_eor 0x00000295   Thumb Code    26  nrf_memobj.o(.emb_text)
    __asm___12_nrf_memobj_c_9bb9f865__nrf_atomic_internal_add 0x000002af   Thumb Code    26  nrf_memobj.o(.emb_text)
    __asm___12_nrf_memobj_c_9bb9f865__nrf_atomic_internal_sub 0x000002c9   Thumb Code    26  nrf_memobj.o(.emb_text)
    __asm___14_nrf_pwr_mgmt_c_f22138a6__nrf_atomic_internal_mov 0x000002e5   Thumb Code    24  nrf_pwr_mgmt.o(.emb_text)
    __asm___14_nrf_pwr_mgmt_c_f22138a6__nrf_atomic_internal_orr 0x000002fd   Thumb Code    26  nrf_pwr_mgmt.o(.emb_text)
    __asm___14_nrf_pwr_mgmt_c_f22138a6__nrf_atomic_internal_and 0x00000317   Thumb Code    26  nrf_pwr_mgmt.o(.emb_text)
    __asm___14_nrf_pwr_mgmt_c_f22138a6__nrf_atomic_internal_eor 0x00000331   Thumb Code    26  nrf_pwr_mgmt.o(.emb_text)
    __asm___14_nrf_pwr_mgmt_c_f22138a6__nrf_atomic_internal_add 0x0000034b   Thumb Code    26  nrf_pwr_mgmt.o(.emb_text)
    __asm___14_nrf_pwr_mgmt_c_f22138a6__nrf_atomic_internal_sub 0x00000365   Thumb Code    26  nrf_pwr_mgmt.o(.emb_text)
    __asm___18_nrf_log_frontend_c_bc460776__nrf_atomic_internal_mov 0x00000381   Thumb Code    24  nrf_log_frontend.o(.emb_text)
    __asm___18_nrf_log_frontend_c_bc460776__nrf_atomic_internal_orr 0x00000399   Thumb Code    26  nrf_log_frontend.o(.emb_text)
    __asm___18_nrf_log_frontend_c_bc460776__nrf_atomic_internal_and 0x000003b3   Thumb Code    26  nrf_log_frontend.o(.emb_text)
    __asm___18_nrf_log_frontend_c_bc460776__nrf_atomic_internal_eor 0x000003cd   Thumb Code    26  nrf_log_frontend.o(.emb_text)
    __asm___18_nrf_log_frontend_c_bc460776__nrf_atomic_internal_add 0x000003e7   Thumb Code    26  nrf_log_frontend.o(.emb_text)
    __asm___18_nrf_log_frontend_c_bc460776__nrf_atomic_internal_sub 0x00000401   Thumb Code    26  nrf_log_frontend.o(.emb_text)
    Reset_Handler                            0x0000041d   Thumb Code     8  arm_startup_nrf52.o(.text)
    NMI_Handler                              0x00000425   Thumb Code     2  arm_startup_nrf52.o(.text)
    MemoryManagement_Handler                 0x00000429   Thumb Code     2  arm_startup_nrf52.o(.text)
    BusFault_Handler                         0x0000042b   Thumb Code     2  arm_startup_nrf52.o(.text)
    UsageFault_Handler                       0x0000042d   Thumb Code     2  arm_startup_nrf52.o(.text)
    SVC_Handler                              0x0000042f   Thumb Code     2  arm_startup_nrf52.o(.text)
    DebugMon_Handler                         0x00000431   Thumb Code     2  arm_startup_nrf52.o(.text)
    PendSV_Handler                           0x00000433   Thumb Code     2  arm_startup_nrf52.o(.text)
    SysTick_Handler                          0x00000435   Thumb Code     2  arm_startup_nrf52.o(.text)
    CCM_AAR_IRQHandler                       0x00000437   Thumb Code     0  arm_startup_nrf52.o(.text)
    COMP_LPCOMP_IRQHandler                   0x00000437   Thumb Code     0  arm_startup_nrf52.o(.text)
    ECB_IRQHandler                           0x00000437   Thumb Code     0  arm_startup_nrf52.o(.text)
    FPU_IRQHandler                           0x00000437   Thumb Code     0  arm_startup_nrf52.o(.text)
    I2S_IRQHandler                           0x00000437   Thumb Code     0  arm_startup_nrf52.o(.text)
    MWU_IRQHandler                           0x00000437   Thumb Code     0  arm_startup_nrf52.o(.text)
    NFCT_IRQHandler                          0x00000437   Thumb Code     0  arm_startup_nrf52.o(.text)
    PDM_IRQHandler                           0x00000437   Thumb Code     0  arm_startup_nrf52.o(.text)
    POWER_CLOCK_IRQHandler                   0x00000437   Thumb Code     0  arm_startup_nrf52.o(.text)
    PWM0_IRQHandler                          0x00000437   Thumb Code     0  arm_startup_nrf52.o(.text)
    PWM1_IRQHandler                          0x00000437   Thumb Code     0  arm_startup_nrf52.o(.text)
    PWM2_IRQHandler                          0x00000437   Thumb Code     0  arm_startup_nrf52.o(.text)
    QDEC_IRQHandler                          0x00000437   Thumb Code     0  arm_startup_nrf52.o(.text)
    RADIO_IRQHandler                         0x00000437   Thumb Code     0  arm_startup_nrf52.o(.text)
    RNG_IRQHandler                           0x00000437   Thumb Code     0  arm_startup_nrf52.o(.text)
    RTC0_IRQHandler                          0x00000437   Thumb Code     0  arm_startup_nrf52.o(.text)
    RTC2_IRQHandler                          0x00000437   Thumb Code     0  arm_startup_nrf52.o(.text)
    SAADC_IRQHandler                         0x00000437   Thumb Code     0  arm_startup_nrf52.o(.text)
    SPIM0_SPIS0_TWIM0_TWIS0_SPI0_TWI0_IRQHandler 0x00000437   Thumb Code     0  arm_startup_nrf52.o(.text)
    SPIM1_SPIS1_TWIM1_TWIS1_SPI1_TWI1_IRQHandler 0x00000437   Thumb Code     0  arm_startup_nrf52.o(.text)
    SPIM2_SPIS2_SPI2_IRQHandler              0x00000437   Thumb Code     0  arm_startup_nrf52.o(.text)
    SWI1_EGU1_IRQHandler                     0x00000437   Thumb Code     0  arm_startup_nrf52.o(.text)
    SWI3_EGU3_IRQHandler                     0x00000437   Thumb Code     0  arm_startup_nrf52.o(.text)
    SWI4_EGU4_IRQHandler                     0x00000437   Thumb Code     0  arm_startup_nrf52.o(.text)
    SWI5_EGU5_IRQHandler                     0x00000437   Thumb Code     0  arm_startup_nrf52.o(.text)
    TEMP_IRQHandler                          0x00000437   Thumb Code     0  arm_startup_nrf52.o(.text)
    TIMER0_IRQHandler                        0x00000437   Thumb Code     0  arm_startup_nrf52.o(.text)
    TIMER1_IRQHandler                        0x00000437   Thumb Code     0  arm_startup_nrf52.o(.text)
    TIMER2_IRQHandler                        0x00000437   Thumb Code     0  arm_startup_nrf52.o(.text)
    TIMER3_IRQHandler                        0x00000437   Thumb Code     0  arm_startup_nrf52.o(.text)
    TIMER4_IRQHandler                        0x00000437   Thumb Code     0  arm_startup_nrf52.o(.text)
    WDT_IRQHandler                           0x00000437   Thumb Code     0  arm_startup_nrf52.o(.text)
    __aeabi_uldivmod                         0x00000441   Thumb Code    98  uldiv.o(.text)
    __rt_ctype_table                         0x000004a5   Thumb Code     4  ctype_o.o(.text)
    __aeabi_memcpy                           0x000004ad   Thumb Code    36  memcpya.o(.text)
    __aeabi_memcpy4                          0x000004ad   Thumb Code     0  memcpya.o(.text)
    __aeabi_memcpy8                          0x000004ad   Thumb Code     0  memcpya.o(.text)
    __aeabi_memset                           0x000004d1   Thumb Code    14  memseta.o(.text)
    __aeabi_memset4                          0x000004d1   Thumb Code     0  memseta.o(.text)
    __aeabi_memset8                          0x000004d1   Thumb Code     0  memseta.o(.text)
    __aeabi_memclr                           0x000004df   Thumb Code     4  memseta.o(.text)
    __aeabi_memclr4                          0x000004df   Thumb Code     0  memseta.o(.text)
    __aeabi_memclr8                          0x000004df   Thumb Code     0  memseta.o(.text)
    _memset$wrapper                          0x000004e3   Thumb Code    18  memseta.o(.text)
    strlen                                   0x000004f5   Thumb Code    14  strlen.o(.text)
    __aeabi_llsl                             0x00000503   Thumb Code    30  llshl.o(.text)
    _ll_shift_l                              0x00000503   Thumb Code     0  llshl.o(.text)
    __aeabi_llsr                             0x00000521   Thumb Code    32  llushr.o(.text)
    _ll_ushift_r                             0x00000521   Thumb Code     0  llushr.o(.text)
    __scatterload                            0x00000541   Thumb Code    28  init.o(.text)
    __scatterload_rt2                        0x00000541   Thumb Code     0  init.o(.text)
    __decompress                             0x00000565   Thumb Code     0  __dczerorl.o(.text)
    __decompress0                            0x00000565   Thumb Code    58  __dczerorl.o(.text)
    GPIOTE_IRQHandler                        0x000005a1   Thumb Code   362  nrf_drv_gpiote.o(i.GPIOTE_IRQHandler)
    HardFault_c_handler                      0x00000715   Thumb Code    22  hardfault_implementation.o(i.HardFault_c_handler)
    HardFault_process                        0x0000072d   Thumb Code    26  hardfault_implementation.o(i.HardFault_process)
    RTC1_IRQHandler                          0x000007b5   Thumb Code    32  app_timer.o(i.RTC1_IRQHandler)
    SWI0_EGU0_IRQHandler                     0x000007d9   Thumb Code     4  app_timer.o(i.SWI0_EGU0_IRQHandler)
    SWI2_EGU2_IRQHandler                     0x000007dd   Thumb Code     4  nrf_sdh.o(i.SWI2_EGU2_IRQHandler)
    SystemInit                               0x000007e1   Thumb Code   610  system_nrf52.o(i.SystemInit)
    UARTE0_UART0_IRQHandler                  0x00000a79   Thumb Code    20  nrf_drv_uart.o(i.UARTE0_UART0_IRQHandler)
    __scatterload_copy                       0x00000a95   Thumb Code    14  handlers.o(i.__scatterload_copy)
    __scatterload_null                       0x00000aa3   Thumb Code     2  handlers.o(i.__scatterload_null)
    __scatterload_zeroinit                   0x00000aa5   Thumb Code    14  handlers.o(i.__scatterload_zeroinit)
    ant_channel_init                         0x00000af5   Thumb Code    60  ant_channel_config.o(i.ant_channel_init)
    ant_hrm_evt_handler                      0x00000b91   Thumb Code    24  main.o(i.ant_hrm_evt_handler)
    ant_hrm_page_0_encode                    0x00000c05   Thumb Code    30  ant_hrm_page_0.o(i.ant_hrm_page_0_encode)
    ant_hrm_page_1_encode                    0x00000c23   Thumb Code    18  ant_hrm_page_1.o(i.ant_hrm_page_1_encode)
    ant_hrm_page_2_encode                    0x00000c35   Thumb Code    18  ant_hrm_page_2.o(i.ant_hrm_page_2_encode)
    ant_hrm_page_3_encode                    0x00000c47   Thumb Code    18  ant_hrm_page_3.o(i.ant_hrm_page_3_encode)
    ant_hrm_page_4_encode                    0x00000c59   Thumb Code    18  ant_hrm_page_4.o(i.ant_hrm_page_4_encode)
    ant_hrm_sens_evt_handler                 0x00000c6b   Thumb Code    28  ant_hrm.o(i.ant_hrm_sens_evt_handler)
    ant_hrm_sens_init                        0x00000c87   Thumb Code    42  ant_hrm.o(i.ant_hrm_sens_init)
    ant_hrm_sens_open                        0x00000cb1   Thumb Code    34  ant_hrm.o(i.ant_hrm_sens_open)
    ant_hrm_simulator_decrement              0x00000cf1   Thumb Code    18  ant_hrm_simulator.o(i.ant_hrm_simulator_decrement)
    ant_hrm_simulator_increment              0x00000d03   Thumb Code    18  ant_hrm_simulator.o(i.ant_hrm_simulator_increment)
    ant_hrm_simulator_init                   0x00000d15   Thumb Code    42  ant_hrm_simulator.o(i.ant_hrm_simulator_init)
    ant_hrm_simulator_one_iteration          0x00000d3f   Thumb Code   124  ant_hrm_simulator.o(i.ant_hrm_simulator_one_iteration)
    ant_plus_key_set                         0x00000dd9   Thumb Code     6  ant_key_manager.o(i.ant_plus_key_set)
    ant_state_indicator_channel_opened       0x00000de5   Thumb Code    28  ant_state_indicator.o(i.ant_state_indicator_channel_opened)
    ant_state_indicator_init                 0x00000e05   Thumb Code    12  ant_state_indicator.o(i.ant_state_indicator_init)
    app_button_enable                        0x00000e15   Thumb Code    32  app_button.o(i.app_button_enable)
    app_button_init                          0x00000e39   Thumb Code    96  app_button.o(i.app_button_init)
    app_error_fault_handler                  0x00000ea9   Thumb Code    80  app_error_weak.o(i.app_error_fault_handler)
    app_error_handler_bare                   0x00000f21   Thumb Code    22  app_error.o(i.app_error_handler_bare)
    app_timer_create                         0x00000f49   Thumb Code    32  app_timer.o(i.app_timer_create)
    app_timer_init                           0x00000f6d   Thumb Code    70  app_timer.o(i.app_timer_init)
    app_timer_start                          0x00000fc1   Thumb Code   128  app_timer.o(i.app_timer_start)
    app_timer_stop                           0x00001049   Thumb Code    26  app_timer.o(i.app_timer_stop)
    app_util_critical_region_enter           0x00001069   Thumb Code    64  app_util_platform.o(i.app_util_critical_region_enter)
    app_util_critical_region_exit            0x000010b1   Thumb Code    46  app_util_platform.o(i.app_util_critical_region_exit)
    bsp_board_led_invert                     0x0000119d   Thumb Code    32  boards.o(i.bsp_board_led_invert)
    bsp_board_led_off                        0x000011c1   Thumb Code    10  boards.o(i.bsp_board_led_off)
    bsp_board_led_on                         0x000011d1   Thumb Code    10  boards.o(i.bsp_board_led_on)
    bsp_board_led_state_get                  0x000011e1   Thumb Code    28  boards.o(i.bsp_board_led_state_get)
    bsp_board_leds_init                      0x00001201   Thumb Code    38  boards.o(i.bsp_board_leds_init)
    bsp_board_leds_off                       0x0000122d   Thumb Code    18  boards.o(i.bsp_board_leds_off)
    bsp_board_leds_on                        0x0000123f   Thumb Code    18  boards.o(i.bsp_board_leds_on)
    bsp_board_pin_to_button_idx              0x00001251   Thumb Code    30  boards.o(i.bsp_board_pin_to_button_idx)
    bsp_event_to_button_action_assign        0x00001305   Thumb Code    64  bsp.o(i.bsp_event_to_button_action_assign)
    bsp_evt_handler                          0x00001349   Thumb Code    22  main.o(i.bsp_evt_handler)
    bsp_indication_set                       0x00001365   Thumb Code    20  bsp.o(i.bsp_indication_set)
    bsp_init                                 0x0000137d   Thumb Code   126  bsp.o(i.bsp_init)
    buffer_is_empty                          0x0000164d   Thumb Code    16  nrf_log_frontend.o(i.buffer_is_empty)
    main                                     0x00001b85   Thumb Code    78  main.o(i.main)
    nrf_balloc_alloc                         0x00001c97   Thumb Code    68  nrf_balloc.o(i.nrf_balloc_alloc)
    nrf_balloc_free                          0x00001cdb   Thumb Code    48  nrf_balloc.o(i.nrf_balloc_free)
    nrf_balloc_init                          0x00001d0b   Thumb Code    48  nrf_balloc.o(i.nrf_balloc_init)
    nrf_drv_common_irq_enable                0x00001def   Thumb Code    56  nrf_drv_common.o(i.nrf_drv_common_irq_enable)
    nrf_drv_gpiote_in_event_enable           0x00001e2d   Thumb Code   156  nrf_drv_gpiote.o(i.nrf_drv_gpiote_in_event_enable)
    nrf_drv_gpiote_in_init                   0x00001ed1   Thumb Code   172  nrf_drv_gpiote.o(i.nrf_drv_gpiote_in_init)
    nrf_drv_gpiote_in_is_set                 0x00001f89   Thumb Code    20  nrf_drv_gpiote.o(i.nrf_drv_gpiote_in_is_set)
    nrf_drv_gpiote_init                      0x00001f9d   Thumb Code    84  nrf_drv_gpiote.o(i.nrf_drv_gpiote_init)
    nrf_drv_gpiote_is_init                   0x00001ff9   Thumb Code    14  nrf_drv_gpiote.o(i.nrf_drv_gpiote_is_init)
    nrf_drv_uart_init                        0x0000201d   Thumb Code    98  nrf_drv_uart.o(i.nrf_drv_uart_init)
    nrf_drv_uart_tx                          0x00002085   Thumb Code   262  nrf_drv_uart.o(i.nrf_drv_uart_tx)
    nrf_drv_uart_tx_in_progress              0x00002191   Thumb Code    18  nrf_drv_uart.o(i.nrf_drv_uart_tx_in_progress)
    nrf_drv_uart_uninit                      0x000021a9   Thumb Code    74  nrf_drv_uart.o(i.nrf_drv_uart_uninit)
    nrf_fprintf                              0x000021fd   Thumb Code    26  nrf_fprintf.o(i.nrf_fprintf)
    nrf_fprintf_buffer_flush                 0x00002217   Thumb Code    24  nrf_fprintf.o(i.nrf_fprintf_buffer_flush)
    nrf_fprintf_fmt                          0x0000222f   Thumb Code   474  nrf_fprintf_format.o(i.nrf_fprintf_fmt)
    nrf_log_backend_add                      0x00002531   Thumb Code    74  nrf_log_frontend.o(i.nrf_log_backend_add)
    nrf_log_backend_serial_put               0x00002581   Thumb Code   210  nrf_log_backend_serial.o(i.nrf_log_backend_serial_put)
    nrf_log_backend_uart_init                0x00002655   Thumb Code     6  nrf_log_backend_uart.o(i.nrf_log_backend_uart_init)
    nrf_log_color_id_get                     0x0000268d   Thumb Code    42  nrf_log_frontend.o(i.nrf_log_color_id_get)
    nrf_log_default_backends_init            0x000026bd   Thumb Code    22  nrf_log_default_backends.o(i.nrf_log_default_backends_init)
    nrf_log_frontend_dequeue                 0x000026d9   Thumb Code   488  nrf_log_frontend.o(i.nrf_log_frontend_dequeue)
    nrf_log_frontend_std_0                   0x000028c9   Thumb Code     8  nrf_log_frontend.o(i.nrf_log_frontend_std_0)
    nrf_log_frontend_std_1                   0x000028d1   Thumb Code    14  nrf_log_frontend.o(i.nrf_log_frontend_std_1)
    nrf_log_frontend_std_2                   0x000028df   Thumb Code    16  nrf_log_frontend.o(i.nrf_log_frontend_std_2)
    nrf_log_frontend_std_4                   0x000028ef   Thumb Code    20  nrf_log_frontend.o(i.nrf_log_frontend_std_4)
    nrf_log_hexdump_entry_process            0x00002905   Thumb Code   146  nrf_log_str_formatter.o(i.nrf_log_hexdump_entry_process)
    nrf_log_init                             0x000029b1   Thumb Code    70  nrf_log_frontend.o(i.nrf_log_init)
    nrf_log_module_cnt_get                   0x00002a0d   Thumb Code    10  nrf_log_frontend.o(i.nrf_log_module_cnt_get)
    nrf_log_module_name_get                  0x00002a21   Thumb Code    24  nrf_log_frontend.o(i.nrf_log_module_name_get)
    nrf_log_panic                            0x00002a3d   Thumb Code    34  nrf_log_frontend.o(i.nrf_log_panic)
    nrf_log_std_entry_process                0x00002a65   Thumb Code   182  nrf_log_str_formatter.o(i.nrf_log_std_entry_process)
    nrf_memobj_alloc                         0x00002b1b   Thumb Code    96  nrf_memobj.o(i.nrf_memobj_alloc)
    nrf_memobj_free                          0x00002b7b   Thumb Code    50  nrf_memobj.o(i.nrf_memobj_free)
    nrf_memobj_get                           0x00002bad   Thumb Code    14  nrf_memobj.o(i.nrf_memobj_get)
    nrf_memobj_pool_init                     0x00002bbb   Thumb Code     4  nrf_memobj.o(i.nrf_memobj_pool_init)
    nrf_memobj_put                           0x00002bbf   Thumb Code    34  nrf_memobj.o(i.nrf_memobj_put)
    nrf_memobj_read                          0x00002be1   Thumb Code    12  nrf_memobj.o(i.nrf_memobj_read)
    nrf_memobj_write                         0x00002bed   Thumb Code    12  nrf_memobj.o(i.nrf_memobj_write)
    nrf_pwr_mgmt_feed                        0x00002bf9   Thumb Code     2  nrf_pwr_mgmt.o(i.nrf_pwr_mgmt_feed)
    nrf_pwr_mgmt_init                        0x00002bfd   Thumb Code    28  nrf_pwr_mgmt.o(i.nrf_pwr_mgmt_init)
    nrf_pwr_mgmt_run                         0x00002c25   Thumb Code    64  nrf_pwr_mgmt.o(i.nrf_pwr_mgmt_run)
    nrf_pwr_mgmt_shutdown                    0x00002c69   Thumb Code    58  nrf_pwr_mgmt.o(i.nrf_pwr_mgmt_shutdown)
    nrf_sdh_ant_enable                       0x00002ca9   Thumb Code    16  nrf_sdh_ant.o(i.nrf_sdh_ant_enable)
    nrf_sdh_enable_request                   0x00002d09   Thumb Code    98  nrf_sdh.o(i.nrf_sdh_enable_request)
    nrf_sdh_evts_poll                        0x00002da1   Thumb Code    32  nrf_sdh.o(i.nrf_sdh_evts_poll)
    nrf_sdh_is_enabled                       0x00002dc5   Thumb Code     6  nrf_sdh.o(i.nrf_sdh_is_enabled)
    nrf_section_iter_init                    0x00002e0d   Thumb Code    10  nrf_section_iter.o(i.nrf_section_iter_init)
    nrf_section_iter_next                    0x00002e3b   Thumb Code    32  nrf_section_iter.o(i.nrf_section_iter_next)
    sensorsim_decrement                      0x0000351d   Thumb Code    28  sensorsim.o(i.sensorsim_decrement)
    sensorsim_increment                      0x00003539   Thumb Code    28  sensorsim.o(i.sensorsim_increment)
    sensorsim_init                           0x00003555   Thumb Code    22  sensorsim.o(i.sensorsim_init)
    sensorsim_measure                        0x0000356b   Thumb Code    26  sensorsim.o(i.sensorsim_measure)
    nrf_log_backend_uart_api                 0x00003d90   Data          12  nrf_log_backend_uart.o(.constdata)
    __ctype_table                            0x00003e6c   Data         129  ctype_o.o(.constdata)
    Region$$Table$$Base                      0x00004008   Number         0  anon$$obj.o(Region$$Table)
    Region$$Table$$Limit                     0x00004028   Number         0  anon$$obj.o(Region$$Table)
    log_const_data$$Base                     0x00004028   Number         0  ant_hrm.o(log_const_data)
    m_nrf_log_ant_hrm_logs_data_const        0x00004028   Data           8  ant_hrm.o(log_const_data)
    m_nrf_log_ant_hrm_page_0_logs_data_const 0x00004030   Data           8  ant_hrm_page_0.o(log_const_data)
    m_nrf_log_ant_hrm_page_1_logs_data_const 0x00004038   Data           8  ant_hrm_page_1.o(log_const_data)
    m_nrf_log_ant_hrm_page_2_logs_data_const 0x00004040   Data           8  ant_hrm_page_2.o(log_const_data)
    m_nrf_log_ant_hrm_page_3_logs_data_const 0x00004048   Data           8  ant_hrm_page_3.o(log_const_data)
    m_nrf_log_ant_hrm_page_4_logs_data_const 0x00004050   Data           8  ant_hrm_page_4.o(log_const_data)
    m_nrf_log_gpiote_logs_data_const         0x00004058   Data           8  nrf_drv_gpiote.o(log_const_data)
    m_nrf_log_uart_logs_data_const           0x00004060   Data           8  nrf_drv_uart.o(log_const_data)
    m_nrf_log_hardfault_logs_data_const      0x00004068   Data           8  hardfault_implementation.o(log_const_data)
    m_nrf_log_balloc_logs_data_const         0x00004070   Data           8  nrf_balloc.o(log_const_data)
    m_nrf_log_pwr_mgmt_logs_data_const       0x00004078   Data           8  nrf_pwr_mgmt.o(log_const_data)
    m_nrf_log_app_logs_data_const            0x00004080   Data           8  nrf_log_frontend.o(log_const_data)
    m_nrf_log_nrf_sdh_logs_data_const        0x00004088   Data           8  nrf_sdh.o(log_const_data)
    m_nrf_log_nrf_sdh_ant_logs_data_const    0x00004090   Data           8  nrf_sdh_ant.o(log_const_data)
    m_nrf_log_nrf_sdh_soc_logs_data_const    0x00004098   Data           8  nrf_sdh_soc.o(log_const_data)
    log_const_data$$Limit                    0x000040a0   Number         0  nrf_sdh_soc.o(log_const_data)
    pwr_mgmt_data1$$Base                     0x000040a0   Number         0  ant_state_indicator.o(pwr_mgmt_data1)
    pwr_mgmt_data1$$Limit                    0x000040a4   Number         0  ant_state_indicator.o(pwr_mgmt_data1)
    sdh_ant_observers1$$Base                 0x000040a4   Number         0  main.o(sdh_ant_observers1)
    sdh_ant_observers1$$Limit                0x000040b4   Number         0  ant_state_indicator.o(sdh_ant_observers1)
    sdh_stack_observers0$$Base               0x000040b4   Number         0  nrf_sdh_ant.o(sdh_stack_observers0)
    sdh_stack_observers0$$Limit              0x000040c4   Number         0  nrf_sdh_soc.o(sdh_stack_observers0)
    m_uart                                   0x20000060   Data           8  nrf_log_backend_uart.o(.data)
    SystemCoreClock                          0x200000c0   Data           4  system_nrf52.o(.data)
    log_dynamic_data$$Base                   0x200000c4   Number         0  ant_hrm.o(log_dynamic_data)
    m_nrf_log_ant_hrm_logs_data_dynamic      0x200000c4   Data          12  ant_hrm.o(log_dynamic_data)
    m_nrf_log_ant_hrm_page_0_logs_data_dynamic 0x200000d0   Data          12  ant_hrm_page_0.o(log_dynamic_data)
    m_nrf_log_ant_hrm_page_1_logs_data_dynamic 0x200000dc   Data          12  ant_hrm_page_1.o(log_dynamic_data)
    m_nrf_log_ant_hrm_page_2_logs_data_dynamic 0x200000e8   Data          12  ant_hrm_page_2.o(log_dynamic_data)
    m_nrf_log_ant_hrm_page_3_logs_data_dynamic 0x200000f4   Data          12  ant_hrm_page_3.o(log_dynamic_data)
    m_nrf_log_ant_hrm_page_4_logs_data_dynamic 0x20000100   Data          12  ant_hrm_page_4.o(log_dynamic_data)
    m_nrf_log_gpiote_logs_data_dynamic       0x2000010c   Data          12  nrf_drv_gpiote.o(log_dynamic_data)
    m_nrf_log_uart_logs_data_dynamic         0x20000118   Data          12  nrf_drv_uart.o(log_dynamic_data)
    m_nrf_log_hardfault_logs_data_dynamic    0x20000124   Data          12  hardfault_implementation.o(log_dynamic_data)
    m_nrf_log_balloc_logs_data_dynamic       0x20000130   Data          12  nrf_balloc.o(log_dynamic_data)
    m_nrf_log_pwr_mgmt_logs_data_dynamic     0x2000013c   Data          12  nrf_pwr_mgmt.o(log_dynamic_data)
    m_nrf_log_app_logs_data_dynamic          0x20000148   Data          12  nrf_log_frontend.o(log_dynamic_data)
    m_nrf_log_nrf_sdh_logs_data_dynamic      0x20000154   Data          12  nrf_sdh.o(log_dynamic_data)
    m_nrf_log_nrf_sdh_ant_logs_data_dynamic  0x20000160   Data          12  nrf_sdh_ant.o(log_dynamic_data)
    m_nrf_log_nrf_sdh_soc_logs_data_dynamic  0x2000016c   Data          12  nrf_sdh_soc.o(log_dynamic_data)
    nrf_nvic_state                           0x200003f8   Data          12  app_util_platform.o(.bss)
    STACK$$Base                              0x200009b0   Number         0  arm_startup_nrf52.o(STACK)
    STACK$$Limit                             0x200029b0   Number         0  arm_startup_nrf52.o(STACK)
    __initial_sp                             0x200029b0   Data           0  arm_startup_nrf52.o(STACK)



==============================================================================

Memory Map of the image

  Image Entry point : 0x00000201

  Load Region LR_IROM1 (Base: 0x00000000, Size: 0x0000423c, Max: 0x00040000, ABSOLUTE, COMPRESSED[0x00004100])

    Execution Region ER_IROM1 (Exec base: 0x00000000, Load base: 0x00000000, Size: 0x000040c4, Max: 0x00040000, ABSOLUTE)

    Exec Addr    Load Addr    Size         Type   Attr      Idx    E Section Name        Object

    0x00000000   0x00000000   0x00000200   Data   RO         3409    RESET               arm_startup_nrf52.o
    0x00000200   0x00000200   0x00000000   Code   RO         3450  * .ARM.Collect$$$$00000000  mc_w.l(entry.o)
    0x00000200   0x00000200   0x00000004   Code   RO         3500    .ARM.Collect$$$$00000001  mc_w.l(entry2.o)
    0x00000204   0x00000204   0x00000004   Code   RO         3503    .ARM.Collect$$$$00000004  mc_w.l(entry5.o)
    0x00000208   0x00000208   0x00000000   Code   RO         3505    .ARM.Collect$$$$00000008  mc_w.l(entry7b.o)
    0x00000208   0x00000208   0x00000000   Code   RO         3507    .ARM.Collect$$$$0000000A  mc_w.l(entry8b.o)
    0x00000208   0x00000208   0x00000008   Code   RO         3508    .ARM.Collect$$$$0000000B  mc_w.l(entry9a.o)
    0x00000210   0x00000210   0x00000000   Code   RO         3510    .ARM.Collect$$$$0000000D  mc_w.l(entry10a.o)
    0x00000210   0x00000210   0x00000000   Code   RO         3512    .ARM.Collect$$$$0000000F  mc_w.l(entry11a.o)
    0x00000210   0x00000210   0x00000004   Code   RO         3501    .ARM.Collect$$$$00002712  mc_w.l(entry2.o)
    0x00000214   0x00000214   0x00000034   Code   RO         1978    .emb_text           hardfault_handler_keil.o
    0x00000248   0x00000248   0x0000009a   Code   RO         2186    .emb_text           nrf_memobj.o
    0x000002e2   0x000002e2   0x00000002   PAD
    0x000002e4   0x000002e4   0x0000009a   Code   RO         2274    .emb_text           nrf_pwr_mgmt.o
    0x0000037e   0x0000037e   0x00000002   PAD
    0x00000380   0x00000380   0x0000009a   Code   RO         2611    .emb_text           nrf_log_frontend.o
    0x0000041a   0x0000041a   0x00000002   PAD
    0x0000041c   0x0000041c   0x00000024   Code   RO         3410    .text               arm_startup_nrf52.o
    0x00000440   0x00000440   0x00000062   Code   RO         3458    .text               mc_w.l(uldiv.o)
    0x000004a2   0x000004a2   0x00000002   PAD
    0x000004a4   0x000004a4   0x00000008   Code   RO         3460    .text               mc_w.l(ctype_o.o)
    0x000004ac   0x000004ac   0x00000024   Code   RO         3488    .text               mc_w.l(memcpya.o)
    0x000004d0   0x000004d0   0x00000024   Code   RO         3490    .text               mc_w.l(memseta.o)
    0x000004f4   0x000004f4   0x0000000e   Code   RO         3492    .text               mc_w.l(strlen.o)
    0x00000502   0x00000502   0x0000001e   Code   RO         3515    .text               mc_w.l(llshl.o)
    0x00000520   0x00000520   0x00000020   Code   RO         3517    .text               mc_w.l(llushr.o)
    0x00000540   0x00000540   0x00000024   Code   RO         3520    .text               mc_w.l(init.o)
    0x00000564   0x00000564   0x0000003a   Code   RO         3530    .text               mc_w.l(__dczerorl.o)
    0x0000059e   0x0000059e   0x00000002   PAD
    0x000005a0   0x000005a0   0x00000174   Code   RO         1069    i.GPIOTE_IRQHandler  nrf_drv_gpiote.o
    0x00000714   0x00000714   0x00000016   Code   RO         2000    i.HardFault_c_handler  hardfault_implementation.o
    0x0000072a   0x0000072a   0x00000002   PAD
    0x0000072c   0x0000072c   0x00000024   Code   RO         2001    i.HardFault_process  hardfault_implementation.o
    0x00000750   0x00000750   0x00000016   Code   RO         1741    i.NVIC_ClearPendingIRQ  app_timer.o
    0x00000766   0x00000766   0x00000016   Code   RO         1742    i.NVIC_EnableIRQ    app_timer.o
    0x0000077c   0x0000077c   0x00000016   Code   RO         1743    i.NVIC_SetPendingIRQ  app_timer.o
    0x00000792   0x00000792   0x00000020   Code   RO         1744    i.NVIC_SetPriority  app_timer.o
    0x000007b2   0x000007b2   0x00000002   PAD
    0x000007b4   0x000007b4   0x00000024   Code   RO         1745    i.RTC1_IRQHandler   app_timer.o
    0x000007d8   0x000007d8   0x00000004   Code   RO         1746    i.SWI0_EGU0_IRQHandler  app_timer.o
    0x000007dc   0x000007dc   0x00000004   Code   RO         3205    i.SWI2_EGU2_IRQHandler  nrf_sdh.o
    0x000007e0   0x000007e0   0x00000298   Code   RO         3418    i.SystemInit        system_nrf52.o
    0x00000a78   0x00000a78   0x0000001c   Code   RO         1316    i.UARTE0_UART0_IRQHandler  nrf_drv_uart.o
    0x00000a94   0x00000a94   0x0000000e   Code   RO         3524    i.__scatterload_copy  mc_w.l(handlers.o)
    0x00000aa2   0x00000aa2   0x00000002   Code   RO         3525    i.__scatterload_null  mc_w.l(handlers.o)
    0x00000aa4   0x00000aa4   0x0000000e   Code   RO         3526    i.__scatterload_zeroinit  mc_w.l(handlers.o)
    0x00000ab2   0x00000ab2   0x00000002   PAD
    0x00000ab4   0x00000ab4   0x00000024   Code   RO         3206    i.__sd_nvic_app_accessible_irq  nrf_sdh.o
    0x00000ad8   0x00000ad8   0x00000016   Code   RO         3207    i.__sd_nvic_is_app_accessible_priority  nrf_sdh.o
    0x00000aee   0x00000aee   0x00000006   Code   RO          398    i.alert_timer_handler  bsp.o
    0x00000af4   0x00000af4   0x0000003c   Code   RO          554    i.ant_channel_init  ant_channel_config.o
    0x00000b30   0x00000b30   0x00000060   Code   RO          985    i.ant_evt_handler   ant_state_indicator.o
    0x00000b90   0x00000b90   0x0000001c   Code   RO            4    i.ant_hrm_evt_handler  main.o
    0x00000bac   0x00000bac   0x00000058   Code   RO          593    i.ant_hrm_init      ant_hrm.o
    0x00000c04   0x00000c04   0x0000001e   Code   RO          679    i.ant_hrm_page_0_encode  ant_hrm_page_0.o
    0x00000c22   0x00000c22   0x00000012   Code   RO          723    i.ant_hrm_page_1_encode  ant_hrm_page_1.o
    0x00000c34   0x00000c34   0x00000012   Code   RO          767    i.ant_hrm_page_2_encode  ant_hrm_page_2.o
    0x00000c46   0x00000c46   0x00000012   Code   RO          807    i.ant_hrm_page_3_encode  ant_hrm_page_3.o
    0x00000c58   0x00000c58   0x00000012   Code   RO          847    i.ant_hrm_page_4_encode  ant_hrm_page_4.o
    0x00000c6a   0x00000c6a   0x0000001c   Code   RO          594    i.ant_hrm_sens_evt_handler  ant_hrm.o
    0x00000c86   0x00000c86   0x0000002a   Code   RO          595    i.ant_hrm_sens_init  ant_hrm.o
    0x00000cb0   0x00000cb0   0x00000040   Code   RO          596    i.ant_hrm_sens_open  ant_hrm.o
    0x00000cf0   0x00000cf0   0x00000012   Code   RO          886    i.ant_hrm_simulator_decrement  ant_hrm_simulator.o
    0x00000d02   0x00000d02   0x00000012   Code   RO          887    i.ant_hrm_simulator_increment  ant_hrm_simulator.o
    0x00000d14   0x00000d14   0x0000002a   Code   RO          888    i.ant_hrm_simulator_init  ant_hrm_simulator.o
    0x00000d3e   0x00000d3e   0x0000007c   Code   RO          889    i.ant_hrm_simulator_one_iteration  ant_hrm_simulator.o
    0x00000dba   0x00000dba   0x0000001c   Code   RO          597    i.ant_message_send  ant_hrm.o
    0x00000dd6   0x00000dd6   0x00000002   PAD
    0x00000dd8   0x00000dd8   0x0000000c   Code   RO          946    i.ant_plus_key_set  ant_key_manager.o
    0x00000de4   0x00000de4   0x00000020   Code   RO          986    i.ant_state_indicator_channel_opened  ant_state_indicator.o
    0x00000e04   0x00000e04   0x00000010   Code   RO          987    i.ant_state_indicator_init  ant_state_indicator.o
    0x00000e14   0x00000e14   0x00000024   Code   RO         1552    i.app_button_enable  app_button.o
    0x00000e38   0x00000e38   0x00000070   Code   RO         1553    i.app_button_init   app_button.o
    0x00000ea8   0x00000ea8   0x00000078   Code   RO         1653    i.app_error_fault_handler  app_error_weak.o
    0x00000f20   0x00000f20   0x00000016   Code   RO         1614    i.app_error_handler_bare  app_error.o
    0x00000f36   0x00000f36   0x00000002   PAD
    0x00000f38   0x00000f38   0x00000010   Code   RO            5    i.app_tick_handler  main.o
    0x00000f48   0x00000f48   0x00000024   Code   RO         1749    i.app_timer_create  app_timer.o
    0x00000f6c   0x00000f6c   0x00000054   Code   RO         1750    i.app_timer_init    app_timer.o
    0x00000fc0   0x00000fc0   0x00000088   Code   RO         1753    i.app_timer_start   app_timer.o
    0x00001048   0x00001048   0x00000020   Code   RO         1754    i.app_timer_stop    app_timer.o
    0x00001068   0x00001068   0x00000048   Code   RO         1910    i.app_util_critical_region_enter  app_util_platform.o
    0x000010b0   0x000010b0   0x00000034   Code   RO         1911    i.app_util_critical_region_exit  app_util_platform.o
    0x000010e4   0x000010e4   0x000000b8   Code   RO         1317    i.apply_config      nrf_drv_uart.o
    0x0000119c   0x0000119c   0x00000024   Code   RO          293    i.bsp_board_led_invert  boards.o
    0x000011c0   0x000011c0   0x00000010   Code   RO          294    i.bsp_board_led_off  boards.o
    0x000011d0   0x000011d0   0x00000010   Code   RO          295    i.bsp_board_led_on  boards.o
    0x000011e0   0x000011e0   0x00000020   Code   RO          296    i.bsp_board_led_state_get  boards.o
    0x00001200   0x00001200   0x0000002c   Code   RO          297    i.bsp_board_leds_init  boards.o
    0x0000122c   0x0000122c   0x00000012   Code   RO          298    i.bsp_board_leds_off  boards.o
    0x0000123e   0x0000123e   0x00000012   Code   RO          299    i.bsp_board_leds_on  boards.o
    0x00001250   0x00001250   0x00000024   Code   RO          300    i.bsp_board_pin_to_button_idx  boards.o
    0x00001274   0x00001274   0x00000090   Code   RO          399    i.bsp_button_event_handler  bsp.o
    0x00001304   0x00001304   0x00000044   Code   RO          403    i.bsp_event_to_button_action_assign  bsp.o
    0x00001348   0x00001348   0x0000001c   Code   RO            6    i.bsp_evt_handler   main.o
    0x00001364   0x00001364   0x00000018   Code   RO          404    i.bsp_indication_set  bsp.o
    0x0000137c   0x0000137c   0x00000094   Code   RO          405    i.bsp_init          bsp.o
    0x00001410   0x00001410   0x000001b8   Code   RO          406    i.bsp_led_indication  bsp.o
    0x000015c8   0x000015c8   0x00000064   Code   RO         2612    i.buf_prealloc      nrf_log_frontend.o
    0x0000162c   0x0000162c   0x0000001e   Code   RO         2146    i.buffer_add        nrf_fprintf_format.o
    0x0000164a   0x0000164a   0x00000002   PAD
    0x0000164c   0x0000164c   0x00000014   Code   RO         2613    i.buffer_is_empty   nrf_log_frontend.o
    0x00001660   0x00001660   0x00000008   Code   RO          409    i.button_timer_handler  bsp.o
    0x00001668   0x00001668   0x0000001c   Code   RO         1070    i.channel_free      nrf_drv_gpiote.o
    0x00001684   0x00001684   0x00000048   Code   RO         1071    i.channel_port_alloc  nrf_drv_gpiote.o
    0x000016cc   0x000016cc   0x00000010   Code   RO         1072    i.channel_port_get  nrf_drv_gpiote.o
    0x000016dc   0x000016dc   0x000000ac   Code   RO         1756    i.compare_reg_update  app_timer.o
    0x00001788   0x00001788   0x00000060   Code   RO         1555    i.detection_delay_timeout_handler  app_button.o
    0x000017e8   0x000017e8   0x00000040   Code   RO         1757    i.elapsed_ticks_acquire  app_timer.o
    0x00001828   0x00001828   0x00000058   Code   RO         1556    i.gpiote_event_handler  app_button.o
    0x00001880   0x00001880   0x000000a6   Code   RO         2147    i.int_print         nrf_fprintf_format.o
    0x00001926   0x00001926   0x00000002   PAD
    0x00001928   0x00001928   0x00000078   Code   RO         1318    i.interrupts_enable  nrf_drv_uart.o
    0x000019a0   0x000019a0   0x00000030   Code   RO          410    i.leds_off          bsp.o
    0x000019d0   0x000019d0   0x00000014   Code   RO          411    i.leds_timer_handler  bsp.o
    0x000019e4   0x000019e4   0x000000f8   Code   RO         1758    i.list_insertions_handler  app_timer.o
    0x00001adc   0x00001adc   0x00000094   Code   RO         2615    i.log_skip          nrf_log_frontend.o
    0x00001b70   0x00001b70   0x00000012   Code   RO          988    i.m_shutdown_handler  ant_state_indicator.o
    0x00001b82   0x00001b82   0x00000002   PAD
    0x00001b84   0x00001b84   0x00000058   Code   RO            7    i.main              main.o
    0x00001bdc   0x00001bdc   0x00000076   Code   RO         2187    i.memobj_op         nrf_memobj.o
    0x00001c52   0x00001c52   0x00000002   PAD
    0x00001c54   0x00001c54   0x00000034   Code   RO         2616    i.module_idx_get    nrf_log_frontend.o
    0x00001c88   0x00001c88   0x0000000e   Code   RO         2617    i.nrf_atomic_flag_set  nrf_log_frontend.o
    0x00001c96   0x00001c96   0x00000044   Code   RO         2062    i.nrf_balloc_alloc  nrf_balloc.o
    0x00001cda   0x00001cda   0x00000030   Code   RO         2063    i.nrf_balloc_free   nrf_balloc.o
    0x00001d0a   0x00001d0a   0x00000030   Code   RO         2064    i.nrf_balloc_init   nrf_balloc.o
    0x00001d3a   0x00001d3a   0x00000010   Code   RO         1073    i.nrf_bitmask_bit_is_set  nrf_drv_gpiote.o
    0x00001d4a   0x00001d4a   0x00000002   PAD
    0x00001d4c   0x00001d4c   0x0000008c   Code   RO         1759    i.nrf_delay_us      app_timer.o
    0x00001dd8   0x00001dd8   0x00000016   Code   RO         1319    i.nrf_drv_common_irq_disable  nrf_drv_uart.o
    0x00001dee   0x00001dee   0x00000038   Code   RO         1035    i.nrf_drv_common_irq_enable  nrf_drv_common.o
    0x00001e26   0x00001e26   0x00000006   Code   RO         1320    i.nrf_drv_get_IRQn  nrf_drv_uart.o
    0x00001e2c   0x00001e2c   0x000000a4   Code   RO         1078    i.nrf_drv_gpiote_in_event_enable  nrf_drv_gpiote.o
    0x00001ed0   0x00001ed0   0x000000b8   Code   RO         1079    i.nrf_drv_gpiote_in_init  nrf_drv_gpiote.o
    0x00001f88   0x00001f88   0x00000014   Code   RO         1080    i.nrf_drv_gpiote_in_is_set  nrf_drv_gpiote.o
    0x00001f9c   0x00001f9c   0x0000005c   Code   RO         1082    i.nrf_drv_gpiote_init  nrf_drv_gpiote.o
    0x00001ff8   0x00001ff8   0x00000014   Code   RO         1083    i.nrf_drv_gpiote_is_init  nrf_drv_gpiote.o
    0x0000200c   0x0000200c   0x00000010   Code   RO         1321    i.nrf_drv_is_in_RAM  nrf_drv_uart.o
    0x0000201c   0x0000201c   0x00000068   Code   RO         1323    i.nrf_drv_uart_init  nrf_drv_uart.o
    0x00002084   0x00002084   0x0000010c   Code   RO         1331    i.nrf_drv_uart_tx   nrf_drv_uart.o
    0x00002190   0x00002190   0x00000018   Code   RO         1333    i.nrf_drv_uart_tx_in_progress  nrf_drv_uart.o
    0x000021a8   0x000021a8   0x00000054   Code   RO         1334    i.nrf_drv_uart_uninit  nrf_drv_uart.o
    0x000021fc   0x000021fc   0x0000001a   Code   RO         2103    i.nrf_fprintf       nrf_fprintf.o
    0x00002216   0x00002216   0x00000018   Code   RO         2104    i.nrf_fprintf_buffer_flush  nrf_fprintf.o
    0x0000222e   0x0000222e   0x000001da   Code   RO         2148    i.nrf_fprintf_fmt   nrf_fprintf_format.o
    0x00002408   0x00002408   0x00000024   Code   RO          302    i.nrf_gpio_cfg      boards.o
    0x0000242c   0x0000242c   0x00000024   Code   RO         1097    i.nrf_gpio_cfg      nrf_drv_gpiote.o
    0x00002450   0x00002450   0x00000024   Code   RO         1335    i.nrf_gpio_cfg      nrf_drv_uart.o
    0x00002474   0x00002474   0x00000012   Code   RO         1336    i.nrf_gpio_cfg_default  nrf_drv_uart.o
    0x00002486   0x00002486   0x00000012   Code   RO         1337    i.nrf_gpio_cfg_input  nrf_drv_uart.o
    0x00002498   0x00002498   0x00000014   Code   RO         1338    i.nrf_gpio_cfg_output  nrf_drv_uart.o
    0x000024ac   0x000024ac   0x00000022   Code   RO         1099    i.nrf_gpio_cfg_sense_set  nrf_drv_gpiote.o
    0x000024ce   0x000024ce   0x00000016   Code   RO          303    i.nrf_gpio_pin_write  boards.o
    0x000024e4   0x000024e4   0x00000028   Code   RO         1100    i.nrf_gpio_ports_read  nrf_drv_gpiote.o
    0x0000250c   0x0000250c   0x00000014   Code   RO         1101    i.nrf_gpiote_event_clear  nrf_drv_gpiote.o
    0x00002520   0x00002520   0x00000010   Code   RO         1102    i.nrf_gpiote_event_is_set  nrf_drv_gpiote.o
    0x00002530   0x00002530   0x00000050   Code   RO         2618    i.nrf_log_backend_add  nrf_log_frontend.o
    0x00002580   0x00002580   0x000000d2   Code   RO         2466    i.nrf_log_backend_serial_put  nrf_log_backend_serial.o
    0x00002652   0x00002652   0x00000002   Code   RO         2506    i.nrf_log_backend_uart_flush  nrf_log_backend_uart.o
    0x00002654   0x00002654   0x00000006   Code   RO         2507    i.nrf_log_backend_uart_init  nrf_log_backend_uart.o
    0x0000265a   0x0000265a   0x00000002   PAD
    0x0000265c   0x0000265c   0x00000018   Code   RO         2508    i.nrf_log_backend_uart_panic_set  nrf_log_backend_uart.o
    0x00002674   0x00002674   0x00000018   Code   RO         2509    i.nrf_log_backend_uart_put  nrf_log_backend_uart.o
    0x0000268c   0x0000268c   0x00000030   Code   RO         2620    i.nrf_log_color_id_get  nrf_log_frontend.o
    0x000026bc   0x000026bc   0x0000001c   Code   RO         2578    i.nrf_log_default_backends_init  nrf_log_default_backends.o
    0x000026d8   0x000026d8   0x000001f0   Code   RO         2621    i.nrf_log_frontend_dequeue  nrf_log_frontend.o
    0x000028c8   0x000028c8   0x00000008   Code   RO         2623    i.nrf_log_frontend_std_0  nrf_log_frontend.o
    0x000028d0   0x000028d0   0x0000000e   Code   RO         2624    i.nrf_log_frontend_std_1  nrf_log_frontend.o
    0x000028de   0x000028de   0x00000010   Code   RO         2625    i.nrf_log_frontend_std_2  nrf_log_frontend.o
    0x000028ee   0x000028ee   0x00000014   Code   RO         2627    i.nrf_log_frontend_std_4  nrf_log_frontend.o
    0x00002902   0x00002902   0x00000002   PAD
    0x00002904   0x00002904   0x000000ac   Code   RO         2803    i.nrf_log_hexdump_entry_process  nrf_log_str_formatter.o
    0x000029b0   0x000029b0   0x0000005c   Code   RO         2630    i.nrf_log_init      nrf_log_frontend.o
    0x00002a0c   0x00002a0c   0x00000014   Code   RO         2631    i.nrf_log_module_cnt_get  nrf_log_frontend.o
    0x00002a20   0x00002a20   0x0000001c   Code   RO         2634    i.nrf_log_module_name_get  nrf_log_frontend.o
    0x00002a3c   0x00002a3c   0x00000028   Code   RO         2635    i.nrf_log_panic     nrf_log_frontend.o
    0x00002a64   0x00002a64   0x000000b6   Code   RO         2804    i.nrf_log_std_entry_process  nrf_log_str_formatter.o
    0x00002b1a   0x00002b1a   0x00000060   Code   RO         2188    i.nrf_memobj_alloc  nrf_memobj.o
    0x00002b7a   0x00002b7a   0x00000032   Code   RO         2189    i.nrf_memobj_free   nrf_memobj.o
    0x00002bac   0x00002bac   0x0000000e   Code   RO         2190    i.nrf_memobj_get    nrf_memobj.o
    0x00002bba   0x00002bba   0x00000004   Code   RO         2191    i.nrf_memobj_pool_init  nrf_memobj.o
    0x00002bbe   0x00002bbe   0x00000022   Code   RO         2192    i.nrf_memobj_put    nrf_memobj.o
    0x00002be0   0x00002be0   0x0000000c   Code   RO         2193    i.nrf_memobj_read   nrf_memobj.o
    0x00002bec   0x00002bec   0x0000000c   Code   RO         2194    i.nrf_memobj_write  nrf_memobj.o
    0x00002bf8   0x00002bf8   0x00000002   Code   RO         2275    i.nrf_pwr_mgmt_feed  nrf_pwr_mgmt.o
    0x00002bfa   0x00002bfa   0x00000002   PAD
    0x00002bfc   0x00002bfc   0x00000028   Code   RO         2276    i.nrf_pwr_mgmt_init  nrf_pwr_mgmt.o
    0x00002c24   0x00002c24   0x00000044   Code   RO         2277    i.nrf_pwr_mgmt_run  nrf_pwr_mgmt.o
    0x00002c68   0x00002c68   0x00000040   Code   RO         2278    i.nrf_pwr_mgmt_shutdown  nrf_pwr_mgmt.o
    0x00002ca8   0x00002ca8   0x00000014   Code   RO         3336    i.nrf_sdh_ant_enable  nrf_sdh_ant.o
    0x00002cbc   0x00002cbc   0x0000004c   Code   RO         3337    i.nrf_sdh_ant_evts_poll  nrf_sdh_ant.o
    0x00002d08   0x00002d08   0x00000098   Code   RO         3209    i.nrf_sdh_enable_request  nrf_sdh.o
    0x00002da0   0x00002da0   0x00000024   Code   RO         3210    i.nrf_sdh_evts_poll  nrf_sdh.o
    0x00002dc4   0x00002dc4   0x0000000c   Code   RO         3211    i.nrf_sdh_is_enabled  nrf_sdh.o
    0x00002dd0   0x00002dd0   0x0000003c   Code   RO         3375    i.nrf_sdh_soc_evts_poll  nrf_sdh_soc.o
    0x00002e0c   0x00002e0c   0x0000000a   Code   RO         2351    i.nrf_section_iter_init  nrf_section_iter.o
    0x00002e16   0x00002e16   0x00000024   Code   RO         2352    i.nrf_section_iter_item_set  nrf_section_iter.o
    0x00002e3a   0x00002e3a   0x00000020   Code   RO         2353    i.nrf_section_iter_next  nrf_section_iter.o
    0x00002e5a   0x00002e5a   0x0000000a   Code   RO         1339    i.nrf_uart_event_check  nrf_drv_uart.o
    0x00002e64   0x00002e64   0x0000000c   Code   RO         1340    i.nrf_uart_event_clear  nrf_drv_uart.o
    0x00002e70   0x00002e70   0x0000000c   Code   RO         1341    i.nrf_uart_int_enable_check  nrf_drv_uart.o
    0x00002e7c   0x00002e7c   0x0000000a   Code   RO         1342    i.nrf_uarte_event_check  nrf_drv_uart.o
    0x00002e86   0x00002e86   0x0000000c   Code   RO         1343    i.nrf_uarte_event_clear  nrf_drv_uart.o
    0x00002e92   0x00002e92   0x00000002   PAD
    0x00002e94   0x00002e94   0x000000d4   Code   RO          680    i.page0_data_log    ant_hrm_page_0.o
    0x00002f68   0x00002f68   0x0000008c   Code   RO          724    i.page1_data_log    ant_hrm_page_1.o
    0x00002ff4   0x00002ff4   0x00000080   Code   RO          768    i.page2_data_log    ant_hrm_page_2.o
    0x00003074   0x00003074   0x000000b4   Code   RO          808    i.page3_data_log    ant_hrm_page_3.o
    0x00003128   0x00003128   0x00000060   Code   RO          848    i.page4_data_log    ant_hrm_page_4.o
    0x00003188   0x00003188   0x00000018   Code   RO         1103    i.pin_in_use_by_port  nrf_drv_gpiote.o
    0x000031a0   0x000031a0   0x00000018   Code   RO         1104    i.pin_in_use_by_te  nrf_drv_gpiote.o
    0x000031b8   0x000031b8   0x00000078   Code   RO         1344    i.pins_to_default   nrf_drv_uart.o
    0x00003230   0x00003230   0x0000003c   Code   RO         2805    i.postfix_process   nrf_log_str_formatter.o
    0x0000326c   0x0000326c   0x0000005c   Code   RO         2806    i.prefix_process    nrf_log_str_formatter.o
    0x000032c8   0x000032c8   0x00000050   Code   RO            8    i.profile_setup     main.o
    0x00003318   0x00003318   0x0000003c   Code   RO         1760    i.rtc1_stop         app_timer.o
    0x00003354   0x00003354   0x00000032   Code   RO         1345    i.rx_byte           nrf_drv_uart.o
    0x00003386   0x00003386   0x00000018   Code   RO         1346    i.rx_done_event     nrf_drv_uart.o
    0x0000339e   0x0000339e   0x00000042   Code   RO         3216    i.sd_nvic_SetPriority  nrf_sdh.o
    0x000033e0   0x000033e0   0x00000030   Code   RO         3217    i.sdh_request_observer_notify  nrf_sdh.o
    0x00003410   0x00003410   0x0000002c   Code   RO         3218    i.sdh_state_observer_notify  nrf_sdh.o
    0x0000343c   0x0000343c   0x000000e0   Code   RO          599    i.sens_message_encode  ant_hrm.o
    0x0000351c   0x0000351c   0x0000001c   Code   RO         2416    i.sensorsim_decrement  sensorsim.o
    0x00003538   0x00003538   0x0000001c   Code   RO         2417    i.sensorsim_increment  sensorsim.o
    0x00003554   0x00003554   0x00000016   Code   RO         2418    i.sensorsim_init    sensorsim.o
    0x0000356a   0x0000356a   0x0000001a   Code   RO         2419    i.sensorsim_measure  sensorsim.o
    0x00003584   0x00003584   0x00000028   Code   RO         2510    i.serial_tx         nrf_log_backend_uart.o
    0x000035ac   0x000035ac   0x0000007c   Code   RO         2279    i.shutdown_process  nrf_pwr_mgmt.o
    0x00003628   0x00003628   0x00000050   Code   RO         3220    i.softdevices_evt_irq_enable  nrf_sdh.o
    0x00003678   0x00003678   0x00000090   Code   RO         2637    i.std_n             nrf_log_frontend.o
    0x00003708   0x00003708   0x00000080   Code   RO         1761    i.timer_list_handler  app_timer.o
    0x00003788   0x00003788   0x0000003c   Code   RO         1762    i.timer_list_insert  app_timer.o
    0x000037c4   0x000037c4   0x00000060   Code   RO         1763    i.timer_list_remove  app_timer.o
    0x00003824   0x00003824   0x00000048   Code   RO         1764    i.timer_stop_op_schedule  app_timer.o
    0x0000386c   0x0000386c   0x00000074   Code   RO         1765    i.timer_timeouts_check  app_timer.o
    0x000038e0   0x000038e0   0x00000020   Code   RO         1348    i.tx_byte           nrf_drv_uart.o
    0x00003900   0x00003900   0x0000001c   Code   RO         1349    i.tx_done_event     nrf_drv_uart.o
    0x0000391c   0x0000391c   0x0000000c   Code   RO         2511    i.uart_evt_handler  nrf_log_backend_uart.o
    0x00003928   0x00003928   0x00000050   Code   RO         2512    i.uart_init         nrf_log_backend_uart.o
    0x00003978   0x00003978   0x0000011e   Code   RO         1350    i.uart_irq_handler  nrf_drv_uart.o
    0x00003a96   0x00003a96   0x000000f0   Code   RO         1351    i.uarte_irq_handler  nrf_drv_uart.o
    0x00003b86   0x00003b86   0x00000002   PAD
    0x00003b88   0x00003b88   0x000000b4   Code   RO         2149    i.unsigned_print    nrf_fprintf_format.o
    0x00003c3c   0x00003c3c   0x00000030   Code   RO         1766    i.user_op_alloc     app_timer.o
    0x00003c6c   0x00003c6c   0x00000080   Code   RO            9    i.utils_setup       main.o
    0x00003cec   0x00003cec   0x00000030   Data   RO           12    .constdata          main.o
    0x00003d1c   0x00003d1c   0x00000008   Data   RO          304    .constdata          boards.o
    0x00003d24   0x00003d24   0x0000002c   Data   RO          417    .constdata          bsp.o
    0x00003d50   0x00003d50   0x00000004   Data   RO         1106    .constdata          nrf_drv_gpiote.o
    0x00003d54   0x00003d54   0x00000008   Data   RO         1558    .constdata          app_button.o
    0x00003d5c   0x00003d5c   0x00000010   Data   RO         2150    .constdata          nrf_fprintf_format.o
    0x00003d6c   0x00003d6c   0x00000018   Data   RO         2281    .constdata          nrf_pwr_mgmt.o
    0x00003d84   0x00003d84   0x0000000c   Data   RO         2282    .constdata          nrf_pwr_mgmt.o
    0x00003d90   0x00003d90   0x0000000c   Data   RO         2514    .constdata          nrf_log_backend_uart.o
    0x00003d9c   0x00003d9c   0x00000020   Data   RO         2515    .constdata          nrf_log_backend_uart.o
    0x00003dbc   0x00003dbc   0x00000014   Data   RO         2640    .constdata          nrf_log_frontend.o
    0x00003dd0   0x00003dd0   0x00000010   Data   RO         3221    .constdata          nrf_sdh.o
    0x00003de0   0x00003de0   0x00000028   Data   RO         3222    .constdata          nrf_sdh.o
    0x00003e08   0x00003e08   0x00000010   Data   RO         3223    .constdata          nrf_sdh.o
    0x00003e18   0x00003e18   0x00000010   Data   RO         3224    .constdata          nrf_sdh.o
    0x00003e28   0x00003e28   0x00000010   Data   RO         3339    .constdata          nrf_sdh_ant.o
    0x00003e38   0x00003e38   0x00000018   Data   RO         3340    .constdata          nrf_sdh_ant.o
    0x00003e50   0x00003e50   0x00000010   Data   RO         3376    .constdata          nrf_sdh_soc.o
    0x00003e60   0x00003e60   0x0000000c   Data   RO         3377    .constdata          nrf_sdh_soc.o
    0x00003e6c   0x00003e6c   0x00000081   Data   RO         3461    .constdata          mc_w.l(ctype_o.o)
    0x00003eed   0x00003eed   0x00000003   PAD
    0x00003ef0   0x00003ef0   0x00000004   Data   RO         3462    .constdata          mc_w.l(ctype_o.o)
    0x00003ef4   0x00003ef4   0x00000066   Data   RO         2807    .conststring        nrf_log_str_formatter.o
    0x00003f5a   0x00003f5a   0x00000002   PAD
    0x00003f5c   0x00003f5c   0x00000008   Data   RO          600    .conststrlit        ant_hrm.o
    0x00003f64   0x00003f64   0x0000000f   Data   RO          681    .conststrlit        ant_hrm_page_0.o
    0x00003f73   0x00003f73   0x00000001   PAD
    0x00003f74   0x00003f74   0x0000000f   Data   RO          725    .conststrlit        ant_hrm_page_1.o
    0x00003f83   0x00003f83   0x00000001   PAD
    0x00003f84   0x00003f84   0x0000000f   Data   RO          769    .conststrlit        ant_hrm_page_2.o
    0x00003f93   0x00003f93   0x00000001   PAD
    0x00003f94   0x00003f94   0x0000000f   Data   RO          809    .conststrlit        ant_hrm_page_3.o
    0x00003fa3   0x00003fa3   0x00000001   PAD
    0x00003fa4   0x00003fa4   0x0000000f   Data   RO          849    .conststrlit        ant_hrm_page_4.o
    0x00003fb3   0x00003fb3   0x00000001   PAD
    0x00003fb4   0x00003fb4   0x00000007   Data   RO         1110    .conststrlit        nrf_drv_gpiote.o
    0x00003fbb   0x00003fbb   0x00000001   PAD
    0x00003fbc   0x00003fbc   0x00000005   Data   RO         1353    .conststrlit        nrf_drv_uart.o
    0x00003fc1   0x00003fc1   0x00000003   PAD
    0x00003fc4   0x00003fc4   0x0000000a   Data   RO         2002    .conststrlit        hardfault_implementation.o
    0x00003fce   0x00003fce   0x00000002   PAD
    0x00003fd0   0x00003fd0   0x00000007   Data   RO         2065    .conststrlit        nrf_balloc.o
    0x00003fd7   0x00003fd7   0x00000001   PAD
    0x00003fd8   0x00003fd8   0x00000009   Data   RO         2283    .conststrlit        nrf_pwr_mgmt.o
    0x00003fe1   0x00003fe1   0x00000003   PAD
    0x00003fe4   0x00003fe4   0x00000004   Data   RO         2642    .conststrlit        nrf_log_frontend.o
    0x00003fe8   0x00003fe8   0x00000008   Data   RO         3225    .conststrlit        nrf_sdh.o
    0x00003ff0   0x00003ff0   0x0000000c   Data   RO         3341    .conststrlit        nrf_sdh_ant.o
    0x00003ffc   0x00003ffc   0x0000000c   Data   RO         3378    .conststrlit        nrf_sdh_soc.o
    0x00004008   0x00004008   0x00000020   Data   RO         3522    Region$$Table       anon$$obj.o
    0x00004028   0x00004028   0x00000008   Data   RO          601    log_const_data      ant_hrm.o
    0x00004030   0x00004030   0x00000008   Data   RO          682    log_const_data      ant_hrm_page_0.o
    0x00004038   0x00004038   0x00000008   Data   RO          726    log_const_data      ant_hrm_page_1.o
    0x00004040   0x00004040   0x00000008   Data   RO          770    log_const_data      ant_hrm_page_2.o
    0x00004048   0x00004048   0x00000008   Data   RO          810    log_const_data      ant_hrm_page_3.o
    0x00004050   0x00004050   0x00000008   Data   RO          850    log_const_data      ant_hrm_page_4.o
    0x00004058   0x00004058   0x00000008   Data   RO         1111    log_const_data      nrf_drv_gpiote.o
    0x00004060   0x00004060   0x00000008   Data   RO         1354    log_const_data      nrf_drv_uart.o
    0x00004068   0x00004068   0x00000008   Data   RO         2003    log_const_data      hardfault_implementation.o
    0x00004070   0x00004070   0x00000008   Data   RO         2066    log_const_data      nrf_balloc.o
    0x00004078   0x00004078   0x00000008   Data   RO         2285    log_const_data      nrf_pwr_mgmt.o
    0x00004080   0x00004080   0x00000008   Data   RO         2646    log_const_data      nrf_log_frontend.o
    0x00004088   0x00004088   0x00000008   Data   RO         3227    log_const_data      nrf_sdh.o
    0x00004090   0x00004090   0x00000008   Data   RO         3342    log_const_data      nrf_sdh_ant.o
    0x00004098   0x00004098   0x00000008   Data   RO         3379    log_const_data      nrf_sdh_soc.o
    0x000040a0   0x000040a0   0x00000004   Data   RO          990    pwr_mgmt_data1      ant_state_indicator.o
    0x000040a4   0x000040a4   0x00000008   Data   RO           14    sdh_ant_observers1  main.o
    0x000040ac   0x000040ac   0x00000008   Data   RO          991    sdh_ant_observers1  ant_state_indicator.o
    0x000040b4   0x000040b4   0x00000008   Data   RO         3344    sdh_stack_observers0  nrf_sdh_ant.o
    0x000040bc   0x000040bc   0x00000008   Data   RO         3381    sdh_stack_observers0  nrf_sdh_soc.o


    Execution Region RW_IRAM1 (Exec base: 0x20000000, Load base: 0x000040c4, Size: 0x000029b0, Max: 0x00008000, ABSOLUTE, COMPRESSED[0x0000003c])

    Exec Addr    Load Addr    Size         Type   Attr      Idx    E Section Name        Object

    0x20000000   COMPRESSED   0x00000005   Data   RW           13    .data               main.o
    0x20000005   COMPRESSED   0x00000003   PAD
    0x20000008   COMPRESSED   0x00000010   Data   RW          418    .data               bsp.o
    0x20000018   COMPRESSED   0x00000010   Data   RW          947    .data               ant_key_manager.o
    0x20000028   COMPRESSED   0x00000002   Data   RW          989    .data               ant_state_indicator.o
    0x2000002a   COMPRESSED   0x00000002   PAD
    0x2000002c   COMPRESSED   0x00000014   Data   RW         1559    .data               app_button.o
    0x20000040   COMPRESSED   0x00000014   Data   RW         1768    .data               app_timer.o
    0x20000054   COMPRESSED   0x00000008   Data   RW         2284    .data               nrf_pwr_mgmt.o
    0x2000005c   COMPRESSED   0x0000000c   Data   RW         2516    .data               nrf_log_backend_uart.o
    0x20000068   COMPRESSED   0x0000000c   Data   RW         2579    .data               nrf_log_default_backends.o
    0x20000074   COMPRESSED   0x00000008   Data   RW         2644    .data               nrf_log_frontend.o
    0x2000007c   COMPRESSED   0x00000008   Data   RW         2645    .data               nrf_log_frontend.o
    0x20000084   COMPRESSED   0x00000038   Data   RW         2808    .data               nrf_log_str_formatter.o
    0x200000bc   COMPRESSED   0x00000003   Data   RW         3226    .data               nrf_sdh.o
    0x200000bf   COMPRESSED   0x00000001   PAD
    0x200000c0   COMPRESSED   0x00000004   Data   RW         3419    .data               system_nrf52.o
    0x200000c4   COMPRESSED   0x0000000c   Data   RW          602    log_dynamic_data    ant_hrm.o
    0x200000d0   COMPRESSED   0x0000000c   Data   RW          683    log_dynamic_data    ant_hrm_page_0.o
    0x200000dc   COMPRESSED   0x0000000c   Data   RW          727    log_dynamic_data    ant_hrm_page_1.o
    0x200000e8   COMPRESSED   0x0000000c   Data   RW          771    log_dynamic_data    ant_hrm_page_2.o
    0x200000f4   COMPRESSED   0x0000000c   Data   RW          811    log_dynamic_data    ant_hrm_page_3.o
    0x20000100   COMPRESSED   0x0000000c   Data   RW          851    log_dynamic_data    ant_hrm_page_4.o
    0x2000010c   COMPRESSED   0x0000000c   Data   RW         1112    log_dynamic_data    nrf_drv_gpiote.o
    0x20000118   COMPRESSED   0x0000000c   Data   RW         1355    log_dynamic_data    nrf_drv_uart.o
    0x20000124   COMPRESSED   0x0000000c   Data   RW         2004    log_dynamic_data    hardfault_implementation.o
    0x20000130   COMPRESSED   0x0000000c   Data   RW         2067    log_dynamic_data    nrf_balloc.o
    0x2000013c   COMPRESSED   0x0000000c   Data   RW         2286    log_dynamic_data    nrf_pwr_mgmt.o
    0x20000148   COMPRESSED   0x0000000c   Data   RW         2647    log_dynamic_data    nrf_log_frontend.o
    0x20000154   COMPRESSED   0x0000000c   Data   RW         3228    log_dynamic_data    nrf_sdh.o
    0x20000160   COMPRESSED   0x0000000c   Data   RW         3343    log_dynamic_data    nrf_sdh_ant.o
    0x2000016c   COMPRESSED   0x0000000c   Data   RW         3380    log_dynamic_data    nrf_sdh_soc.o
    0x20000178        -       0x00000020   Zero   RW           10    .bss                main.o
    0x20000198        -       0x00000050   Zero   RW           11    .bss                main.o
    0x200001e8        -       0x00000020   Zero   RW          413    .bss                bsp.o
    0x20000208        -       0x00000020   Zero   RW          414    .bss                bsp.o
    0x20000228        -       0x0000000c   Zero   RW          415    .bss                bsp.o
    0x20000234        -       0x00000020   Zero   RW          416    .bss                bsp.o
    0x20000254        -       0x00000058   Zero   RW         1105    .bss                nrf_drv_gpiote.o
    0x200002ac        -       0x00000020   Zero   RW         1352    .bss                nrf_drv_uart.o
    0x200002cc        -       0x00000020   Zero   RW         1557    .bss                app_button.o
    0x200002ec        -       0x0000010c   Zero   RW         1767    .bss                app_timer.o
    0x200003f8        -       0x0000000c   Zero   RW         1916    .bss                app_util_platform.o
    0x20000404        -       0x0000000c   Zero   RW         2280    .bss                nrf_pwr_mgmt.o
    0x20000410        -       0x00000040   Zero   RW         2513    .bss                nrf_log_backend_uart.o
    0x20000450        -       0x000000c0   Zero   RW         2638    .bss                nrf_log_frontend.o
    0x20000510        -       0x00000420   Zero   RW         2639    .bss                nrf_log_frontend.o
    0x20000930        -       0x00000080   Zero   RW         3338    .bss                nrf_sdh_ant.o
    0x200009b0        -       0x00002000   Zero   RW         3407    STACK               arm_startup_nrf52.o


==============================================================================

Image component sizes


      Code (inc. data)   RO Data    RW Data    ZI Data      Debug   Object Name

        60          0          0          0          0       6875   ant_channel_config.o
       474         94         16         12          0      14423   ant_hrm.o
       242        134         23         12          0       3370   ant_hrm_page_0.o
       158         66         23         12          0      24450   ant_hrm_page_1.o
       146         88         23         12          0       3214   ant_hrm_page_2.o
       198        126         23         12          0       3174   ant_hrm_page_3.o
       114         54         23         12          0       3234   ant_hrm_page_4.o
       202          0          0          0          0       6759   ant_hrm_simulator.o
        12          6          0         16          0       2019   ant_key_manager.o
       162         14         12          2          0       6408   ant_state_indicator.o
       332         34          8         20         32      10598   app_button.o
        22          0          0          0          0       2213   app_error.o
       120         40          0          0          0      30709   app_error_weak.o
      1630        122          0         20        268      48871   app_timer.o
       124         14          0          0         12       9818   app_util_platform.o
        36          8        512          0       8192        964   arm_startup_nrf52.o
       274         32          8          0          0      12493   boards.o
       906         84         44         16        108      14184   bsp.o
        52         14          0          0          0        676   hardfault_handler_keil.o
        58         10         18         12          0       3166   hardfault_implementation.o
       368         52         56          5        112      99523   main.o
       164          0         15         12          0       4193   nrf_balloc.o
        56          0          0          0          0      29355   nrf_drv_common.o
      1178         84         19         12         88      37210   nrf_drv_gpiote.o
      1784         60         13         12         32      69057   nrf_drv_uart.o
        50          0          0          0          0       3737   nrf_fprintf.o
       850          4         16          0          0       5734   nrf_fprintf_format.o
       210          0          0          0          0      11427   nrf_log_backend_serial.o
       188         34         44         12         64      12926   nrf_log_backend_uart.o
        28          6          0         12          0       3403   nrf_log_default_backends.o
      1494         88         32         28       1248      33356   nrf_log_frontend.o
       506         66        102         56          0       5924   nrf_log_str_formatter.o
       494          0          0          0          0      13723   nrf_memobj.o
       452         42         53         20         12      42939   nrf_pwr_mgmt.o
       500         86        104         15          0      48839   nrf_sdh.o
        96         10         68         12        128       3617   nrf_sdh_ant.o
        60          4         56         12          0       4456   nrf_sdh_soc.o
        78          0          0          0          0       2996   nrf_section_iter.o
       104          0          0          0          0       3683   sensorsim.o
       664         54          0          4          0       2903   system_nrf52.o

    ----------------------------------------------------------------------
     14680       1530       1360        376      10296     646619   Object Totals
         0          0         32          0          0          0   (incl. Generated)
        34          0         17          6          0          0   (incl. Padding)

    ----------------------------------------------------------------------

      Code (inc. data)   RO Data    RW Data    ZI Data      Debug   Library Member Name

        58          0          0          0          0          0   __dczerorl.o
         8          4        133          0          0         68   ctype_o.o
         0          0          0          0          0          0   entry.o
         0          0          0          0          0          0   entry10a.o
         0          0          0          0          0          0   entry11a.o
         8          4          0          0          0          0   entry2.o
         4          0          0          0          0          0   entry5.o
         0          0          0          0          0          0   entry7b.o
         0          0          0          0          0          0   entry8b.o
         8          4          0          0          0          0   entry9a.o
        30          0          0          0          0          0   handlers.o
        36          8          0          0          0         68   init.o
        30          0          0          0          0         68   llshl.o
        32          0          0          0          0         68   llushr.o
        36          0          0          0          0         68   memcpya.o
        36          0          0          0          0        108   memseta.o
        14          0          0          0          0         68   strlen.o
        98          0          0          0          0         92   uldiv.o

    ----------------------------------------------------------------------
       404         20        136          0          0        608   Library Totals
         6          0          3          0          0          0   (incl. Padding)

    ----------------------------------------------------------------------

      Code (inc. data)   RO Data    RW Data    ZI Data      Debug   Library Name

       398         20        133          0          0        608   mc_w.l

    ----------------------------------------------------------------------
       404         20        136          0          0        608   Library Totals

    ----------------------------------------------------------------------

==============================================================================


      Code (inc. data)   RO Data    RW Data    ZI Data      Debug   

     15084       1550       1496        376      10296     627755   Grand Totals
     15084       1550       1496         60      10296     627755   ELF Image Totals (compressed)
     15084       1550       1496         60          0          0   ROM Totals

==============================================================================

    Total RO  Size (Code + RO Data)                16580 (  16.19kB)
    Total RW  Size (RW Data + ZI Data)             10672 (  10.42kB)
    Total ROM Size (Code + RO Data + RW Data)      16640 (  16.25kB)

==============================================================================

